Archive member included to satisfy reference by file (symbol)

/usr/lib/gcc/arm-none-eabi/10.3.1/thumb/v6-m/nofp/libgcc.a(_dvmd_tls.o)
                              CMakeFiles/dev_hid_composite.dir/home/sdk/pico-sdk/src/rp2_common/pico_divider/divider.S.obj (__aeabi_idiv0)
/usr/lib/gcc/arm-none-eabi/10.3.1/../../../arm-none-eabi/lib/thumb/v6-m/nofp/libc.a(lib_a-atexit.o)
                              /usr/lib/gcc/arm-none-eabi/10.3.1/../../../arm-none-eabi/lib/thumb/v6-m/nofp/crt0.o (atexit)
/usr/lib/gcc/arm-none-eabi/10.3.1/../../../arm-none-eabi/lib/thumb/v6-m/nofp/libc.a(lib_a-calloc.o)
                              CMakeFiles/dev_hid_composite.dir/home/sdk/pico-sdk/src/rp2_common/pico_malloc/pico_malloc.c.obj (calloc)
/usr/lib/gcc/arm-none-eabi/10.3.1/../../../arm-none-eabi/lib/thumb/v6-m/nofp/libc.a(lib_a-callocr.o)
                              /usr/lib/gcc/arm-none-eabi/10.3.1/../../../arm-none-eabi/lib/thumb/v6-m/nofp/libc.a(lib_a-calloc.o) (_calloc_r)
/usr/lib/gcc/arm-none-eabi/10.3.1/../../../arm-none-eabi/lib/thumb/v6-m/nofp/libc.a(lib_a-fini.o)
                              /usr/lib/gcc/arm-none-eabi/10.3.1/../../../arm-none-eabi/lib/thumb/v6-m/nofp/crt0.o (__libc_fini_array)
/usr/lib/gcc/arm-none-eabi/10.3.1/../../../arm-none-eabi/lib/thumb/v6-m/nofp/libc.a(lib_a-impure.o)
                              /usr/lib/gcc/arm-none-eabi/10.3.1/../../../arm-none-eabi/lib/thumb/v6-m/nofp/libc.a(lib_a-calloc.o) (_impure_ptr)
/usr/lib/gcc/arm-none-eabi/10.3.1/../../../arm-none-eabi/lib/thumb/v6-m/nofp/libc.a(lib_a-init.o)
                              /usr/lib/gcc/arm-none-eabi/10.3.1/../../../arm-none-eabi/lib/thumb/v6-m/nofp/crt0.o (__libc_init_array)
/usr/lib/gcc/arm-none-eabi/10.3.1/../../../arm-none-eabi/lib/thumb/v6-m/nofp/libc.a(lib_a-malloc.o)
                              CMakeFiles/dev_hid_composite.dir/home/sdk/pico-sdk/src/rp2_common/pico_malloc/pico_malloc.c.obj (malloc)
/usr/lib/gcc/arm-none-eabi/10.3.1/../../../arm-none-eabi/lib/thumb/v6-m/nofp/libc.a(lib_a-mallocr.o)
                              /usr/lib/gcc/arm-none-eabi/10.3.1/../../../arm-none-eabi/lib/thumb/v6-m/nofp/libc.a(lib_a-callocr.o) (_malloc_r)
/usr/lib/gcc/arm-none-eabi/10.3.1/../../../arm-none-eabi/lib/thumb/v6-m/nofp/libc.a(lib_a-mlock.o)
                              /usr/lib/gcc/arm-none-eabi/10.3.1/../../../arm-none-eabi/lib/thumb/v6-m/nofp/libc.a(lib_a-mallocr.o) (__malloc_lock)
/usr/lib/gcc/arm-none-eabi/10.3.1/../../../arm-none-eabi/lib/thumb/v6-m/nofp/libc.a(lib_a-realloc.o)
                              CMakeFiles/dev_hid_composite.dir/home/sdk/pico-sdk/src/rp2_common/pico_malloc/pico_malloc.c.obj (realloc)
/usr/lib/gcc/arm-none-eabi/10.3.1/../../../arm-none-eabi/lib/thumb/v6-m/nofp/libc.a(lib_a-reallocr.o)
                              /usr/lib/gcc/arm-none-eabi/10.3.1/../../../arm-none-eabi/lib/thumb/v6-m/nofp/libc.a(lib_a-realloc.o) (_realloc_r)
/usr/lib/gcc/arm-none-eabi/10.3.1/../../../arm-none-eabi/lib/thumb/v6-m/nofp/libc.a(lib_a-sbrkr.o)
                              /usr/lib/gcc/arm-none-eabi/10.3.1/../../../arm-none-eabi/lib/thumb/v6-m/nofp/libc.a(lib_a-mallocr.o) (_sbrk_r)
/usr/lib/gcc/arm-none-eabi/10.3.1/../../../arm-none-eabi/lib/thumb/v6-m/nofp/libc.a(lib_a-strlen-stub.o)
                              CMakeFiles/dev_hid_composite.dir/usb_descriptors.c.obj (strlen)
/usr/lib/gcc/arm-none-eabi/10.3.1/../../../arm-none-eabi/lib/thumb/v6-m/nofp/libc.a(lib_a-__atexit.o)
                              /usr/lib/gcc/arm-none-eabi/10.3.1/../../../arm-none-eabi/lib/thumb/v6-m/nofp/libc.a(lib_a-atexit.o) (__register_exitproc)
/usr/lib/gcc/arm-none-eabi/10.3.1/../../../arm-none-eabi/lib/thumb/v6-m/nofp/libc.a(lib_a-freer.o)
                              /usr/lib/gcc/arm-none-eabi/10.3.1/../../../arm-none-eabi/lib/thumb/v6-m/nofp/libc.a(lib_a-malloc.o) (_free_r)
/usr/lib/gcc/arm-none-eabi/10.3.1/../../../arm-none-eabi/lib/thumb/v6-m/nofp/libc.a(lib_a-memmove.o)
                              /usr/lib/gcc/arm-none-eabi/10.3.1/../../../arm-none-eabi/lib/thumb/v6-m/nofp/libc.a(lib_a-reallocr.o) (memmove)
/usr/lib/gcc/arm-none-eabi/10.3.1/../../../arm-none-eabi/lib/thumb/v6-m/nofp/libc.a(lib_a-reent.o)
                              /usr/lib/gcc/arm-none-eabi/10.3.1/../../../arm-none-eabi/lib/thumb/v6-m/nofp/libc.a(lib_a-sbrkr.o) (errno)

Discarded input sections

 .text          0x0000000000000000        0x0 /usr/lib/gcc/arm-none-eabi/10.3.1/thumb/v6-m/nofp/crti.o
 .data          0x0000000000000000        0x0 /usr/lib/gcc/arm-none-eabi/10.3.1/thumb/v6-m/nofp/crti.o
 .bss           0x0000000000000000        0x0 /usr/lib/gcc/arm-none-eabi/10.3.1/thumb/v6-m/nofp/crti.o
 .data          0x0000000000000000        0x4 /usr/lib/gcc/arm-none-eabi/10.3.1/thumb/v6-m/nofp/crtbegin.o
 .rodata        0x0000000000000000       0x24 /usr/lib/gcc/arm-none-eabi/10.3.1/thumb/v6-m/nofp/crtbegin.o
 .fini_array    0x0000000000000000        0x4 /usr/lib/gcc/arm-none-eabi/10.3.1/thumb/v6-m/nofp/crtbegin.o
[...]
Memory Configuration

Name             Origin             Length             Attributes
FLASH            0x0000000010000000 0x0000000000200000 xr
RAM              0x0000000020000000 0x0000000000040000 xrw
SCRATCH_X        0x0000000020040000 0x0000000000001000 xrw
SCRATCH_Y        0x0000000020041000 0x0000000000001000 xrw
*default*        0x0000000000000000 0xffffffffffffffff

Linker script and memory map

LOAD /usr/lib/gcc/arm-none-eabi/10.3.1/thumb/v6-m/nofp/crti.o
LOAD /usr/lib/gcc/arm-none-eabi/10.3.1/thumb/v6-m/nofp/crtbegin.o
LOAD /usr/lib/gcc/arm-none-eabi/10.3.1/../../../arm-none-eabi/lib/thumb/v6-m/nofp/crt0.o

.flash_begin    0x0000000010000000        0x0
                0x0000000010000000                __flash_binary_start = .

.boot2          0x0000000010000000      0x100
                0x0000000010000000                __boot2_start__ = .
 *(.boot2)
 .boot2         0x0000000010000000      0x100 /tmp/ccGn5Hi1.o
                0x0000000010000100                __boot2_end__ = .
                0x0000000000000001                ASSERT (((__boot2_end__ - __boot2_start__) == 0x100), ERROR: Pico second stage bootloader must be 256 bytes in size)

.text           0x0000000010000100     0x4800
                0x0000000010000100                __logical_binary_start = .
 *(.vectors)
 .vectors       0x0000000010000100       0xd4 CMakeFiles/dev_hid_composite.dir/home/sdk/pico-sdk/src/rp2_common/pico_standard_link/crt0.S.obj
                0x0000000010000100                __vectors
                0x0000000010000100                __VECTOR_TABLE
                0x00000000100001c0                isr_invalid
                0x00000000100001c0                __default_isrs_start
                0x00000000100001c2                isr_nmi
                0x00000000100001c4                isr_hardfault
                0x00000000100001c6                isr_svcall
                0x00000000100001c8                isr_pendsv
                0x00000000100001ca                isr_systick
                0x00000000100001cc                isr_irq30
                0x00000000100001cc                __unhandled_user_irq
                0x00000000100001cc                isr_irq13
                0x00000000100001cc                isr_irq27
                0x00000000100001cc                isr_irq31
                0x00000000100001cc                isr_irq5
                0x00000000100001cc                isr_irq11
                0x00000000100001cc                isr_irq23
                0x00000000100001cc                isr_irq18
                0x00000000100001cc                isr_irq28
                0x00000000100001cc                isr_irq19
                0x00000000100001cc                isr_irq0
                0x00000000100001cc                isr_irq6
                0x00000000100001cc                isr_irq22
                0x00000000100001cc                isr_irq17
                0x00000000100001cc                isr_irq14
                0x00000000100001cc                isr_irq2
                0x00000000100001cc                isr_irq10
                0x00000000100001cc                isr_irq8
                0x00000000100001cc                isr_irq24
                0x00000000100001cc                isr_irq1
                0x00000000100001cc                isr_irq7
                0x00000000100001cc                isr_irq21
                0x00000000100001cc                isr_irq20
                0x00000000100001cc                isr_irq15
                0x00000000100001cc                isr_irq25
                0x00000000100001cc                isr_irq4
                0x00000000100001cc                isr_irq16
                0x00000000100001cc                isr_irq29
                0x00000000100001cc                isr_irq26
                0x00000000100001cc                __default_isrs_end
                0x00000000100001cc                isr_irq3
                0x00000000100001cc                isr_irq12
                0x00000000100001cc                isr_irq9
                0x00000000100001d2                unhandled_user_irq_num_in_r0
 *(.binary_info_header)
 .binary_info_header
                0x00000000100001d4       0x14 CMakeFiles/dev_hid_composite.dir/home/sdk/pico-sdk/src/rp2_common/pico_standard_link/crt0.S.obj
                0x00000000100001e8                __binary_info_header_end = .
 *(.reset)
 .reset         0x00000000100001e8       0xa8 CMakeFiles/dev_hid_composite.dir/home/sdk/pico-sdk/src/rp2_common/pico_standard_link/crt0.S.obj
                0x00000000100001e8                _entry_point
                0x0000000010000266                __get_current_exception
 .reset         0x0000000010000290       0x30 CMakeFiles/dev_hid_composite.dir/home/sdk/pico-sdk/src/rp2_common/pico_standard_link/binary_info.c.obj
 *(.init)
 .init          0x00000000100002c0        0x4 /usr/lib/gcc/arm-none-eabi/10.3.1/thumb/v6-m/nofp/crti.o
                0x00000000100002c0                _init
 *(EXCLUDE_FILE(*libm.a: *libc.a:*lib_a-mem*.o *libgcc.a:) .text*)
 .text          0x00000000100002c4       0x98 /usr/lib/gcc/arm-none-eabi/10.3.1/thumb/v6-m/nofp/crtbegin.o
 .text.startup.main
                0x000000001000035c      0x13c CMakeFiles/dev_hid_composite.dir/main.c.obj
                0x000000001000035c                main
 .text.tud_mount_cb
                0x0000000010000498       0x10 CMakeFiles/dev_hid_composite.dir/main.c.obj
                0x0000000010000498                tud_mount_cb
 .text.tud_umount_cb
                0x00000000100004a8        0xc CMakeFiles/dev_hid_composite.dir/main.c.obj
                0x00000000100004a8                tud_umount_cb
 .text.tud_suspend_cb
                0x00000000100004b4       0x10 CMakeFiles/dev_hid_composite.dir/main.c.obj
                0x00000000100004b4                tud_suspend_cb
 .text.tud_resume_cb
                0x00000000100004c4       0x10 CMakeFiles/dev_hid_composite.dir/main.c.obj
                0x00000000100004c4                tud_resume_cb
 .text.tud_hid_report_complete_cb
                0x00000000100004d4      0x110 CMakeFiles/dev_hid_composite.dir/main.c.obj
                0x00000000100004d4                tud_hid_report_complete_cb
 .text.tud_hid_get_report_cb
                0x00000000100005e4        0x4 CMakeFiles/dev_hid_composite.dir/main.c.obj
                0x00000000100005e4                tud_hid_get_report_cb
 .text.tud_hid_set_report_cb
                0x00000000100005e8       0x3c CMakeFiles/dev_hid_composite.dir/main.c.obj
                0x00000000100005e8                tud_hid_set_report_cb
 .text.tud_descriptor_device_cb
                0x0000000010000624        0x8 CMakeFiles/dev_hid_composite.dir/usb_descriptors.c.obj
                0x0000000010000624                tud_descriptor_device_cb
 .text.tud_hid_descriptor_report_cb
                0x000000001000062c        0x8 CMakeFiles/dev_hid_composite.dir/usb_descriptors.c.obj
                0x000000001000062c                tud_hid_descriptor_report_cb
 .text.tud_descriptor_configuration_cb
                0x0000000010000634        0x8 CMakeFiles/dev_hid_composite.dir/usb_descriptors.c.obj
                0x0000000010000634                tud_descriptor_configuration_cb
 .text.tud_descriptor_string_cb
                0x000000001000063c       0x80 CMakeFiles/dev_hid_composite.dir/usb_descriptors.c.obj
                0x000000001000063c                tud_descriptor_string_cb
 .text.gpio_set_function
                0x00000000100006bc       0x30 CMakeFiles/dev_hid_composite.dir/home/sdk/pico-sdk/src/rp2_common/hardware_gpio/gpio.c.obj
                0x00000000100006bc                gpio_set_function
 .text.gpio_init
                0x00000000100006ec       0x3c CMakeFiles/dev_hid_composite.dir/home/sdk/pico-sdk/src/rp2_common/hardware_gpio/gpio.c.obj
                0x00000000100006ec                gpio_init
 .text.hw_claim_or_assert
                0x0000000010000728       0x44 CMakeFiles/dev_hid_composite.dir/home/sdk/pico-sdk/src/rp2_common/hardware_claim/claim.c.obj
                0x0000000010000728                hw_claim_or_assert
 .text.hw_claim_unused_from_range
                0x000000001000076c       0x9c CMakeFiles/dev_hid_composite.dir/home/sdk/pico-sdk/src/rp2_common/hardware_claim/claim.c.obj
                0x000000001000076c                hw_claim_unused_from_range
 .text.running_on_fpga
                0x0000000010000808       0x10 CMakeFiles/dev_hid_composite.dir/home/sdk/pico-sdk/src/rp2_common/pico_platform/platform.c.obj
                0x0000000010000808                running_on_fpga
 .text.spin_locks_reset
                0x0000000010000818       0x1c CMakeFiles/dev_hid_composite.dir/home/sdk/pico-sdk/src/rp2_common/hardware_sync/sync.c.obj
                0x0000000010000818                spin_locks_reset
 .text.next_striped_spin_lock_num
                0x0000000010000834       0x18 CMakeFiles/dev_hid_composite.dir/home/sdk/pico-sdk/src/rp2_common/hardware_sync/sync.c.obj
                0x0000000010000834                next_striped_spin_lock_num
 .text.spin_lock_claim_unused
                0x000000001000084c       0x20 CMakeFiles/dev_hid_composite.dir/home/sdk/pico-sdk/src/rp2_common/hardware_sync/sync.c.obj
                0x000000001000084c                spin_lock_claim_unused
 .text.irq_set_enabled
                0x000000001000086c       0x24 CMakeFiles/dev_hid_composite.dir/home/sdk/pico-sdk/src/rp2_common/hardware_irq/irq.c.obj
                0x000000001000086c                irq_set_enabled
 .text.irq_get_vtable_handler
                0x0000000010000890       0x10 CMakeFiles/dev_hid_composite.dir/home/sdk/pico-sdk/src/rp2_common/hardware_irq/irq.c.obj
                0x0000000010000890                irq_get_vtable_handler
 .text.irq_set_exclusive_handler
                0x00000000100008a0       0x54 CMakeFiles/dev_hid_composite.dir/home/sdk/pico-sdk/src/rp2_common/hardware_irq/irq.c.obj
                0x00000000100008a0                irq_set_exclusive_handler
 .text.irq_remove_handler
                0x00000000100008f4      0x1b4 CMakeFiles/dev_hid_composite.dir/home/sdk/pico-sdk/src/rp2_common/hardware_irq/irq.c.obj
                0x00000000100008f4                irq_remove_handler
 .text.irq_add_tail_to_free_list
                0x0000000010000aa8       0xb4 CMakeFiles/dev_hid_composite.dir/home/sdk/pico-sdk/src/rp2_common/hardware_irq/irq.c.obj
                0x0000000010000aa8                irq_add_tail_to_free_list
 .text.irq_init_priorities
                0x0000000010000b5c       0x24 CMakeFiles/dev_hid_composite.dir/home/sdk/pico-sdk/src/rp2_common/hardware_irq/irq.c.obj
                0x0000000010000b5c                irq_init_priorities
 .text.lock_init
                0x0000000010000b80       0x10 CMakeFiles/dev_hid_composite.dir/home/sdk/pico-sdk/src/common/pico_sync/lock_core.c.obj
                0x0000000010000b80                lock_init
 .text.timer_pool_entry_comparator
                0x0000000010000b90       0x34 CMakeFiles/dev_hid_composite.dir/home/sdk/pico-sdk/src/common/pico_time/time.c.obj
                0x0000000010000b90                timer_pool_entry_comparator
 .text.sleep_until_callback
                0x0000000010000bc4       0x30 CMakeFiles/dev_hid_composite.dir/home/sdk/pico-sdk/src/common/pico_time/time.c.obj
 .text.add_alarm_under_lock.isra.0
                0x0000000010000bf4      0x100 CMakeFiles/dev_hid_composite.dir/home/sdk/pico-sdk/src/common/pico_time/time.c.obj
 .text.alarm_pool_alarm_callback
                0x0000000010000cf4      0x1c8 CMakeFiles/dev_hid_composite.dir/home/sdk/pico-sdk/src/common/pico_time/time.c.obj
 .text.alarm_pool_add_alarm_at.constprop.0
                0x0000000010000ebc      0x11c CMakeFiles/dev_hid_composite.dir/home/sdk/pico-sdk/src/common/pico_time/time.c.obj
 .text.alarm_pool_init_default
                0x0000000010000fd8       0x64 CMakeFiles/dev_hid_composite.dir/home/sdk/pico-sdk/src/common/pico_time/time.c.obj
                0x0000000010000fd8                alarm_pool_init_default
 .text.best_effort_wfe_or_timeout
                0x000000001000103c       0xd4 CMakeFiles/dev_hid_composite.dir/home/sdk/pico-sdk/src/common/pico_time/time.c.obj
                0x000000001000103c                best_effort_wfe_or_timeout
 .text.hardware_alarm_irq_handler
                0x0000000010001110       0xb8 CMakeFiles/dev_hid_composite.dir/home/sdk/pico-sdk/src/rp2_common/hardware_timer/timer.c.obj
 .text.hardware_alarm_claim
                0x00000000100011c8       0x18 CMakeFiles/dev_hid_composite.dir/home/sdk/pico-sdk/src/rp2_common/hardware_timer/timer.c.obj
                0x00000000100011c8                hardware_alarm_claim
 .text.time_us_64
                0x00000000100011e0       0x14 CMakeFiles/dev_hid_composite.dir/home/sdk/pico-sdk/src/rp2_common/hardware_timer/timer.c.obj
                0x00000000100011e0                time_us_64
 .text.hardware_alarm_set_callback
                0x00000000100011f4       0x8c CMakeFiles/dev_hid_composite.dir/home/sdk/pico-sdk/src/rp2_common/hardware_timer/timer.c.obj
                0x00000000100011f4                hardware_alarm_set_callback
 .text.hardware_alarm_set_target
                0x0000000010001280       0xe0 CMakeFiles/dev_hid_composite.dir/home/sdk/pico-sdk/src/rp2_common/hardware_timer/timer.c.obj
                0x0000000010001280                hardware_alarm_set_target
 .text.hardware_alarm_cancel
                0x0000000010001360       0x3c CMakeFiles/dev_hid_composite.dir/home/sdk/pico-sdk/src/rp2_common/hardware_timer/timer.c.obj
                0x0000000010001360                hardware_alarm_cancel
 .text.ph_merge_nodes
                0x000000001000139c       0x68 CMakeFiles/dev_hid_composite.dir/home/sdk/pico-sdk/src/common/pico_util/pheap.c.obj
 .text.ph_post_alloc_init
                0x0000000010001404       0x3c CMakeFiles/dev_hid_composite.dir/home/sdk/pico-sdk/src/common/pico_util/pheap.c.obj
                0x0000000010001404                ph_post_alloc_init
 .text.ph_merge_two_pass
                0x0000000010001440       0x90 CMakeFiles/dev_hid_composite.dir/home/sdk/pico-sdk/src/common/pico_util/pheap.c.obj
                0x0000000010001440                ph_merge_two_pass
 .text.ph_remove_any_head
                0x00000000100014d0       0xf8 CMakeFiles/dev_hid_composite.dir/home/sdk/pico-sdk/src/common/pico_util/pheap.c.obj
 .text.ph_remove_head
                0x00000000100015c8       0xfc CMakeFiles/dev_hid_composite.dir/home/sdk/pico-sdk/src/common/pico_util/pheap.c.obj
                0x00000000100015c8                ph_remove_head
 .text.ph_remove_and_free_node
                0x00000000100016c4       0x7c CMakeFiles/dev_hid_composite.dir/home/sdk/pico-sdk/src/common/pico_util/pheap.c.obj
                0x00000000100016c4                ph_remove_and_free_node
 .text.mutex_init
                0x0000000010001740       0x1c CMakeFiles/dev_hid_composite.dir/home/sdk/pico-sdk/src/common/pico_sync/mutex.c.obj
                0x0000000010001740                mutex_init
 .text.recursive_mutex_init
                0x000000001000175c       0x1c CMakeFiles/dev_hid_composite.dir/home/sdk/pico-sdk/src/common/pico_sync/mutex.c.obj
                0x000000001000175c                recursive_mutex_init
 .text.critical_section_init
                0x0000000010001778       0x20 CMakeFiles/dev_hid_composite.dir/home/sdk/pico-sdk/src/common/pico_sync/critical_section.c.obj
                0x0000000010001778                critical_section_init
 .text.uart_init
                0x0000000010001798       0xe0 CMakeFiles/dev_hid_composite.dir/home/sdk/pico-sdk/src/rp2_common/hardware_uart/uart.c.obj
                0x0000000010001798                uart_init
 .text.runtime_init
                0x0000000010001878       0xf0 CMakeFiles/dev_hid_composite.dir/home/sdk/pico-sdk/src/rp2_common/pico_runtime/runtime.c.obj
                0x0000000010001878                runtime_init
 .text.exit     0x0000000010001968        0x4 CMakeFiles/dev_hid_composite.dir/home/sdk/pico-sdk/src/rp2_common/pico_runtime/runtime.c.obj
                0x0000000010001968                exit
 .text.panic    0x000000001000196c       0x30 CMakeFiles/dev_hid_composite.dir/home/sdk/pico-sdk/src/rp2_common/pico_runtime/runtime.c.obj
                0x000000001000196c                panic
 .text.hard_assertion_failure
                0x000000001000199c        0xc CMakeFiles/dev_hid_composite.dir/home/sdk/pico-sdk/src/rp2_common/pico_runtime/runtime.c.obj
                0x000000001000199c                hard_assertion_failure
 .text.clocks_init
                0x00000000100019a8      0x2bc CMakeFiles/dev_hid_composite.dir/home/sdk/pico-sdk/src/rp2_common/hardware_clocks/clocks.c.obj
                0x00000000100019a8                clocks_init
 .text.clock_get_hz
                0x0000000010001c64        0xc CMakeFiles/dev_hid_composite.dir/home/sdk/pico-sdk/src/rp2_common/hardware_clocks/clocks.c.obj
                0x0000000010001c64                clock_get_hz
 .text.pll_init
                0x0000000010001c70       0xb0 CMakeFiles/dev_hid_composite.dir/home/sdk/pico-sdk/src/rp2_common/hardware_pll/pll.c.obj
                0x0000000010001c70                pll_init
 .text.watchdog_start_tick
                0x0000000010001d20       0x10 CMakeFiles/dev_hid_composite.dir/home/sdk/pico-sdk/src/rp2_common/hardware_watchdog/watchdog.c.obj
                0x0000000010001d20                watchdog_start_tick
 .text.xosc_init
                0x0000000010001d30       0x28 CMakeFiles/dev_hid_composite.dir/home/sdk/pico-sdk/src/rp2_common/hardware_xosc/xosc.c.obj
                0x0000000010001d30                xosc_init
 .text._out_char
                0x0000000010001d58       0x10 CMakeFiles/dev_hid_composite.dir/home/sdk/pico-sdk/src/rp2_common/pico_printf/printf.c.obj
 .text.weak_raw_vprintf
                0x0000000010001d68       0x30 CMakeFiles/dev_hid_composite.dir/home/sdk/pico-sdk/src/rp2_common/pico_printf/printf.c.obj
                0x0000000010001d68                weak_raw_vprintf
 .text          0x0000000010001d98       0x10 CMakeFiles/dev_hid_composite.dir/home/sdk/pico-sdk/src/rp2_common/pico_bit_ops/bit_ops_aeabi.S.obj
 .text.rom_func_lookup
                0x0000000010001da8       0x10 CMakeFiles/dev_hid_composite.dir/home/sdk/pico-sdk/src/rp2_common/pico_bootrom/bootrom.c.obj
                0x0000000010001da8                rom_func_lookup
 .text.rom_data_lookup
                0x0000000010001db8       0x10 CMakeFiles/dev_hid_composite.dir/home/sdk/pico-sdk/src/rp2_common/pico_bootrom/bootrom.c.obj
                0x0000000010001db8                rom_data_lookup
 .text.rom_funcs_lookup
                0x0000000010001dc8       0x44 CMakeFiles/dev_hid_composite.dir/home/sdk/pico-sdk/src/rp2_common/pico_bootrom/bootrom.c.obj
                0x0000000010001dc8                rom_funcs_lookup
 .text.__wrap___aeabi_uidiv
                0x0000000010001e0c       0x4c CMakeFiles/dev_hid_composite.dir/home/sdk/pico-sdk/src/rp2_common/pico_divider/divider.S.obj
                0x0000000010001e0c                __wrap___aeabi_uidiv
                0x0000000010001e0c                __wrap___aeabi_uidivmod
                0x0000000010001e0c                div_u32u32
                0x0000000010001e0c                divmod_u32u32
                0x0000000010001e14                divmod_u32u32_unsafe
                0x0000000010001e3c                divmod_u32u32_savestate
 .text.__wrap___aeabi_ldiv
                0x0000000010001e58      0x434 CMakeFiles/dev_hid_composite.dir/home/sdk/pico-sdk/src/rp2_common/pico_divider/divider.S.obj
                0x0000000010001e58                div_s64s64
                0x0000000010001e58                divmod_s64s64
                0x0000000010001e58                __wrap___aeabi_ldivmod
                0x0000000010001e90                div_u64u64
                0x0000000010001e90                divmod_u64u64
                0x0000000010001e90                __wrap___aeabi_uldivmod
                0x0000000010001ea0                divmod_u64u64_savestate
                0x0000000010001ec8                divmod_s64s64_unsafe
                0x0000000010001f50                divmod_u64u64_unsafe
 .text.__aeabi_double_init
                0x000000001000228c       0x94 CMakeFiles/dev_hid_composite.dir/home/sdk/pico-sdk/src/rp2_common/pico_double/double_init_rom.c.obj
                0x000000001000228c                __aeabi_double_init
 .text.double_table_shim_on_use_helper
                0x0000000010002320       0x2c CMakeFiles/dev_hid_composite.dir/home/sdk/pico-sdk/src/rp2_common/pico_double/double_v1_rom_shim.S.obj
                0x0000000010002320                double_table_shim_on_use_helper
 .text.__aeabi_lmul
                0x000000001000234c       0x32 CMakeFiles/dev_hid_composite.dir/home/sdk/pico-sdk/src/rp2_common/pico_int64_ops/pico_int64_ops_aeabi.S.obj
                0x000000001000234c                __wrap___aeabi_lmul
 *fill*         0x000000001000237e        0x2 
 .text.__aeabi_float_init
                0x0000000010002380       0x64 CMakeFiles/dev_hid_composite.dir/home/sdk/pico-sdk/src/rp2_common/pico_float/float_init_rom.c.obj
                0x0000000010002380                __aeabi_float_init
 .text.float_table_shim_on_use_helper
                0x00000000100023e4       0x2c CMakeFiles/dev_hid_composite.dir/home/sdk/pico-sdk/src/rp2_common/pico_float/float_v1_rom_shim.S.obj
                0x00000000100023e4                float_table_shim_on_use_helper
 .text          0x0000000010002410       0x10 CMakeFiles/dev_hid_composite.dir/home/sdk/pico-sdk/src/rp2_common/pico_mem_ops/mem_ops_aeabi.S.obj
                0x0000000010002410                __aeabi_mem_init
 .text.memset   0x0000000010002420        0xc CMakeFiles/dev_hid_composite.dir/home/sdk/pico-sdk/src/rp2_common/pico_mem_ops/mem_ops_aeabi.S.obj
                0x0000000010002420                __wrap_memset
 .text.memcpy   0x000000001000242c        0xc CMakeFiles/dev_hid_composite.dir/home/sdk/pico-sdk/src/rp2_common/pico_mem_ops/mem_ops_aeabi.S.obj
                0x000000001000242c                __wrap___aeabi_memcpy
                0x000000001000242c                __wrap_memcpy
 .text.stdio_out_chars_no_crlf
                0x0000000010002438       0x10 CMakeFiles/dev_hid_composite.dir/home/sdk/pico-sdk/src/rp2_common/pico_stdio/stdio.c.obj
 .text.stdio_out_chars_crlf
                0x0000000010002448       0xb4 CMakeFiles/dev_hid_composite.dir/home/sdk/pico-sdk/src/rp2_common/pico_stdio/stdio.c.obj
 .text.stdio_put_string.isra.0
                0x00000000100024fc       0xfc CMakeFiles/dev_hid_composite.dir/home/sdk/pico-sdk/src/rp2_common/pico_stdio/stdio.c.obj
 .text.__wrap_putchar
                0x00000000100025f8       0xa0 CMakeFiles/dev_hid_composite.dir/home/sdk/pico-sdk/src/rp2_common/pico_stdio/stdio.c.obj
                0x00000000100025f8                __wrap_putchar
 .text.__wrap_puts
                0x0000000010002698       0x3c CMakeFiles/dev_hid_composite.dir/home/sdk/pico-sdk/src/rp2_common/pico_stdio/stdio.c.obj
                0x0000000010002698                __wrap_puts
 .text.stdio_set_driver_enabled
                0x00000000100026d4       0x30 CMakeFiles/dev_hid_composite.dir/home/sdk/pico-sdk/src/rp2_common/pico_stdio/stdio.c.obj
                0x00000000100026d4                stdio_set_driver_enabled
 .text.stdio_uart_out_chars
                0x0000000010002704       0x4c CMakeFiles/dev_hid_composite.dir/home/sdk/pico-sdk/src/rp2_common/pico_stdio_uart/stdio_uart.c.obj
 .text.stdio_uart_in_chars
                0x0000000010002750       0x38 CMakeFiles/dev_hid_composite.dir/home/sdk/pico-sdk/src/rp2_common/pico_stdio_uart/stdio_uart.c.obj
                0x0000000010002750                stdio_uart_in_chars
 .text.stdio_uart_init_full
                0x0000000010002788       0x38 CMakeFiles/dev_hid_composite.dir/home/sdk/pico-sdk/src/rp2_common/pico_stdio_uart/stdio_uart.c.obj
                0x0000000010002788                stdio_uart_init_full
 .text.dcd_rp2040_irq
                0x00000000100027c0      0x21c CMakeFiles/dev_hid_composite.dir/home/sdk/pico-sdk/lib/tinyusb/src/portable/raspberrypi/rp2040/dcd_rp2040.c.obj
 .text.dcd_int_enable
                0x00000000100029dc        0xc CMakeFiles/dev_hid_composite.dir/home/sdk/pico-sdk/lib/tinyusb/src/portable/raspberrypi/rp2040/dcd_rp2040.c.obj
                0x00000000100029dc                dcd_int_enable
 .text.dcd_set_address
                0x00000000100029e8       0x14 CMakeFiles/dev_hid_composite.dir/home/sdk/pico-sdk/lib/tinyusb/src/portable/raspberrypi/rp2040/dcd_rp2040.c.obj
                0x00000000100029e8                dcd_set_address
 .text.dcd_remote_wakeup
                0x00000000100029fc       0x10 CMakeFiles/dev_hid_composite.dir/home/sdk/pico-sdk/lib/tinyusb/src/portable/raspberrypi/rp2040/dcd_rp2040.c.obj
                0x00000000100029fc                dcd_remote_wakeup
 .text.dcd_connect
                0x0000000010002a0c       0x10 CMakeFiles/dev_hid_composite.dir/home/sdk/pico-sdk/lib/tinyusb/src/portable/raspberrypi/rp2040/dcd_rp2040.c.obj
                0x0000000010002a0c                dcd_connect
 .text.dcd_init
                0x0000000010002a1c      0x144 CMakeFiles/dev_hid_composite.dir/home/sdk/pico-sdk/lib/tinyusb/src/portable/raspberrypi/rp2040/dcd_rp2040.c.obj
                0x0000000010002a1c                dcd_init
 .text.dcd_edpt0_status_complete
                0x0000000010002b60       0x1c CMakeFiles/dev_hid_composite.dir/home/sdk/pico-sdk/lib/tinyusb/src/portable/raspberrypi/rp2040/dcd_rp2040.c.obj
                0x0000000010002b60                dcd_edpt0_status_complete
 .text.dcd_edpt_open
                0x0000000010002b7c       0xf0 CMakeFiles/dev_hid_composite.dir/home/sdk/pico-sdk/lib/tinyusb/src/portable/raspberrypi/rp2040/dcd_rp2040.c.obj
                0x0000000010002b7c                dcd_edpt_open
 .text.dcd_edpt_close_all
                0x0000000010002c6c       0xbc CMakeFiles/dev_hid_composite.dir/home/sdk/pico-sdk/lib/tinyusb/src/portable/raspberrypi/rp2040/dcd_rp2040.c.obj
                0x0000000010002c6c                dcd_edpt_close_all
 .text.dcd_edpt_xfer
                0x0000000010002d28       0x24 CMakeFiles/dev_hid_composite.dir/home/sdk/pico-sdk/lib/tinyusb/src/portable/raspberrypi/rp2040/dcd_rp2040.c.obj
                0x0000000010002d28                dcd_edpt_xfer
 .text.dcd_edpt_stall
                0x0000000010002d4c       0x38 CMakeFiles/dev_hid_composite.dir/home/sdk/pico-sdk/lib/tinyusb/src/portable/raspberrypi/rp2040/dcd_rp2040.c.obj
                0x0000000010002d4c                dcd_edpt_stall
 .text.dcd_edpt_clear_stall
                0x0000000010002d84       0x30 CMakeFiles/dev_hid_composite.dir/home/sdk/pico-sdk/lib/tinyusb/src/portable/raspberrypi/rp2040/dcd_rp2040.c.obj
                0x0000000010002d84                dcd_edpt_clear_stall
 .text._hw_endpoint_buffer_control_update32.part.0.isra.0
                0x0000000010002db4       0x1c CMakeFiles/dev_hid_composite.dir/home/sdk/pico-sdk/lib/tinyusb/src/portable/raspberrypi/rp2040/rp2040_usb.c.obj
 .text.rp2040_usb_init
                0x0000000010002dd0       0x4c CMakeFiles/dev_hid_composite.dir/home/sdk/pico-sdk/lib/tinyusb/src/portable/raspberrypi/rp2040/rp2040_usb.c.obj
                0x0000000010002dd0                rp2040_usb_init
 .text.hw_endpoint_reset_transfer
                0x0000000010002e1c        0xc CMakeFiles/dev_hid_composite.dir/home/sdk/pico-sdk/lib/tinyusb/src/portable/raspberrypi/rp2040/rp2040_usb.c.obj
                0x0000000010002e1c                hw_endpoint_reset_transfer
 .text._hw_endpoint_buffer_control_update32
                0x0000000010002e28       0x44 CMakeFiles/dev_hid_composite.dir/home/sdk/pico-sdk/lib/tinyusb/src/portable/raspberrypi/rp2040/rp2040_usb.c.obj
                0x0000000010002e28                _hw_endpoint_buffer_control_update32
 .text.hw_endpoint_xfer_start
                0x0000000010002e6c      0x138 CMakeFiles/dev_hid_composite.dir/home/sdk/pico-sdk/lib/tinyusb/src/portable/raspberrypi/rp2040/rp2040_usb.c.obj
                0x0000000010002e6c                hw_endpoint_xfer_start
 .text.hw_endpoint_xfer_continue
                0x0000000010002fa4      0x1e4 CMakeFiles/dev_hid_composite.dir/home/sdk/pico-sdk/lib/tinyusb/src/portable/raspberrypi/rp2040/rp2040_usb.c.obj
                0x0000000010002fa4                hw_endpoint_xfer_continue
 .text.tud_mounted
                0x0000000010003188       0x10 CMakeFiles/dev_hid_composite.dir/home/sdk/pico-sdk/lib/tinyusb/src/device/usbd.c.obj
                0x0000000010003188                tud_mounted
 .text.tud_suspended
                0x0000000010003198       0x10 CMakeFiles/dev_hid_composite.dir/home/sdk/pico-sdk/lib/tinyusb/src/device/usbd.c.obj
                0x0000000010003198                tud_suspended
 .text.tud_remote_wakeup
                0x00000000100031a8       0x2c CMakeFiles/dev_hid_composite.dir/home/sdk/pico-sdk/lib/tinyusb/src/device/usbd.c.obj
                0x00000000100031a8                tud_remote_wakeup
 .text.tud_inited
                0x00000000100031d4        0xc CMakeFiles/dev_hid_composite.dir/home/sdk/pico-sdk/lib/tinyusb/src/device/usbd.c.obj
                0x00000000100031d4                tud_inited
 .text.tud_init
                0x00000000100031e0       0xd8 CMakeFiles/dev_hid_composite.dir/home/sdk/pico-sdk/lib/tinyusb/src/device/usbd.c.obj
                0x00000000100031e0                tud_init
 .text.tud_task
                0x00000000100032b8      0x8b8 CMakeFiles/dev_hid_composite.dir/home/sdk/pico-sdk/lib/tinyusb/src/device/usbd.c.obj
                0x00000000100032b8                tud_task
 .text.dcd_event_bus_signal
                0x0000000010003b70      0x120 CMakeFiles/dev_hid_composite.dir/home/sdk/pico-sdk/lib/tinyusb/src/device/usbd.c.obj
                0x0000000010003b70                dcd_event_bus_signal
 .text.dcd_event_bus_reset
                0x0000000010003c90       0x54 CMakeFiles/dev_hid_composite.dir/home/sdk/pico-sdk/lib/tinyusb/src/device/usbd.c.obj
                0x0000000010003c90                dcd_event_bus_reset
 .text.dcd_event_setup_received
                0x0000000010003ce4       0x50 CMakeFiles/dev_hid_composite.dir/home/sdk/pico-sdk/lib/tinyusb/src/device/usbd.c.obj
                0x0000000010003ce4                dcd_event_setup_received
 .text.dcd_event_xfer_complete
                0x0000000010003d34       0x68 CMakeFiles/dev_hid_composite.dir/home/sdk/pico-sdk/lib/tinyusb/src/device/usbd.c.obj
                0x0000000010003d34                dcd_event_xfer_complete
 .text.usbd_open_edpt_pair
                0x0000000010003d9c       0x80 CMakeFiles/dev_hid_composite.dir/home/sdk/pico-sdk/lib/tinyusb/src/device/usbd.c.obj
                0x0000000010003d9c                usbd_open_edpt_pair
 .text.usbd_edpt_claim
                0x0000000010003e1c       0x64 CMakeFiles/dev_hid_composite.dir/home/sdk/pico-sdk/lib/tinyusb/src/device/usbd.c.obj
                0x0000000010003e1c                usbd_edpt_claim
 .text.usbd_edpt_xfer
                0x0000000010003e80       0x48 CMakeFiles/dev_hid_composite.dir/home/sdk/pico-sdk/lib/tinyusb/src/device/usbd.c.obj
                0x0000000010003e80                usbd_edpt_xfer
 .text.usbd_edpt_busy
                0x0000000010003ec8       0x1c CMakeFiles/dev_hid_composite.dir/home/sdk/pico-sdk/lib/tinyusb/src/device/usbd.c.obj
                0x0000000010003ec8                usbd_edpt_busy
 .text.tud_control_status
                0x0000000010003ee4       0x30 CMakeFiles/dev_hid_composite.dir/home/sdk/pico-sdk/lib/tinyusb/src/device/usbd_control.c.obj
                0x0000000010003ee4                tud_control_status
 .text.tud_control_xfer
                0x0000000010003f14       0xbc CMakeFiles/dev_hid_composite.dir/home/sdk/pico-sdk/lib/tinyusb/src/device/usbd_control.c.obj
                0x0000000010003f14                tud_control_xfer
 .text.usbd_control_reset
                0x0000000010003fd0       0x14 CMakeFiles/dev_hid_composite.dir/home/sdk/pico-sdk/lib/tinyusb/src/device/usbd_control.c.obj
                0x0000000010003fd0                usbd_control_reset
 .text.usbd_control_set_complete_callback
                0x0000000010003fe4        0xc CMakeFiles/dev_hid_composite.dir/home/sdk/pico-sdk/lib/tinyusb/src/device/usbd_control.c.obj
                0x0000000010003fe4                usbd_control_set_complete_callback
 .text.usbd_control_set_request
                0x0000000010003ff0       0x1c CMakeFiles/dev_hid_composite.dir/home/sdk/pico-sdk/lib/tinyusb/src/device/usbd_control.c.obj
                0x0000000010003ff0                usbd_control_set_request
 .text.usbd_control_xfer_cb
                0x000000001000400c       0xfc CMakeFiles/dev_hid_composite.dir/home/sdk/pico-sdk/lib/tinyusb/src/device/usbd_control.c.obj
                0x000000001000400c                usbd_control_xfer_cb
 .text.tud_hid_n_ready
                0x0000000010004108       0x38 CMakeFiles/dev_hid_composite.dir/home/sdk/pico-sdk/lib/tinyusb/src/class/hid/hid_device.c.obj
                0x0000000010004108                tud_hid_n_ready
 .text.tud_hid_n_report
                0x0000000010004140       0x90 CMakeFiles/dev_hid_composite.dir/home/sdk/pico-sdk/lib/tinyusb/src/class/hid/hid_device.c.obj
                0x0000000010004140                tud_hid_n_report
 .text.tud_hid_n_keyboard_report
                0x00000000100041d0       0x8c CMakeFiles/dev_hid_composite.dir/home/sdk/pico-sdk/lib/tinyusb/src/class/hid/hid_device.c.obj
                0x00000000100041d0                tud_hid_n_keyboard_report
 .text.tud_hid_n_mouse_report
                0x000000001000425c       0xa4 CMakeFiles/dev_hid_composite.dir/home/sdk/pico-sdk/lib/tinyusb/src/class/hid/hid_device.c.obj
                0x000000001000425c                tud_hid_n_mouse_report
 .text.hidd_init
                0x0000000010004300       0x14 CMakeFiles/dev_hid_composite.dir/home/sdk/pico-sdk/lib/tinyusb/src/class/hid/hid_device.c.obj
                0x0000000010004300                hidd_init
 .text.hidd_reset
                0x0000000010004314       0x14 CMakeFiles/dev_hid_composite.dir/home/sdk/pico-sdk/lib/tinyusb/src/class/hid/hid_device.c.obj
                0x0000000010004314                hidd_reset
 .text.hidd_open
                0x0000000010004328       0x8c CMakeFiles/dev_hid_composite.dir/home/sdk/pico-sdk/lib/tinyusb/src/class/hid/hid_device.c.obj
                0x0000000010004328                hidd_open
 .text.hidd_control_xfer_cb
                0x00000000100043b4      0x1a4 CMakeFiles/dev_hid_composite.dir/home/sdk/pico-sdk/lib/tinyusb/src/class/hid/hid_device.c.obj
                0x00000000100043b4                hidd_control_xfer_cb
 .text.hidd_xfer_cb
                0x0000000010004558       0x64 CMakeFiles/dev_hid_composite.dir/home/sdk/pico-sdk/lib/tinyusb/src/class/hid/hid_device.c.obj
                0x0000000010004558                hidd_xfer_cb
 .text.tusb_init
                0x00000000100045bc        0xc CMakeFiles/dev_hid_composite.dir/home/sdk/pico-sdk/lib/tinyusb/src/tusb.c.obj
                0x00000000100045bc                tusb_init
 .text.tusb_inited
                0x00000000100045c8        0x8 CMakeFiles/dev_hid_composite.dir/home/sdk/pico-sdk/lib/tinyusb/src/tusb.c.obj
                0x00000000100045c8                tusb_inited
 .text.tu_edpt_validate
                0x00000000100045d0       0x78 CMakeFiles/dev_hid_composite.dir/home/sdk/pico-sdk/lib/tinyusb/src/tusb.c.obj
                0x00000000100045d0                tu_edpt_validate
 .text.tu_edpt_bind_driver
                0x0000000010004648       0x2c CMakeFiles/dev_hid_composite.dir/home/sdk/pico-sdk/lib/tinyusb/src/tusb.c.obj
                0x0000000010004648                tu_edpt_bind_driver
 .text.tu_fifo_read
                0x0000000010004674       0x9c CMakeFiles/dev_hid_composite.dir/home/sdk/pico-sdk/lib/tinyusb/src/common/tusb_fifo.c.obj
                0x0000000010004674                tu_fifo_read
 .text.tu_fifo_write
                0x0000000010004710       0x7c CMakeFiles/dev_hid_composite.dir/home/sdk/pico-sdk/lib/tinyusb/src/common/tusb_fifo.c.obj
                0x0000000010004710                tu_fifo_write
 .text.tu_fifo_clear
                0x000000001000478c       0x4c CMakeFiles/dev_hid_composite.dir/home/sdk/pico-sdk/lib/tinyusb/src/common/tusb_fifo.c.obj
                0x000000001000478c                tu_fifo_clear
 .text.board_init
                0x00000000100047d8       0x30 CMakeFiles/dev_hid_composite.dir/home/sdk/pico-sdk/lib/tinyusb/hw/bsp/rp2040/family.c.obj
                0x00000000100047d8                board_init
 .text.board_led_write
                0x0000000010004808       0x14 CMakeFiles/dev_hid_composite.dir/home/sdk/pico-sdk/lib/tinyusb/hw/bsp/rp2040/family.c.obj
                0x0000000010004808                board_led_write
 .text.board_button_read
                0x000000001000481c       0x10 CMakeFiles/dev_hid_composite.dir/home/sdk/pico-sdk/lib/tinyusb/hw/bsp/rp2040/family.c.obj
                0x000000001000481c                board_button_read
 .text          0x000000001000482c       0x5c /usr/lib/gcc/arm-none-eabi/10.3.1/../../../arm-none-eabi/lib/thumb/v6-m/nofp/libc.a(lib_a-strlen-stub.o)
                0x000000001000482c                strlen
 *(.fini)
 .fini          0x0000000010004888        0x4 /usr/lib/gcc/arm-none-eabi/10.3.1/thumb/v6-m/nofp/crti.o
                0x0000000010004888                _fini
 *fill*         0x000000001000488c        0x4 
 .fini.__stub   0x0000000010004890       0x70 linker stubs
 *crtbegin.o(.ctors)
 *crtbegin?.o(.ctors)
 *(EXCLUDE_FILE(*crtend.o *crtend?.o) .ctors)
 *(SORT_BY_NAME(.ctors.*))
 *(.ctors)
 *crtbegin.o(.dtors)
 *crtbegin?.o(.dtors)
 *(EXCLUDE_FILE(*crtend.o *crtend?.o) .dtors)
 *(SORT_BY_NAME(.dtors.*))
 *(.dtors)
 *(.eh_frame*)
 .eh_frame      0x0000000010004900        0x0 /usr/lib/gcc/arm-none-eabi/10.3.1/thumb/v6-m/nofp/crtbegin.o
                0x0000000010004900                . = ALIGN (0x4)

.glue_7         0x0000000010004900        0x0
 .glue_7        0x0000000010004900        0x0 linker stubs

.glue_7t        0x0000000010004900        0x0
 .glue_7t       0x0000000010004900        0x0 linker stubs

.vfp11_veneer   0x0000000010004900        0x0
 .vfp11_veneer  0x0000000010004900        0x0 linker stubs

.v4_bx          0x0000000010004900        0x0
 .v4_bx         0x0000000010004900        0x0 linker stubs

.iplt           0x0000000010004900        0x0
 .iplt          0x0000000010004900        0x0 /usr/lib/gcc/arm-none-eabi/10.3.1/thumb/v6-m/nofp/crtbegin.o

.rodata         0x0000000010004900      0x3c8
 *(EXCLUDE_FILE(*libm.a: *libc.a:*lib_a-mem*.o *libgcc.a:) .rodata*)
 .rodata.str1.4
                0x0000000010004900       0x1f CMakeFiles/dev_hid_composite.dir/usb_descriptors.c.obj
 *fill*         0x000000001000491f        0x1 
 .rodata.__compound_literal.0
                0x0000000010004920        0x2 CMakeFiles/dev_hid_composite.dir/usb_descriptors.c.obj
 *fill*         0x0000000010004922        0x2 
 .rodata.desc_configuration
                0x0000000010004924       0x22 CMakeFiles/dev_hid_composite.dir/usb_descriptors.c.obj
                0x0000000010004924                desc_configuration
 *fill*         0x0000000010004946        0x2 
 .rodata.desc_device
                0x0000000010004948       0x12 CMakeFiles/dev_hid_composite.dir/usb_descriptors.c.obj
                0x0000000010004948                desc_device
 *fill*         0x000000001000495a        0x2 
 .rodata.desc_hid_report
                0x000000001000495c       0xef CMakeFiles/dev_hid_composite.dir/usb_descriptors.c.obj
                0x000000001000495c                desc_hid_report
 *fill*         0x0000000010004a4b        0x1 
 .rodata.spin_lock_claim_unused.str1.4
                0x0000000010004a4c       0x1b CMakeFiles/dev_hid_composite.dir/home/sdk/pico-sdk/src/rp2_common/hardware_sync/sync.c.obj
 *fill*         0x0000000010004a67        0x1 
 .rodata.hardware_alarm_claim.str1.4
                0x0000000010004a68       0x22 CMakeFiles/dev_hid_composite.dir/home/sdk/pico-sdk/src/rp2_common/hardware_timer/timer.c.obj
 *fill*         0x0000000010004a8a        0x2 
 .rodata.panic.str1.4
                0x0000000010004a8c       0x12 CMakeFiles/dev_hid_composite.dir/home/sdk/pico-sdk/src/rp2_common/pico_runtime/runtime.c.obj
 *fill*         0x0000000010004a9e        0x2 
 .rodata.hard_assertion_failure.str1.4
                0x0000000010004aa0        0xc CMakeFiles/dev_hid_composite.dir/home/sdk/pico-sdk/src/rp2_common/pico_runtime/runtime.c.obj
 .rodata.str1.4
                0x0000000010004aac       0x94 CMakeFiles/dev_hid_composite.dir/home/sdk/pico-sdk/src/rp2_common/pico_standard_link/binary_info.c.obj
 .rodata.__bi_44
                0x0000000010004b40        0xc CMakeFiles/dev_hid_composite.dir/home/sdk/pico-sdk/src/rp2_common/pico_standard_link/binary_info.c.obj
 .rodata.__bi_69
                0x0000000010004b4c        0xc CMakeFiles/dev_hid_composite.dir/home/sdk/pico-sdk/src/rp2_common/pico_standard_link/binary_info.c.obj
 .rodata.__bi_75
                0x0000000010004b58        0xc CMakeFiles/dev_hid_composite.dir/home/sdk/pico-sdk/src/rp2_common/pico_standard_link/binary_info.c.obj
 .rodata.__bi_81
                0x0000000010004b64        0xc CMakeFiles/dev_hid_composite.dir/home/sdk/pico-sdk/src/rp2_common/pico_standard_link/binary_info.c.obj
 .rodata.crlf_str.0
                0x0000000010004b70        0x2 CMakeFiles/dev_hid_composite.dir/home/sdk/pico-sdk/src/rp2_common/pico_stdio/stdio.c.obj
 *fill*         0x0000000010004b72        0x2 
 .rodata.dcd_rp2040_irq.str1.4
                0x0000000010004b74       0x14 CMakeFiles/dev_hid_composite.dir/home/sdk/pico-sdk/lib/tinyusb/src/portable/raspberrypi/rp2040/dcd_rp2040.c.obj
 .rodata._hw_endpoint_buffer_control_update32.part.0.isra.0.str1.4
                0x0000000010004b88       0x1f CMakeFiles/dev_hid_composite.dir/home/sdk/pico-sdk/lib/tinyusb/src/portable/raspberrypi/rp2040/rp2040_usb.c.obj
 *fill*         0x0000000010004ba7        0x1 
 .rodata.hw_endpoint_xfer_continue.str1.4
                0x0000000010004ba8       0x29 CMakeFiles/dev_hid_composite.dir/home/sdk/pico-sdk/lib/tinyusb/src/portable/raspberrypi/rp2040/rp2040_usb.c.obj
 *fill*         0x0000000010004bd1        0x3 
 .rodata.str1.4
                0x0000000010004bd4        0x7 CMakeFiles/dev_hid_composite.dir/home/sdk/pico-sdk/lib/tinyusb/src/portable/raspberrypi/rp2040/rp2040_usb.c.obj
 *fill*         0x0000000010004bdb        0x1 
 .rodata.tud_task
                0x0000000010004bdc       0x8c CMakeFiles/dev_hid_composite.dir/home/sdk/pico-sdk/lib/tinyusb/src/device/usbd.c.obj
 .rodata._usbd_driver
                0x0000000010004c68       0x18 CMakeFiles/dev_hid_composite.dir/home/sdk/pico-sdk/lib/tinyusb/src/device/usbd.c.obj
 .rodata.hidd_control_xfer_cb
                0x0000000010004c80       0x30 CMakeFiles/dev_hid_composite.dir/home/sdk/pico-sdk/lib/tinyusb/src/class/hid/hid_device.c.obj
 .rodata.str1.4
                0x0000000010004cb0        0x4 CMakeFiles/dev_hid_composite.dir/home/sdk/pico-sdk/lib/tinyusb/hw/bsp/rp2040/family.c.obj
 .rodata.__bi_121.0
                0x0000000010004cb4        0xc CMakeFiles/dev_hid_composite.dir/home/sdk/pico-sdk/lib/tinyusb/hw/bsp/rp2040/family.c.obj
 .rodata.__bi_131.1
                0x0000000010004cc0        0x8 CMakeFiles/dev_hid_composite.dir/home/sdk/pico-sdk/lib/tinyusb/hw/bsp/rp2040/family.c.obj
                0x0000000010004cc8                . = ALIGN (0x4)
 *(SORT_BY_ALIGNMENT(SORT_BY_NAME(.flashdata*)))
                0x0000000010004cc8                . = ALIGN (0x4)

.rel.dyn        0x0000000010004cc8        0x0
 .rel.iplt      0x0000000010004cc8        0x0 /usr/lib/gcc/arm-none-eabi/10.3.1/thumb/v6-m/nofp/crtbegin.o

.ARM.extab
 *(.ARM.extab* .gnu.linkonce.armextab.*)
                0x0000000010004cc8                __exidx_start = .

.ARM.exidx
 *(.ARM.exidx* .gnu.linkonce.armexidx.*)
                0x0000000010004cc8                __exidx_end = .
                0x0000000010004cc8                . = ALIGN (0x4)
                0x0000000010004cc8                __binary_info_start = .

.binary_info    0x0000000010004cc8       0x28
 *(.binary_info.keep.*)
 .binary_info.keep.__bi_ptr22
                0x0000000010004cc8        0x4 CMakeFiles/dev_hid_composite.dir/home/sdk/pico-sdk/src/rp2_common/pico_standard_link/binary_info.c.obj
 .binary_info.keep.__bi_ptr30
                0x0000000010004ccc        0x4 CMakeFiles/dev_hid_composite.dir/home/sdk/pico-sdk/src/rp2_common/pico_standard_link/binary_info.c.obj
 .binary_info.keep.__bi_ptr38
                0x0000000010004cd0        0x4 CMakeFiles/dev_hid_composite.dir/home/sdk/pico-sdk/src/rp2_common/pico_standard_link/binary_info.c.obj
 .binary_info.keep.__bi_ptr44
                0x0000000010004cd4        0x4 CMakeFiles/dev_hid_composite.dir/home/sdk/pico-sdk/src/rp2_common/pico_standard_link/binary_info.c.obj
 .binary_info.keep.__bi_ptr50
                0x0000000010004cd8        0x4 CMakeFiles/dev_hid_composite.dir/home/sdk/pico-sdk/src/rp2_common/pico_standard_link/binary_info.c.obj
 .binary_info.keep.__bi_ptr69
                0x0000000010004cdc        0x4 CMakeFiles/dev_hid_composite.dir/home/sdk/pico-sdk/src/rp2_common/pico_standard_link/binary_info.c.obj
 .binary_info.keep.__bi_ptr75
                0x0000000010004ce0        0x4 CMakeFiles/dev_hid_composite.dir/home/sdk/pico-sdk/src/rp2_common/pico_standard_link/binary_info.c.obj
 .binary_info.keep.__bi_ptr81
                0x0000000010004ce4        0x4 CMakeFiles/dev_hid_composite.dir/home/sdk/pico-sdk/src/rp2_common/pico_standard_link/binary_info.c.obj
 .binary_info.keep.__bi_ptr121
                0x0000000010004ce8        0x4 CMakeFiles/dev_hid_composite.dir/home/sdk/pico-sdk/lib/tinyusb/hw/bsp/rp2040/family.c.obj
 .binary_info.keep.__bi_ptr131
                0x0000000010004cec        0x4 CMakeFiles/dev_hid_composite.dir/home/sdk/pico-sdk/lib/tinyusb/hw/bsp/rp2040/family.c.obj
 *(.binary_info.*)
                0x0000000010004cf0                __binary_info_end = .
                0x0000000010004cf0                . = ALIGN (0x4)
                0x0000000010004cf0                __etext = .

.ram_vector_table
                0x0000000020000000       0xc0
 *(.ram_vector_table)
 .ram_vector_table
                0x0000000020000000       0xc0 CMakeFiles/dev_hid_composite.dir/home/sdk/pico-sdk/src/rp2_common/pico_runtime/runtime.c.obj
                0x0000000020000000                ram_vector_table

.data           0x00000000200000c0      0x2ec load address 0x0000000010004cf0
                0x00000000200000c0                __data_start__ = .
 *(vtable)
 *(.time_critical*)
 .time_critical.mutex_enter_blocking
                0x00000000200000c0       0x48 CMakeFiles/dev_hid_composite.dir/home/sdk/pico-sdk/src/common/pico_sync/mutex.c.obj
                0x00000000200000c0                mutex_enter_blocking
 .time_critical.mutex_try_enter
                0x0000000020000108       0x44 CMakeFiles/dev_hid_composite.dir/home/sdk/pico-sdk/src/common/pico_sync/mutex.c.obj
                0x0000000020000108                mutex_try_enter
 .time_critical.mutex_enter_timeout_ms
                0x000000002000014c       0xa0 CMakeFiles/dev_hid_composite.dir/home/sdk/pico-sdk/src/common/pico_sync/mutex.c.obj
                0x000000002000014c                mutex_enter_timeout_ms
 .time_critical.mutex_exit
                0x00000000200001ec       0x28 CMakeFiles/dev_hid_composite.dir/home/sdk/pico-sdk/src/common/pico_sync/mutex.c.obj
                0x00000000200001ec                mutex_exit
 .time_critical.get_bootsel_button
                0x0000000020000214       0x60 CMakeFiles/dev_hid_composite.dir/home/sdk/pico-sdk/lib/tinyusb/hw/bsp/rp2040/family.c.obj
                0x0000000020000214                get_bootsel_button
 *(.text*)
 .text          0x0000000020000274        0x4 /usr/lib/gcc/arm-none-eabi/10.3.1/thumb/v6-m/nofp/libgcc.a(_dvmd_tls.o)
                0x0000000020000274                __aeabi_ldiv0
                0x0000000020000274                __aeabi_idiv0
 .text.__stub   0x0000000020000278       0x30 linker stubs
                0x00000000200002a8                . = ALIGN (0x4)
 *(.rodata*)
                0x00000000200002a8                . = ALIGN (0x4)
 *(.data*)
 .data.blink_interval_ms
                0x00000000200002a8        0x4 CMakeFiles/dev_hid_composite.dir/main.c.obj
 .data.string_desc_arr
                0x00000000200002ac       0x10 CMakeFiles/dev_hid_composite.dir/usb_descriptors.c.obj
                0x00000000200002ac                string_desc_arr
 .data.striped_spin_lock_num
                0x00000000200002bc        0x1 CMakeFiles/dev_hid_composite.dir/home/sdk/pico-sdk/src/rp2_common/hardware_sync/sync.c.obj
 *fill*         0x00000000200002bd        0x3 
 .data          0x00000000200002c0       0x48 CMakeFiles/dev_hid_composite.dir/home/sdk/pico-sdk/src/rp2_common/hardware_irq/irq_handler_chain.S.obj
                0x00000000200002c0                irq_handler_chain_slots
                0x00000000200002f0                irq_handler_chain_first_slot
                0x00000000200002fa                irq_handler_chain_remove_tail
 .data.default_alarm_pool
                0x0000000020000308       0x18 CMakeFiles/dev_hid_composite.dir/home/sdk/pico-sdk/src/common/pico_time/time.c.obj
 .data.default_alarm_pool_heap
                0x0000000020000320       0x10 CMakeFiles/dev_hid_composite.dir/home/sdk/pico-sdk/src/common/pico_time/time.c.obj
 .data.aeabi_bits_funcs
                0x0000000020000330       0x10 CMakeFiles/dev_hid_composite.dir/home/sdk/pico-sdk/src/rp2_common/pico_bit_ops/bit_ops_aeabi.S.obj
                0x0000000020000330                aeabi_bits_funcs
                0x0000000020000340                aeabi_bits_funcs_end
 .data.aeabi_mem_funcs
                0x0000000020000340       0x10 CMakeFiles/dev_hid_composite.dir/home/sdk/pico-sdk/src/rp2_common/pico_mem_ops/mem_ops_aeabi.S.obj
                0x0000000020000340                aeabi_mem_funcs
                0x0000000020000350                aeabi_mem_funcs_end
 .data.stdio_uart
                0x0000000020000350       0x14 CMakeFiles/dev_hid_composite.dir/home/sdk/pico-sdk/src/rp2_common/pico_stdio_uart/stdio_uart.c.obj
                0x0000000020000350                stdio_uart
 .data.ep_dir_string
                0x0000000020000364        0x8 CMakeFiles/dev_hid_composite.dir/home/sdk/pico-sdk/lib/tinyusb/src/portable/raspberrypi/rp2040/rp2040_usb.c.obj
                0x0000000020000364                ep_dir_string
 .data._usbd_qdef
                0x000000002000036c       0x24 CMakeFiles/dev_hid_composite.dir/home/sdk/pico-sdk/lib/tinyusb/src/device/usbd.c.obj
                0x000000002000036c                _usbd_qdef
                0x0000000020000390                . = ALIGN (0x4)
 *(.after_data.*)
                0x0000000020000390                . = ALIGN (0x4)
                0x0000000020000390                PROVIDE (__mutex_array_start = .)
 *(SORT_BY_NAME(.mutex_array.*))
 *(.mutex_array)
 .mutex_array   0x0000000020000390        0x8 CMakeFiles/dev_hid_composite.dir/home/sdk/pico-sdk/src/rp2_common/pico_stdio/stdio.c.obj
                0x0000000020000398                PROVIDE (__mutex_array_end = .)
                0x0000000020000398                . = ALIGN (0x4)
                0x0000000020000398                PROVIDE (__preinit_array_start = .)
 *(SORT_BY_NAME(.preinit_array.*))
 .preinit_array.00001
                0x0000000020000398        0x4 CMakeFiles/dev_hid_composite.dir/home/sdk/pico-sdk/src/rp2_common/pico_mem_ops/mem_ops_aeabi.S.obj
 .preinit_array.00010
                0x000000002000039c        0x4 CMakeFiles/dev_hid_composite.dir/home/sdk/pico-sdk/src/rp2_common/pico_bit_ops/bit_ops_aeabi.S.obj
 .preinit_array.00020
                0x00000000200003a0        0x4 CMakeFiles/dev_hid_composite.dir/home/sdk/pico-sdk/src/rp2_common/pico_double/double_aeabi.S.obj
 .preinit_array.00020
                0x00000000200003a4        0x4 CMakeFiles/dev_hid_composite.dir/home/sdk/pico-sdk/src/rp2_common/pico_float/float_aeabi.S.obj
 *(.preinit_array)
                0x00000000200003a8                PROVIDE (__preinit_array_end = .)
                0x00000000200003a8                . = ALIGN (0x4)
                0x00000000200003a8                PROVIDE (__init_array_start = .)
 *(SORT_BY_NAME(.init_array.*))
 *(.init_array)
 .init_array    0x00000000200003a8        0x4 /usr/lib/gcc/arm-none-eabi/10.3.1/thumb/v6-m/nofp/crtbegin.o
                0x00000000200003ac                PROVIDE (__init_array_end = .)
                0x00000000200003ac                . = ALIGN (0x4)
                0x00000000200003ac                PROVIDE (__fini_array_start = .)
 *(SORT_BY_NAME(.fini_array.*))
 *(.fini_array)
                0x00000000200003ac                PROVIDE (__fini_array_end = .)
 *(.jcr)
                0x00000000200003ac                . = ALIGN (0x4)
                0x00000000200003ac                __data_end__ = .

.tm_clone_table
                0x00000000200003ac        0x0 load address 0x0000000010004fdc
 .tm_clone_table
                0x00000000200003ac        0x0 /usr/lib/gcc/arm-none-eabi/10.3.1/thumb/v6-m/nofp/crtbegin.o
 .tm_clone_table
                0x00000000200003ac        0x0 /usr/lib/gcc/arm-none-eabi/10.3.1/thumb/v6-m/nofp/crtend.o

.igot.plt       0x00000000200003ac        0x0 load address 0x0000000010004fdc
 .igot.plt      0x00000000200003ac        0x0 /usr/lib/gcc/arm-none-eabi/10.3.1/thumb/v6-m/nofp/crtbegin.o

.uninitialized_data
                0x00000000200003ac        0x0 load address 0x0000000010004fdc
                0x00000000200003ac                . = ALIGN (0x4)
 *(.uninitialized_data*)

.scratch_x      0x0000000020040000        0x0 load address 0x0000000010004fdc
                0x0000000020040000                __scratch_x_start__ = .
 *(.scratch_x.*)
                0x0000000020040000                . = ALIGN (0x4)
                0x0000000020040000                __scratch_x_end__ = .
                0x0000000010004fdc                __scratch_x_source__ = LOADADDR (.scratch_x)

.scratch_y      0x0000000020041000        0x0 load address 0x0000000010004fdc
                0x0000000020041000                __scratch_y_start__ = .
 *(.scratch_y.*)
                0x0000000020041000                . = ALIGN (0x4)
                0x0000000020041000                __scratch_y_end__ = .
                0x0000000010004fdc                __scratch_y_source__ = LOADADDR (.scratch_y)

.bss            0x00000000200003b0      0x9d8
                0x00000000200003b0                . = ALIGN (0x4)
                0x00000000200003b0                __bss_start__ = .
 *(SORT_BY_ALIGNMENT(SORT_BY_NAME(.bss*)))
 .bss.default_alarm_pool_entries
                0x00000000200003b0      0x100 CMakeFiles/dev_hid_composite.dir/home/sdk/pico-sdk/src/common/pico_time/time.c.obj
 .bss.sd_table  0x00000000200004b0      0x100 CMakeFiles/dev_hid_composite.dir/home/sdk/pico-sdk/src/rp2_common/pico_double/double_init_rom.c.obj
                0x00000000200004b0                sd_table
 .bss.sf_table  0x00000000200005b0      0x100 CMakeFiles/dev_hid_composite.dir/home/sdk/pico-sdk/src/rp2_common/pico_float/float_init_rom.c.obj
                0x00000000200005b0                sf_table
 .bss           0x00000000200006b0       0x1c /usr/lib/gcc/arm-none-eabi/10.3.1/thumb/v6-m/nofp/crtbegin.o
 .bss._app_driver
                0x00000000200006cc        0x4 CMakeFiles/dev_hid_composite.dir/home/sdk/pico-sdk/lib/tinyusb/src/device/usbd.c.obj
 .bss._ctrl_xfer
                0x00000000200006d0       0x14 CMakeFiles/dev_hid_composite.dir/home/sdk/pico-sdk/lib/tinyusb/src/device/usbd_control.c.obj
 .bss._desc_str
                0x00000000200006e4       0x40 CMakeFiles/dev_hid_composite.dir/usb_descriptors.c.obj
 .bss._hidd_itf
                0x0000000020000724       0x2c CMakeFiles/dev_hid_composite.dir/home/sdk/pico-sdk/lib/tinyusb/src/class/hid/hid_device.c.obj
 .bss._ubsd_mutexdef
                0x0000000020000750        0x8 CMakeFiles/dev_hid_composite.dir/home/sdk/pico-sdk/lib/tinyusb/src/device/usbd.c.obj
 .bss._usbd_ctrl_buf
                0x0000000020000758       0x40 CMakeFiles/dev_hid_composite.dir/home/sdk/pico-sdk/lib/tinyusb/src/device/usbd_control.c.obj
 .bss._usbd_dev
                0x0000000020000798       0x53 CMakeFiles/dev_hid_composite.dir/home/sdk/pico-sdk/lib/tinyusb/src/device/usbd.c.obj
 *fill*         0x00000000200007eb        0x1 
 .bss._usbd_mutex
                0x00000000200007ec        0x4 CMakeFiles/dev_hid_composite.dir/home/sdk/pico-sdk/lib/tinyusb/src/device/usbd.c.obj
 .bss._usbd_q   0x00000000200007f0        0x4 CMakeFiles/dev_hid_composite.dir/home/sdk/pico-sdk/lib/tinyusb/src/device/usbd.c.obj
 .bss._usbd_qdef_buf
                0x00000000200007f4       0xc0 CMakeFiles/dev_hid_composite.dir/home/sdk/pico-sdk/lib/tinyusb/src/device/usbd.c.obj
                0x00000000200007f4                _usbd_qdef_buf
 .bss.alarm_callbacks
                0x00000000200008b4       0x10 CMakeFiles/dev_hid_composite.dir/home/sdk/pico-sdk/src/rp2_common/hardware_timer/timer.c.obj
 .bss.claimed   0x00000000200008c4        0x4 CMakeFiles/dev_hid_composite.dir/home/sdk/pico-sdk/src/rp2_common/hardware_sync/sync.c.obj
 .bss.configured_freq
                0x00000000200008c8       0x28 CMakeFiles/dev_hid_composite.dir/home/sdk/pico-sdk/src/rp2_common/hardware_clocks/clocks.c.obj
 .bss.default_alarm_pool_entry_ids_high
                0x00000000200008f0       0x10 CMakeFiles/dev_hid_composite.dir/home/sdk/pico-sdk/src/common/pico_time/time.c.obj
 .bss.default_alarm_pool_heap_nodes
                0x0000000020000900       0x30 CMakeFiles/dev_hid_composite.dir/home/sdk/pico-sdk/src/common/pico_time/time.c.obj
 .bss.drivers   0x0000000020000930        0x4 CMakeFiles/dev_hid_composite.dir/home/sdk/pico-sdk/src/rp2_common/pico_stdio/stdio.c.obj
 .bss.filter    0x0000000020000934        0x4 CMakeFiles/dev_hid_composite.dir/home/sdk/pico-sdk/src/rp2_common/pico_stdio/stdio.c.obj
 .bss.hw_endpoints
                0x0000000020000938      0x400 CMakeFiles/dev_hid_composite.dir/home/sdk/pico-sdk/lib/tinyusb/src/portable/raspberrypi/rp2040/dcd_rp2040.c.obj
 .bss.lazy_vsnprintf
                0x0000000020000d38        0x4 CMakeFiles/dev_hid_composite.dir/home/sdk/pico-sdk/src/rp2_common/pico_printf/printf.c.obj
 .bss.next_buffer_ptr
                0x0000000020000d3c        0x4 CMakeFiles/dev_hid_composite.dir/home/sdk/pico-sdk/lib/tinyusb/src/portable/raspberrypi/rp2040/dcd_rp2040.c.obj
 .bss.pools     0x0000000020000d40       0x10 CMakeFiles/dev_hid_composite.dir/home/sdk/pico-sdk/src/common/pico_time/time.c.obj
 .bss.sf_clz_func
                0x0000000020000d50        0x4 CMakeFiles/dev_hid_composite.dir/home/sdk/pico-sdk/src/rp2_common/pico_double/double_init_rom.c.obj
                0x0000000020000d50                sf_clz_func
 .bss.sleep_notifier
                0x0000000020000d54        0x4 CMakeFiles/dev_hid_composite.dir/home/sdk/pico-sdk/src/common/pico_time/time.c.obj
 .bss.start_ms.1
                0x0000000020000d58        0x4 CMakeFiles/dev_hid_composite.dir/main.c.obj
 .bss.start_ms.5
                0x0000000020000d5c        0x4 CMakeFiles/dev_hid_composite.dir/main.c.obj
 .bss.target_hi
                0x0000000020000d60       0x10 CMakeFiles/dev_hid_composite.dir/home/sdk/pico-sdk/src/rp2_common/hardware_timer/timer.c.obj
 .bss.uart_char_to_line_feed
                0x0000000020000d70        0x4 CMakeFiles/dev_hid_composite.dir/home/sdk/pico-sdk/src/rp2_common/hardware_uart/uart.c.obj
                0x0000000020000d70                uart_char_to_line_feed
 .bss.uart_inst
                0x0000000020000d74        0x4 CMakeFiles/dev_hid_composite.dir/home/sdk/pico-sdk/lib/tinyusb/hw/bsp/rp2040/family.c.obj
 .bss.uart_instance
                0x0000000020000d78        0x4 CMakeFiles/dev_hid_composite.dir/home/sdk/pico-sdk/src/rp2_common/pico_stdio_uart/stdio_uart.c.obj
 .bss._app_driver_count
                0x0000000020000d7c        0x1 CMakeFiles/dev_hid_composite.dir/home/sdk/pico-sdk/lib/tinyusb/src/device/usbd.c.obj
 .bss._usbd_initialized
                0x0000000020000d7d        0x1 CMakeFiles/dev_hid_composite.dir/home/sdk/pico-sdk/lib/tinyusb/src/device/usbd.c.obj
 .bss.claimed   0x0000000020000d7e        0x1 CMakeFiles/dev_hid_composite.dir/home/sdk/pico-sdk/src/rp2_common/hardware_timer/timer.c.obj
 .bss.has_consumer_key.3
                0x0000000020000d7f        0x1 CMakeFiles/dev_hid_composite.dir/main.c.obj
 .bss.has_gamepad_key.2
                0x0000000020000d80        0x1 CMakeFiles/dev_hid_composite.dir/main.c.obj
 .bss.has_keyboard_key.4
                0x0000000020000d81        0x1 CMakeFiles/dev_hid_composite.dir/main.c.obj
 .bss.irq_hander_chain_free_slot_head
                0x0000000020000d82        0x1 CMakeFiles/dev_hid_composite.dir/home/sdk/pico-sdk/src/rp2_common/hardware_irq/irq.c.obj
 .bss.led_state.0
                0x0000000020000d83        0x1 CMakeFiles/dev_hid_composite.dir/main.c.obj
 .bss.timer_callbacks_pending
                0x0000000020000d84        0x1 CMakeFiles/dev_hid_composite.dir/home/sdk/pico-sdk/src/rp2_common/hardware_timer/timer.c.obj
 *(COMMON)
                0x0000000020000d88                . = ALIGN (0x4)
 *fill*         0x0000000020000d85        0x3 
                0x0000000020000d88                __bss_end__ = .

.heap           0x0000000020000d88      0x800
                0x0000000020000d88                __end__ = .
                0x0000000020000d88                end = __end__
 *(.heap*)
 .heap          0x0000000020000d88      0x800 CMakeFiles/dev_hid_composite.dir/home/sdk/pico-sdk/src/rp2_common/pico_standard_link/crt0.S.obj
                0x0000000020001588                __HeapLimit = .

.stack1_dummy   0x0000000020040000        0x0
 *(.stack1*)

.stack_dummy    0x0000000020041000      0x800
 *(.stack*)
 .stack         0x0000000020041000      0x800 CMakeFiles/dev_hid_composite.dir/home/sdk/pico-sdk/src/rp2_common/pico_standard_link/crt0.S.obj

.flash_end      0x0000000010004fdc        0x0
                0x0000000010004fdc                __flash_binary_end = .
                0x0000000020040000                __StackLimit = (ORIGIN (RAM) + LENGTH (RAM))
                0x0000000020041000                __StackOneTop = (ORIGIN (SCRATCH_X) + LENGTH (SCRATCH_X))
                0x0000000020042000                __StackTop = (ORIGIN (SCRATCH_Y) + LENGTH (SCRATCH_Y))
                0x0000000020041000                __StackOneBottom = (__StackOneTop - SIZEOF (.stack1_dummy))
                0x0000000020041800                __StackBottom = (__StackTop - SIZEOF (.stack_dummy))
                0x0000000020042000                PROVIDE (__stack = __StackTop)
                0x0000000000000001                ASSERT ((__StackLimit >= __HeapLimit), region RAM overflowed)
                0x0000000000000001                ASSERT (((__binary_info_header_end - __logical_binary_start) <= 0x100), Binary info must be in first 256 bytes of the binary)
LOAD CMakeFiles/dev_hid_composite.dir/main.c.obj
LOAD CMakeFiles/dev_hid_composite.dir/usb_descriptors.c.obj
LOAD CMakeFiles/dev_hid_composite.dir/home/sdk/pico-sdk/src/rp2_common/pico_stdlib/stdlib.c.obj
LOAD CMakeFiles/dev_hid_composite.dir/home/sdk/pico-sdk/src/rp2_common/hardware_gpio/gpio.c.obj
LOAD CMakeFiles/dev_hid_composite.dir/home/sdk/pico-sdk/src/rp2_common/hardware_claim/claim.c.obj
LOAD CMakeFiles/dev_hid_composite.dir/home/sdk/pico-sdk/src/rp2_common/pico_platform/platform.c.obj
LOAD CMakeFiles/dev_hid_composite.dir/home/sdk/pico-sdk/src/rp2_common/hardware_sync/sync.c.obj
LOAD CMakeFiles/dev_hid_composite.dir/home/sdk/pico-sdk/src/rp2_common/hardware_irq/irq.c.obj
LOAD CMakeFiles/dev_hid_composite.dir/home/sdk/pico-sdk/src/rp2_common/hardware_irq/irq_handler_chain.S.obj
LOAD CMakeFiles/dev_hid_composite.dir/home/sdk/pico-sdk/src/common/pico_sync/sem.c.obj
LOAD CMakeFiles/dev_hid_composite.dir/home/sdk/pico-sdk/src/common/pico_sync/lock_core.c.obj
LOAD CMakeFiles/dev_hid_composite.dir/home/sdk/pico-sdk/src/common/pico_time/time.c.obj
LOAD CMakeFiles/dev_hid_composite.dir/home/sdk/pico-sdk/src/common/pico_time/timeout_helper.c.obj
LOAD CMakeFiles/dev_hid_composite.dir/home/sdk/pico-sdk/src/rp2_common/hardware_timer/timer.c.obj
LOAD CMakeFiles/dev_hid_composite.dir/home/sdk/pico-sdk/src/common/pico_util/datetime.c.obj
LOAD CMakeFiles/dev_hid_composite.dir/home/sdk/pico-sdk/src/common/pico_util/pheap.c.obj
LOAD CMakeFiles/dev_hid_composite.dir/home/sdk/pico-sdk/src/common/pico_util/queue.c.obj
LOAD CMakeFiles/dev_hid_composite.dir/home/sdk/pico-sdk/src/common/pico_sync/mutex.c.obj
LOAD CMakeFiles/dev_hid_composite.dir/home/sdk/pico-sdk/src/common/pico_sync/critical_section.c.obj
LOAD CMakeFiles/dev_hid_composite.dir/home/sdk/pico-sdk/src/rp2_common/hardware_uart/uart.c.obj
LOAD CMakeFiles/dev_hid_composite.dir/home/sdk/pico-sdk/src/rp2_common/hardware_divider/divider.S.obj
LOAD CMakeFiles/dev_hid_composite.dir/home/sdk/pico-sdk/src/rp2_common/pico_runtime/runtime.c.obj
LOAD CMakeFiles/dev_hid_composite.dir/home/sdk/pico-sdk/src/rp2_common/hardware_clocks/clocks.c.obj
LOAD CMakeFiles/dev_hid_composite.dir/home/sdk/pico-sdk/src/rp2_common/hardware_pll/pll.c.obj
LOAD CMakeFiles/dev_hid_composite.dir/home/sdk/pico-sdk/src/rp2_common/hardware_vreg/vreg.c.obj
LOAD CMakeFiles/dev_hid_composite.dir/home/sdk/pico-sdk/src/rp2_common/hardware_watchdog/watchdog.c.obj
LOAD CMakeFiles/dev_hid_composite.dir/home/sdk/pico-sdk/src/rp2_common/hardware_xosc/xosc.c.obj
LOAD CMakeFiles/dev_hid_composite.dir/home/sdk/pico-sdk/src/rp2_common/pico_printf/printf.c.obj
LOAD CMakeFiles/dev_hid_composite.dir/home/sdk/pico-sdk/src/rp2_common/pico_bit_ops/bit_ops_aeabi.S.obj
LOAD CMakeFiles/dev_hid_composite.dir/home/sdk/pico-sdk/src/rp2_common/pico_bootrom/bootrom.c.obj
LOAD CMakeFiles/dev_hid_composite.dir/home/sdk/pico-sdk/src/rp2_common/pico_divider/divider.S.obj
LOAD CMakeFiles/dev_hid_composite.dir/home/sdk/pico-sdk/src/rp2_common/pico_double/double_aeabi.S.obj
LOAD CMakeFiles/dev_hid_composite.dir/home/sdk/pico-sdk/src/rp2_common/pico_double/double_init_rom.c.obj
LOAD CMakeFiles/dev_hid_composite.dir/home/sdk/pico-sdk/src/rp2_common/pico_double/double_math.c.obj
LOAD CMakeFiles/dev_hid_composite.dir/home/sdk/pico-sdk/src/rp2_common/pico_double/double_v1_rom_shim.S.obj
LOAD CMakeFiles/dev_hid_composite.dir/home/sdk/pico-sdk/src/rp2_common/pico_int64_ops/pico_int64_ops_aeabi.S.obj
LOAD CMakeFiles/dev_hid_composite.dir/home/sdk/pico-sdk/src/rp2_common/pico_float/float_aeabi.S.obj
LOAD CMakeFiles/dev_hid_composite.dir/home/sdk/pico-sdk/src/rp2_common/pico_float/float_init_rom.c.obj
LOAD CMakeFiles/dev_hid_composite.dir/home/sdk/pico-sdk/src/rp2_common/pico_float/float_math.c.obj
LOAD CMakeFiles/dev_hid_composite.dir/home/sdk/pico-sdk/src/rp2_common/pico_float/float_v1_rom_shim.S.obj
LOAD CMakeFiles/dev_hid_composite.dir/home/sdk/pico-sdk/src/rp2_common/pico_malloc/pico_malloc.c.obj
LOAD CMakeFiles/dev_hid_composite.dir/home/sdk/pico-sdk/src/rp2_common/pico_mem_ops/mem_ops_aeabi.S.obj
LOAD CMakeFiles/dev_hid_composite.dir/home/sdk/pico-sdk/src/rp2_common/pico_standard_link/crt0.S.obj
LOAD CMakeFiles/dev_hid_composite.dir/home/sdk/pico-sdk/src/rp2_common/pico_standard_link/new_delete.cpp.obj
LOAD CMakeFiles/dev_hid_composite.dir/home/sdk/pico-sdk/src/rp2_common/pico_standard_link/binary_info.c.obj
LOAD CMakeFiles/dev_hid_composite.dir/home/sdk/pico-sdk/src/rp2_common/pico_stdio/stdio.c.obj
LOAD CMakeFiles/dev_hid_composite.dir/home/sdk/pico-sdk/src/rp2_common/pico_stdio_uart/stdio_uart.c.obj
LOAD CMakeFiles/dev_hid_composite.dir/home/sdk/pico-sdk/lib/tinyusb/src/portable/raspberrypi/rp2040/dcd_rp2040.c.obj
LOAD CMakeFiles/dev_hid_composite.dir/home/sdk/pico-sdk/lib/tinyusb/src/portable/raspberrypi/rp2040/rp2040_usb.c.obj
LOAD CMakeFiles/dev_hid_composite.dir/home/sdk/pico-sdk/lib/tinyusb/src/device/usbd.c.obj
LOAD CMakeFiles/dev_hid_composite.dir/home/sdk/pico-sdk/lib/tinyusb/src/device/usbd_control.c.obj
LOAD CMakeFiles/dev_hid_composite.dir/home/sdk/pico-sdk/lib/tinyusb/src/class/audio/audio_device.c.obj
LOAD CMakeFiles/dev_hid_composite.dir/home/sdk/pico-sdk/lib/tinyusb/src/class/cdc/cdc_device.c.obj
LOAD CMakeFiles/dev_hid_composite.dir/home/sdk/pico-sdk/lib/tinyusb/src/class/dfu/dfu_device.c.obj
LOAD CMakeFiles/dev_hid_composite.dir/home/sdk/pico-sdk/lib/tinyusb/src/class/dfu/dfu_rt_device.c.obj
LOAD CMakeFiles/dev_hid_composite.dir/home/sdk/pico-sdk/lib/tinyusb/src/class/hid/hid_device.c.obj
LOAD CMakeFiles/dev_hid_composite.dir/home/sdk/pico-sdk/lib/tinyusb/src/class/midi/midi_device.c.obj
LOAD CMakeFiles/dev_hid_composite.dir/home/sdk/pico-sdk/lib/tinyusb/src/class/msc/msc_device.c.obj
LOAD CMakeFiles/dev_hid_composite.dir/home/sdk/pico-sdk/lib/tinyusb/src/class/net/ecm_rndis_device.c.obj
LOAD CMakeFiles/dev_hid_composite.dir/home/sdk/pico-sdk/lib/tinyusb/src/class/net/ncm_device.c.obj
LOAD CMakeFiles/dev_hid_composite.dir/home/sdk/pico-sdk/lib/tinyusb/src/class/usbtmc/usbtmc_device.c.obj
LOAD CMakeFiles/dev_hid_composite.dir/home/sdk/pico-sdk/lib/tinyusb/src/class/vendor/vendor_device.c.obj
LOAD CMakeFiles/dev_hid_composite.dir/home/sdk/pico-sdk/lib/tinyusb/src/class/video/video_device.c.obj
LOAD CMakeFiles/dev_hid_composite.dir/home/sdk/pico-sdk/lib/tinyusb/src/tusb.c.obj
LOAD CMakeFiles/dev_hid_composite.dir/home/sdk/pico-sdk/lib/tinyusb/src/common/tusb_fifo.c.obj
LOAD CMakeFiles/dev_hid_composite.dir/home/sdk/pico-sdk/src/rp2_common/pico_fix/rp2040_usb_device_enumeration/rp2040_usb_device_enumeration.c.obj
LOAD CMakeFiles/dev_hid_composite.dir/home/sdk/pico-sdk/lib/tinyusb/hw/bsp/rp2040/family.c.obj
LOAD /tmp/ccGn5Hi1.o
LOAD /usr/lib/gcc/arm-none-eabi/10.3.1/../../../arm-none-eabi/lib/thumb/v6-m/nofp/libstdc++.a
LOAD /usr/lib/gcc/arm-none-eabi/10.3.1/../../../arm-none-eabi/lib/thumb/v6-m/nofp/libm.a
START GROUP
LOAD /usr/lib/gcc/arm-none-eabi/10.3.1/thumb/v6-m/nofp/libgcc.a
LOAD /usr/lib/gcc/arm-none-eabi/10.3.1/../../../arm-none-eabi/lib/thumb/v6-m/nofp/libc.a
END GROUP
START GROUP
LOAD /usr/lib/gcc/arm-none-eabi/10.3.1/thumb/v6-m/nofp/libgcc.a
LOAD /usr/lib/gcc/arm-none-eabi/10.3.1/../../../arm-none-eabi/lib/thumb/v6-m/nofp/libc.a
LOAD /usr/lib/gcc/arm-none-eabi/10.3.1/../../../arm-none-eabi/lib/thumb/v6-m/nofp/libnosys.a
END GROUP
LOAD /usr/lib/gcc/arm-none-eabi/10.3.1/thumb/v6-m/nofp/crtend.o
LOAD /usr/lib/gcc/arm-none-eabi/10.3.1/thumb/v6-m/nofp/crtn.o
OUTPUT(dev_hid_composite.elf elf32-littlearm)
LOAD linker stubs

.ARM.attributes
                0x0000000000000000       0x28
 .ARM.attributes
                0x0000000000000000       0x1e /usr/lib/gcc/arm-none-eabi/10.3.1/thumb/v6-m/nofp/crti.o
 .ARM.attributes
                0x000000000000001e       0x2c /usr/lib/gcc/arm-none-eabi/10.3.1/thumb/v6-m/nofp/crtbegin.o
 .ARM.attributes
                0x000000000000004a       0x2c CMakeFiles/dev_hid_composite.dir/main.c.obj
 .ARM.attributes
                0x0000000000000076       0x2c CMakeFiles/dev_hid_composite.dir/usb_descriptors.c.obj
 .ARM.attributes
                0x00000000000000a2       0x2c CMakeFiles/dev_hid_composite.dir/home/sdk/pico-sdk/src/rp2_common/hardware_gpio/gpio.c.obj
 .ARM.attributes
                0x00000000000000ce       0x2c CMakeFiles/dev_hid_composite.dir/home/sdk/pico-sdk/src/rp2_common/hardware_claim/claim.c.obj
 .ARM.attributes
                0x00000000000000fa       0x2c CMakeFiles/dev_hid_composite.dir/home/sdk/pico-sdk/src/rp2_common/pico_platform/platform.c.obj
 .ARM.attributes
                0x0000000000000126       0x2c CMakeFiles/dev_hid_composite.dir/home/sdk/pico-sdk/src/rp2_common/hardware_sync/sync.c.obj
 .ARM.attributes
                0x0000000000000152       0x2c CMakeFiles/dev_hid_composite.dir/home/sdk/pico-sdk/src/rp2_common/hardware_irq/irq.c.obj
 .ARM.attributes
                0x000000000000017e       0x22 CMakeFiles/dev_hid_composite.dir/home/sdk/pico-sdk/src/rp2_common/hardware_irq/irq_handler_chain.S.obj
 .ARM.attributes
                0x00000000000001a0       0x2c CMakeFiles/dev_hid_composite.dir/home/sdk/pico-sdk/src/common/pico_sync/lock_core.c.obj
 .ARM.attributes
                0x00000000000001cc       0x2c CMakeFiles/dev_hid_composite.dir/home/sdk/pico-sdk/src/common/pico_time/time.c.obj
 .ARM.attributes
                0x00000000000001f8       0x2c CMakeFiles/dev_hid_composite.dir/home/sdk/pico-sdk/src/rp2_common/hardware_timer/timer.c.obj
 .ARM.attributes
                0x0000000000000224       0x2c CMakeFiles/dev_hid_composite.dir/home/sdk/pico-sdk/src/common/pico_util/pheap.c.obj
 .ARM.attributes
                0x0000000000000250       0x2c CMakeFiles/dev_hid_composite.dir/home/sdk/pico-sdk/src/common/pico_sync/mutex.c.obj
 .ARM.attributes
                0x000000000000027c       0x2c CMakeFiles/dev_hid_composite.dir/home/sdk/pico-sdk/src/common/pico_sync/critical_section.c.obj
 .ARM.attributes
                0x00000000000002a8       0x2c CMakeFiles/dev_hid_composite.dir/home/sdk/pico-sdk/src/rp2_common/hardware_uart/uart.c.obj
 .ARM.attributes
                0x00000000000002d4       0x2c CMakeFiles/dev_hid_composite.dir/home/sdk/pico-sdk/src/rp2_common/pico_runtime/runtime.c.obj
 .ARM.attributes
                0x0000000000000300       0x2c CMakeFiles/dev_hid_composite.dir/home/sdk/pico-sdk/src/rp2_common/hardware_clocks/clocks.c.obj
 .ARM.attributes
                0x000000000000032c       0x2c CMakeFiles/dev_hid_composite.dir/home/sdk/pico-sdk/src/rp2_common/hardware_pll/pll.c.obj
 .ARM.attributes
                0x0000000000000358       0x2c CMakeFiles/dev_hid_composite.dir/home/sdk/pico-sdk/src/rp2_common/hardware_watchdog/watchdog.c.obj
 .ARM.attributes
                0x0000000000000384       0x2c CMakeFiles/dev_hid_composite.dir/home/sdk/pico-sdk/src/rp2_common/hardware_xosc/xosc.c.obj
 .ARM.attributes
                0x00000000000003b0       0x2c CMakeFiles/dev_hid_composite.dir/home/sdk/pico-sdk/src/rp2_common/pico_printf/printf.c.obj
 .ARM.attributes
                0x00000000000003dc       0x22 CMakeFiles/dev_hid_composite.dir/home/sdk/pico-sdk/src/rp2_common/pico_bit_ops/bit_ops_aeabi.S.obj
 .ARM.attributes
                0x00000000000003fe       0x2c CMakeFiles/dev_hid_composite.dir/home/sdk/pico-sdk/src/rp2_common/pico_bootrom/bootrom.c.obj
 .ARM.attributes
                0x000000000000042a       0x22 CMakeFiles/dev_hid_composite.dir/home/sdk/pico-sdk/src/rp2_common/pico_divider/divider.S.obj
 .ARM.attributes
                0x000000000000044c       0x22 CMakeFiles/dev_hid_composite.dir/home/sdk/pico-sdk/src/rp2_common/pico_double/double_aeabi.S.obj
 .ARM.attributes
                0x000000000000046e       0x2c CMakeFiles/dev_hid_composite.dir/home/sdk/pico-sdk/src/rp2_common/pico_double/double_init_rom.c.obj
 .ARM.attributes
                0x000000000000049a       0x22 CMakeFiles/dev_hid_composite.dir/home/sdk/pico-sdk/src/rp2_common/pico_double/double_v1_rom_shim.S.obj
 .ARM.attributes
                0x00000000000004bc       0x22 CMakeFiles/dev_hid_composite.dir/home/sdk/pico-sdk/src/rp2_common/pico_int64_ops/pico_int64_ops_aeabi.S.obj
 .ARM.attributes
                0x00000000000004de       0x22 CMakeFiles/dev_hid_composite.dir/home/sdk/pico-sdk/src/rp2_common/pico_float/float_aeabi.S.obj
 .ARM.attributes
                0x0000000000000500       0x2c CMakeFiles/dev_hid_composite.dir/home/sdk/pico-sdk/src/rp2_common/pico_float/float_init_rom.c.obj
 .ARM.attributes
                0x000000000000052c       0x22 CMakeFiles/dev_hid_composite.dir/home/sdk/pico-sdk/src/rp2_common/pico_float/float_v1_rom_shim.S.obj
 .ARM.attributes
                0x000000000000054e       0x22 CMakeFiles/dev_hid_composite.dir/home/sdk/pico-sdk/src/rp2_common/pico_mem_ops/mem_ops_aeabi.S.obj
 .ARM.attributes
                0x0000000000000570       0x22 CMakeFiles/dev_hid_composite.dir/home/sdk/pico-sdk/src/rp2_common/pico_standard_link/crt0.S.obj
 .ARM.attributes
                0x0000000000000592       0x32 CMakeFiles/dev_hid_composite.dir/home/sdk/pico-sdk/src/rp2_common/pico_standard_link/binary_info.c.obj
 .ARM.attributes
                0x00000000000005c4       0x2c CMakeFiles/dev_hid_composite.dir/home/sdk/pico-sdk/src/rp2_common/pico_stdio/stdio.c.obj
 .ARM.attributes
                0x00000000000005f0       0x2c CMakeFiles/dev_hid_composite.dir/home/sdk/pico-sdk/src/rp2_common/pico_stdio_uart/stdio_uart.c.obj
 .ARM.attributes
                0x000000000000061c       0x2c CMakeFiles/dev_hid_composite.dir/home/sdk/pico-sdk/lib/tinyusb/src/portable/raspberrypi/rp2040/dcd_rp2040.c.obj
 .ARM.attributes
                0x0000000000000648       0x2c CMakeFiles/dev_hid_composite.dir/home/sdk/pico-sdk/lib/tinyusb/src/portable/raspberrypi/rp2040/rp2040_usb.c.obj
 .ARM.attributes
                0x0000000000000674       0x2c CMakeFiles/dev_hid_composite.dir/home/sdk/pico-sdk/lib/tinyusb/src/device/usbd.c.obj
 .ARM.attributes
                0x00000000000006a0       0x2c CMakeFiles/dev_hid_composite.dir/home/sdk/pico-sdk/lib/tinyusb/src/device/usbd_control.c.obj
 .ARM.attributes
                0x00000000000006cc       0x2c CMakeFiles/dev_hid_composite.dir/home/sdk/pico-sdk/lib/tinyusb/src/class/hid/hid_device.c.obj
 .ARM.attributes
                0x00000000000006f8       0x2c CMakeFiles/dev_hid_composite.dir/home/sdk/pico-sdk/lib/tinyusb/src/tusb.c.obj
 .ARM.attributes
                0x0000000000000724       0x2c CMakeFiles/dev_hid_composite.dir/home/sdk/pico-sdk/lib/tinyusb/src/common/tusb_fifo.c.obj
 .ARM.attributes
                0x0000000000000750       0x2c CMakeFiles/dev_hid_composite.dir/home/sdk/pico-sdk/lib/tinyusb/hw/bsp/rp2040/family.c.obj
 .ARM.attributes
                0x000000000000077c       0x22 /tmp/ccGn5Hi1.o
 .ARM.attributes
                0x000000000000079e       0x1e /usr/lib/gcc/arm-none-eabi/10.3.1/thumb/v6-m/nofp/libgcc.a(_dvmd_tls.o)
 .ARM.attributes
                0x00000000000007bc       0x2c /usr/lib/gcc/arm-none-eabi/10.3.1/../../../arm-none-eabi/lib/thumb/v6-m/nofp/libc.a(lib_a-strlen-stub.o)
 .ARM.attributes
                0x00000000000007e8       0x2c /usr/lib/gcc/arm-none-eabi/10.3.1/thumb/v6-m/nofp/crtend.o

.comment        0x0000000000000000       0x33
 .comment       0x0000000000000000       0x33 /usr/lib/gcc/arm-none-eabi/10.3.1/thumb/v6-m/nofp/crtbegin.o
                                         0x34 (size before relaxing)
 .comment       0x0000000000000033       0x34 CMakeFiles/dev_hid_composite.dir/main.c.obj
 .comment       0x0000000000000033       0x34 CMakeFiles/dev_hid_composite.dir/usb_descriptors.c.obj
 .comment       0x0000000000000033       0x34 CMakeFiles/dev_hid_composite.dir/home/sdk/pico-sdk/src/rp2_common/hardware_gpio/gpio.c.obj
 .comment       0x0000000000000033       0x34 CMakeFiles/dev_hid_composite.dir/home/sdk/pico-sdk/src/rp2_common/hardware_claim/claim.c.obj
 .comment       0x0000000000000033       0x34 CMakeFiles/dev_hid_composite.dir/home/sdk/pico-sdk/src/rp2_common/pico_platform/platform.c.obj
 .comment       0x0000000000000033       0x34 CMakeFiles/dev_hid_composite.dir/home/sdk/pico-sdk/src/rp2_common/hardware_sync/sync.c.obj
 .comment       0x0000000000000033       0x34 CMakeFiles/dev_hid_composite.dir/home/sdk/pico-sdk/src/rp2_common/hardware_irq/irq.c.obj
 .comment       0x0000000000000033       0x34 CMakeFiles/dev_hid_composite.dir/home/sdk/pico-sdk/src/common/pico_sync/lock_core.c.obj
 .comment       0x0000000000000033       0x34 CMakeFiles/dev_hid_composite.dir/home/sdk/pico-sdk/src/common/pico_time/time.c.obj
 .comment       0x0000000000000033       0x34 CMakeFiles/dev_hid_composite.dir/home/sdk/pico-sdk/src/rp2_common/hardware_timer/timer.c.obj
 .comment       0x0000000000000033       0x34 CMakeFiles/dev_hid_composite.dir/home/sdk/pico-sdk/src/common/pico_util/pheap.c.obj
 .comment       0x0000000000000033       0x34 CMakeFiles/dev_hid_composite.dir/home/sdk/pico-sdk/src/common/pico_sync/mutex.c.obj
 .comment       0x0000000000000033       0x34 CMakeFiles/dev_hid_composite.dir/home/sdk/pico-sdk/src/common/pico_sync/critical_section.c.obj
 .comment       0x0000000000000033       0x34 CMakeFiles/dev_hid_composite.dir/home/sdk/pico-sdk/src/rp2_common/hardware_uart/uart.c.obj
 .comment       0x0000000000000033       0x34 CMakeFiles/dev_hid_composite.dir/home/sdk/pico-sdk/src/rp2_common/pico_runtime/runtime.c.obj
 .comment       0x0000000000000033       0x34 CMakeFiles/dev_hid_composite.dir/home/sdk/pico-sdk/src/rp2_common/hardware_clocks/clocks.c.obj
 .comment       0x0000000000000033       0x34 CMakeFiles/dev_hid_composite.dir/home/sdk/pico-sdk/src/rp2_common/hardware_pll/pll.c.obj
 .comment       0x0000000000000033       0x34 CMakeFiles/dev_hid_composite.dir/home/sdk/pico-sdk/src/rp2_common/hardware_watchdog/watchdog.c.obj
 .comment       0x0000000000000033       0x34 CMakeFiles/dev_hid_composite.dir/home/sdk/pico-sdk/src/rp2_common/hardware_xosc/xosc.c.obj
 .comment       0x0000000000000033       0x34 CMakeFiles/dev_hid_composite.dir/home/sdk/pico-sdk/src/rp2_common/pico_printf/printf.c.obj
 .comment       0x0000000000000033       0x34 CMakeFiles/dev_hid_composite.dir/home/sdk/pico-sdk/src/rp2_common/pico_bootrom/bootrom.c.obj
 .comment       0x0000000000000033       0x34 CMakeFiles/dev_hid_composite.dir/home/sdk/pico-sdk/src/rp2_common/pico_double/double_init_rom.c.obj
 .comment       0x0000000000000033       0x34 CMakeFiles/dev_hid_composite.dir/home/sdk/pico-sdk/src/rp2_common/pico_float/float_init_rom.c.obj
 .comment       0x0000000000000033       0x34 CMakeFiles/dev_hid_composite.dir/home/sdk/pico-sdk/src/rp2_common/pico_standard_link/binary_info.c.obj
 .comment       0x0000000000000033       0x34 CMakeFiles/dev_hid_composite.dir/home/sdk/pico-sdk/src/rp2_common/pico_stdio/stdio.c.obj
 .comment       0x0000000000000033       0x34 CMakeFiles/dev_hid_composite.dir/home/sdk/pico-sdk/src/rp2_common/pico_stdio_uart/stdio_uart.c.obj
 .comment       0x0000000000000033       0x34 CMakeFiles/dev_hid_composite.dir/home/sdk/pico-sdk/lib/tinyusb/src/portable/raspberrypi/rp2040/dcd_rp2040.c.obj
 .comment       0x0000000000000033       0x34 CMakeFiles/dev_hid_composite.dir/home/sdk/pico-sdk/lib/tinyusb/src/portable/raspberrypi/rp2040/rp2040_usb.c.obj
 .comment       0x0000000000000033       0x34 CMakeFiles/dev_hid_composite.dir/home/sdk/pico-sdk/lib/tinyusb/src/device/usbd.c.obj
 .comment       0x0000000000000033       0x34 CMakeFiles/dev_hid_composite.dir/home/sdk/pico-sdk/lib/tinyusb/src/device/usbd_control.c.obj
 .comment       0x0000000000000033       0x34 CMakeFiles/dev_hid_composite.dir/home/sdk/pico-sdk/lib/tinyusb/src/class/hid/hid_device.c.obj
 .comment       0x0000000000000033       0x34 CMakeFiles/dev_hid_composite.dir/home/sdk/pico-sdk/lib/tinyusb/src/tusb.c.obj
 .comment       0x0000000000000033       0x34 CMakeFiles/dev_hid_composite.dir/home/sdk/pico-sdk/lib/tinyusb/src/common/tusb_fifo.c.obj
 .comment       0x0000000000000033       0x34 CMakeFiles/dev_hid_composite.dir/home/sdk/pico-sdk/lib/tinyusb/hw/bsp/rp2040/family.c.obj
 .comment       0x0000000000000033       0x34 /usr/lib/gcc/arm-none-eabi/10.3.1/../../../arm-none-eabi/lib/thumb/v6-m/nofp/libc.a(lib_a-strlen-stub.o)
 .comment       0x0000000000000033       0x34 /usr/lib/gcc/arm-none-eabi/10.3.1/thumb/v6-m/nofp/crtend.o

.debug_line     0x0000000000000000      0x1d2
 .debug_line    0x0000000000000000       0x60 /usr/lib/gcc/arm-none-eabi/10.3.1/thumb/v6-m/nofp/libgcc.a(_dvmd_tls.o)
 .debug_line    0x0000000000000060      0x172 /usr/lib/gcc/arm-none-eabi/10.3.1/../../../arm-none-eabi/lib/thumb/v6-m/nofp/libc.a(lib_a-strlen-stub.o)

.debug_info     0x0000000000000000      0x114
 .debug_info    0x0000000000000000       0x26 /usr/lib/gcc/arm-none-eabi/10.3.1/thumb/v6-m/nofp/libgcc.a(_dvmd_tls.o)
 .debug_info    0x0000000000000026       0xee /usr/lib/gcc/arm-none-eabi/10.3.1/../../../arm-none-eabi/lib/thumb/v6-m/nofp/libc.a(lib_a-strlen-stub.o)

.debug_abbrev   0x0000000000000000       0xa3
 .debug_abbrev  0x0000000000000000       0x14 /usr/lib/gcc/arm-none-eabi/10.3.1/thumb/v6-m/nofp/libgcc.a(_dvmd_tls.o)
 .debug_abbrev  0x0000000000000014       0x8f /usr/lib/gcc/arm-none-eabi/10.3.1/../../../arm-none-eabi/lib/thumb/v6-m/nofp/libc.a(lib_a-strlen-stub.o)

.debug_aranges  0x0000000000000000       0x40
 .debug_aranges
                0x0000000000000000       0x20 /usr/lib/gcc/arm-none-eabi/10.3.1/thumb/v6-m/nofp/libgcc.a(_dvmd_tls.o)
 .debug_aranges
                0x0000000000000020       0x20 /usr/lib/gcc/arm-none-eabi/10.3.1/../../../arm-none-eabi/lib/thumb/v6-m/nofp/libc.a(lib_a-strlen-stub.o)

.debug_str      0x0000000000000000      0x232
 .debug_str     0x0000000000000000       0xa6 /usr/lib/gcc/arm-none-eabi/10.3.1/thumb/v6-m/nofp/libgcc.a(_dvmd_tls.o)
 .debug_str     0x00000000000000a6      0x18c /usr/lib/gcc/arm-none-eabi/10.3.1/../../../arm-none-eabi/lib/thumb/v6-m/nofp/libc.a(lib_a-strlen-stub.o)
                                        0x1c5 (size before relaxing)

.debug_loc      0x0000000000000000       0x90
 .debug_loc     0x0000000000000000       0x90 /usr/lib/gcc/arm-none-eabi/10.3.1/../../../arm-none-eabi/lib/thumb/v6-m/nofp/libc.a(lib_a-strlen-stub.o)

.debug_frame    0x0000000000000000       0x28
 .debug_frame   0x0000000000000000       0x28 /usr/lib/gcc/arm-none-eabi/10.3.1/../../../arm-none-eabi/lib/thumb/v6-m/nofp/libc.a(lib_a-strlen-stub.o)
