Archive member included to satisfy reference by file (symbol)

/usr/lib/gcc/arm-none-eabi/10.3.1/thumb/v6-m/nofp/libgcc.a(_dvmd_tls.o)
                              CMakeFiles/3k_keypad.dir/home/sdk/pico-sdk/src/rp2_common/pico_divider/divider.S.obj (__aeabi_idiv0)
/usr/lib/gcc/arm-none-eabi/10.3.1/../../../arm-none-eabi/lib/thumb/v6-m/nofp/libc.a(lib_a-atexit.o)
                              /usr/lib/gcc/arm-none-eabi/10.3.1/../../../arm-none-eabi/lib/thumb/v6-m/nofp/crt0.o (atexit)
/usr/lib/gcc/arm-none-eabi/10.3.1/../../../arm-none-eabi/lib/thumb/v6-m/nofp/libc.a(lib_a-calloc.o)
                              CMakeFiles/3k_keypad.dir/home/sdk/pico-sdk/src/rp2_common/pico_malloc/pico_malloc.c.obj (calloc)
/usr/lib/gcc/arm-none-eabi/10.3.1/../../../arm-none-eabi/lib/thumb/v6-m/nofp/libc.a(lib_a-callocr.o)
                              /usr/lib/gcc/arm-none-eabi/10.3.1/../../../arm-none-eabi/lib/thumb/v6-m/nofp/libc.a(lib_a-calloc.o) (_calloc_r)
/usr/lib/gcc/arm-none-eabi/10.3.1/../../../arm-none-eabi/lib/thumb/v6-m/nofp/libc.a(lib_a-fini.o)
                              /usr/lib/gcc/arm-none-eabi/10.3.1/../../../arm-none-eabi/lib/thumb/v6-m/nofp/crt0.o (__libc_fini_array)
/usr/lib/gcc/arm-none-eabi/10.3.1/../../../arm-none-eabi/lib/thumb/v6-m/nofp/libc.a(lib_a-impure.o)
                              /usr/lib/gcc/arm-none-eabi/10.3.1/../../../arm-none-eabi/lib/thumb/v6-m/nofp/libc.a(lib_a-calloc.o) (_impure_ptr)
/usr/lib/gcc/arm-none-eabi/10.3.1/../../../arm-none-eabi/lib/thumb/v6-m/nofp/libc.a(lib_a-init.o)
                              /usr/lib/gcc/arm-none-eabi/10.3.1/../../../arm-none-eabi/lib/thumb/v6-m/nofp/crt0.o (__libc_init_array)
/usr/lib/gcc/arm-none-eabi/10.3.1/../../../arm-none-eabi/lib/thumb/v6-m/nofp/libc.a(lib_a-malloc.o)
                              CMakeFiles/3k_keypad.dir/home/sdk/pico-sdk/src/rp2_common/pico_malloc/pico_malloc.c.obj (malloc)
/usr/lib/gcc/arm-none-eabi/10.3.1/../../../arm-none-eabi/lib/thumb/v6-m/nofp/libc.a(lib_a-mallocr.o)
                              /usr/lib/gcc/arm-none-eabi/10.3.1/../../../arm-none-eabi/lib/thumb/v6-m/nofp/libc.a(lib_a-callocr.o) (_malloc_r)
/usr/lib/gcc/arm-none-eabi/10.3.1/../../../arm-none-eabi/lib/thumb/v6-m/nofp/libc.a(lib_a-mlock.o)
                              /usr/lib/gcc/arm-none-eabi/10.3.1/../../../arm-none-eabi/lib/thumb/v6-m/nofp/libc.a(lib_a-mallocr.o) (__malloc_lock)
/usr/lib/gcc/arm-none-eabi/10.3.1/../../../arm-none-eabi/lib/thumb/v6-m/nofp/libc.a(lib_a-realloc.o)
                              CMakeFiles/3k_keypad.dir/home/sdk/pico-sdk/src/rp2_common/pico_malloc/pico_malloc.c.obj (realloc)
/usr/lib/gcc/arm-none-eabi/10.3.1/../../../arm-none-eabi/lib/thumb/v6-m/nofp/libc.a(lib_a-reallocr.o)
                              /usr/lib/gcc/arm-none-eabi/10.3.1/../../../arm-none-eabi/lib/thumb/v6-m/nofp/libc.a(lib_a-realloc.o) (_realloc_r)
/usr/lib/gcc/arm-none-eabi/10.3.1/../../../arm-none-eabi/lib/thumb/v6-m/nofp/libc.a(lib_a-sbrkr.o)
                              /usr/lib/gcc/arm-none-eabi/10.3.1/../../../arm-none-eabi/lib/thumb/v6-m/nofp/libc.a(lib_a-mallocr.o) (_sbrk_r)
/usr/lib/gcc/arm-none-eabi/10.3.1/../../../arm-none-eabi/lib/thumb/v6-m/nofp/libc.a(lib_a-strlen-stub.o)
                              CMakeFiles/3k_keypad.dir/usb_descriptors.c.obj (strlen)
/usr/lib/gcc/arm-none-eabi/10.3.1/../../../arm-none-eabi/lib/thumb/v6-m/nofp/libc.a(lib_a-__atexit.o)
                              /usr/lib/gcc/arm-none-eabi/10.3.1/../../../arm-none-eabi/lib/thumb/v6-m/nofp/libc.a(lib_a-atexit.o) (__register_exitproc)
/usr/lib/gcc/arm-none-eabi/10.3.1/../../../arm-none-eabi/lib/thumb/v6-m/nofp/libc.a(lib_a-freer.o)
                              /usr/lib/gcc/arm-none-eabi/10.3.1/../../../arm-none-eabi/lib/thumb/v6-m/nofp/libc.a(lib_a-malloc.o) (_free_r)
/usr/lib/gcc/arm-none-eabi/10.3.1/../../../arm-none-eabi/lib/thumb/v6-m/nofp/libc.a(lib_a-memmove.o)
                              /usr/lib/gcc/arm-none-eabi/10.3.1/../../../arm-none-eabi/lib/thumb/v6-m/nofp/libc.a(lib_a-reallocr.o) (memmove)
/usr/lib/gcc/arm-none-eabi/10.3.1/../../../arm-none-eabi/lib/thumb/v6-m/nofp/libc.a(lib_a-reent.o)
                              /usr/lib/gcc/arm-none-eabi/10.3.1/../../../arm-none-eabi/lib/thumb/v6-m/nofp/libc.a(lib_a-sbrkr.o) (errno)

Discarded input sections

 .text          0x0000000000000000        0x0 /usr/lib/gcc/arm-none-eabi/10.3.1/thumb/v6-m/nofp/crti.o
 .data          0x0000000000000000        0x0 /usr/lib/gcc/arm-none-eabi/10.3.1/thumb/v6-m/nofp/crti.o
 .bss           0x0000000000000000        0x0 /usr/lib/gcc/arm-none-eabi/10.3.1/thumb/v6-m/nofp/crti.o
 .data          0x0000000000000000        0x4 /usr/lib/gcc/arm-none-eabi/10.3.1/thumb/v6-m/nofp/crtbegin.o
 .rodata        0x0000000000000000       0x24 /usr/lib/gcc/arm-none-eabi/10.3.1/thumb/v6-m/nofp/crtbegin.o
 .fini_array    0x0000000000000000        0x4 /usr/lib/gcc/arm-none-eabi/10.3.1/thumb/v6-m/nofp/crtbegin.o
[...]
Memory Configuration

Name             Origin             Length             Attributes
FLASH            0x0000000010000000 0x0000000000200000 xr
RAM              0x0000000020000000 0x0000000000040000 xrw
SCRATCH_X        0x0000000020040000 0x0000000000001000 xrw
SCRATCH_Y        0x0000000020041000 0x0000000000001000 xrw
*default*        0x0000000000000000 0xffffffffffffffff

Linker script and memory map

LOAD /usr/lib/gcc/arm-none-eabi/10.3.1/thumb/v6-m/nofp/crti.o
LOAD /usr/lib/gcc/arm-none-eabi/10.3.1/thumb/v6-m/nofp/crtbegin.o
LOAD /usr/lib/gcc/arm-none-eabi/10.3.1/../../../arm-none-eabi/lib/thumb/v6-m/nofp/crt0.o

.flash_begin    0x0000000010000000        0x0
                0x0000000010000000                __flash_binary_start = .

.boot2          0x0000000010000000      0x100
                0x0000000010000000                __boot2_start__ = .
 *(.boot2)
 .boot2         0x0000000010000000      0x100 /tmp/ccvO25Jd.o
                0x0000000010000100                __boot2_end__ = .
                0x0000000000000001                ASSERT (((__boot2_end__ - __boot2_start__) == 0x100), ERROR: Pico second stage bootloader must be 256 bytes in size)

.text           0x0000000010000100     0x49a8
                0x0000000010000100                __logical_binary_start = .
 *(.vectors)
 .vectors       0x0000000010000100       0xd4 CMakeFiles/3k_keypad.dir/home/sdk/pico-sdk/src/rp2_common/pico_standard_link/crt0.S.obj
                0x0000000010000100                __vectors
                0x0000000010000100                __VECTOR_TABLE
                0x00000000100001c0                isr_invalid
                0x00000000100001c0                __default_isrs_start
                0x00000000100001c2                isr_nmi
                0x00000000100001c4                isr_hardfault
                0x00000000100001c6                isr_svcall
                0x00000000100001c8                isr_pendsv
                0x00000000100001ca                isr_systick
                0x00000000100001cc                isr_irq30
                0x00000000100001cc                __unhandled_user_irq
                0x00000000100001cc                isr_irq13
                0x00000000100001cc                isr_irq27
                0x00000000100001cc                isr_irq31
                0x00000000100001cc                isr_irq5
                0x00000000100001cc                isr_irq11
                0x00000000100001cc                isr_irq23
                0x00000000100001cc                isr_irq18
                0x00000000100001cc                isr_irq28
                0x00000000100001cc                isr_irq19
                0x00000000100001cc                isr_irq0
                0x00000000100001cc                isr_irq6
                0x00000000100001cc                isr_irq22
                0x00000000100001cc                isr_irq17
                0x00000000100001cc                isr_irq14
                0x00000000100001cc                isr_irq2
                0x00000000100001cc                isr_irq10
                0x00000000100001cc                isr_irq8
                0x00000000100001cc                isr_irq24
                0x00000000100001cc                isr_irq1
                0x00000000100001cc                isr_irq7
                0x00000000100001cc                isr_irq21
                0x00000000100001cc                isr_irq20
                0x00000000100001cc                isr_irq15
                0x00000000100001cc                isr_irq25
                0x00000000100001cc                isr_irq4
                0x00000000100001cc                isr_irq16
                0x00000000100001cc                isr_irq29
                0x00000000100001cc                isr_irq26
                0x00000000100001cc                __default_isrs_end
                0x00000000100001cc                isr_irq3
                0x00000000100001cc                isr_irq12
                0x00000000100001cc                isr_irq9
                0x00000000100001d2                unhandled_user_irq_num_in_r0
 *(.binary_info_header)
 .binary_info_header
                0x00000000100001d4       0x14 CMakeFiles/3k_keypad.dir/home/sdk/pico-sdk/src/rp2_common/pico_standard_link/crt0.S.obj
                0x00000000100001e8                __binary_info_header_end = .
 *(.reset)
 .reset         0x00000000100001e8       0xa8 CMakeFiles/3k_keypad.dir/home/sdk/pico-sdk/src/rp2_common/pico_standard_link/crt0.S.obj
                0x00000000100001e8                _entry_point
                0x0000000010000266                __get_current_exception
 .reset         0x0000000010000290       0x30 CMakeFiles/3k_keypad.dir/home/sdk/pico-sdk/src/rp2_common/pico_standard_link/binary_info.c.obj
 *(.init)
 .init          0x00000000100002c0        0x4 /usr/lib/gcc/arm-none-eabi/10.3.1/thumb/v6-m/nofp/crti.o
                0x00000000100002c0                _init
 *(EXCLUDE_FILE(*libm.a: *libc.a:*lib_a-mem*.o *libgcc.a:) .text*)
 .text          0x00000000100002c4       0x98 /usr/lib/gcc/arm-none-eabi/10.3.1/thumb/v6-m/nofp/crtbegin.o
 .text.core1_entry
                0x000000001000035c        0x4 CMakeFiles/3k_keypad.dir/main.c.obj
                0x000000001000035c                core1_entry
 .text.init     0x0000000010000360       0xf4 CMakeFiles/3k_keypad.dir/main.c.obj
                0x0000000010000360                init
 .text.startup.main
                0x0000000010000454       0xf4 CMakeFiles/3k_keypad.dir/main.c.obj
                0x0000000010000454                main
 .text.tud_hid_get_report_cb
                0x0000000010000548        0x4 CMakeFiles/3k_keypad.dir/main.c.obj
                0x0000000010000548                tud_hid_get_report_cb
 .text.tud_hid_set_report_cb
                0x000000001000054c        0x4 CMakeFiles/3k_keypad.dir/main.c.obj
                0x000000001000054c                tud_hid_set_report_cb
 .text.tud_descriptor_device_cb
                0x0000000010000550        0x8 CMakeFiles/3k_keypad.dir/usb_descriptors.c.obj
                0x0000000010000550                tud_descriptor_device_cb
 .text.tud_hid_descriptor_report_cb
                0x0000000010000558        0x8 CMakeFiles/3k_keypad.dir/usb_descriptors.c.obj
                0x0000000010000558                tud_hid_descriptor_report_cb
 .text.tud_descriptor_configuration_cb
                0x0000000010000560        0x8 CMakeFiles/3k_keypad.dir/usb_descriptors.c.obj
                0x0000000010000560                tud_descriptor_configuration_cb
 .text.tud_descriptor_string_cb
                0x0000000010000568       0x80 CMakeFiles/3k_keypad.dir/usb_descriptors.c.obj
                0x0000000010000568                tud_descriptor_string_cb
 .text.core1_trampoline
                0x00000000100005e8        0x4 CMakeFiles/3k_keypad.dir/home/sdk/pico-sdk/src/rp2_common/pico_multicore/multicore.c.obj
 .text.core1_wrapper
                0x00000000100005ec        0xc CMakeFiles/3k_keypad.dir/home/sdk/pico-sdk/src/rp2_common/pico_multicore/multicore.c.obj
                0x00000000100005ec                core1_wrapper
 .text.multicore_launch_core1_raw
                0x00000000100005f8       0x84 CMakeFiles/3k_keypad.dir/home/sdk/pico-sdk/src/rp2_common/pico_multicore/multicore.c.obj
                0x00000000100005f8                multicore_launch_core1_raw
 .text.multicore_launch_core1
                0x000000001000067c       0x4c CMakeFiles/3k_keypad.dir/home/sdk/pico-sdk/src/rp2_common/pico_multicore/multicore.c.obj
                0x000000001000067c                multicore_launch_core1
 .text.lock_init
                0x00000000100006c8       0x10 CMakeFiles/3k_keypad.dir/home/sdk/pico-sdk/src/common/pico_sync/lock_core.c.obj
                0x00000000100006c8                lock_init
 .text.spin_locks_reset
                0x00000000100006d8       0x1c CMakeFiles/3k_keypad.dir/home/sdk/pico-sdk/src/rp2_common/hardware_sync/sync.c.obj
                0x00000000100006d8                spin_locks_reset
 .text.next_striped_spin_lock_num
                0x00000000100006f4       0x18 CMakeFiles/3k_keypad.dir/home/sdk/pico-sdk/src/rp2_common/hardware_sync/sync.c.obj
                0x00000000100006f4                next_striped_spin_lock_num
 .text.spin_lock_claim_unused
                0x000000001000070c       0x20 CMakeFiles/3k_keypad.dir/home/sdk/pico-sdk/src/rp2_common/hardware_sync/sync.c.obj
                0x000000001000070c                spin_lock_claim_unused
 .text.hw_claim_lock
                0x000000001000072c       0x18 CMakeFiles/3k_keypad.dir/home/sdk/pico-sdk/src/rp2_common/hardware_claim/claim.c.obj
                0x000000001000072c                hw_claim_lock
 .text.hw_claim_unlock
                0x0000000010000744       0x14 CMakeFiles/3k_keypad.dir/home/sdk/pico-sdk/src/rp2_common/hardware_claim/claim.c.obj
                0x0000000010000744                hw_claim_unlock
 .text.hw_claim_or_assert
                0x0000000010000758       0x44 CMakeFiles/3k_keypad.dir/home/sdk/pico-sdk/src/rp2_common/hardware_claim/claim.c.obj
                0x0000000010000758                hw_claim_or_assert
 .text.hw_claim_unused_from_range
                0x000000001000079c       0x9c CMakeFiles/3k_keypad.dir/home/sdk/pico-sdk/src/rp2_common/hardware_claim/claim.c.obj
                0x000000001000079c                hw_claim_unused_from_range
 .text.running_on_fpga
                0x0000000010000838       0x10 CMakeFiles/3k_keypad.dir/home/sdk/pico-sdk/src/rp2_common/pico_platform/platform.c.obj
                0x0000000010000838                running_on_fpga
 .text.timer_pool_entry_comparator
                0x0000000010000848       0x34 CMakeFiles/3k_keypad.dir/home/sdk/pico-sdk/src/common/pico_time/time.c.obj
                0x0000000010000848                timer_pool_entry_comparator
 .text.sleep_until_callback
                0x000000001000087c       0x30 CMakeFiles/3k_keypad.dir/home/sdk/pico-sdk/src/common/pico_time/time.c.obj
 .text.add_alarm_under_lock.isra.0
                0x00000000100008ac      0x100 CMakeFiles/3k_keypad.dir/home/sdk/pico-sdk/src/common/pico_time/time.c.obj
 .text.alarm_pool_alarm_callback
                0x00000000100009ac      0x1c8 CMakeFiles/3k_keypad.dir/home/sdk/pico-sdk/src/common/pico_time/time.c.obj
 .text.alarm_pool_add_alarm_at.constprop.0
                0x0000000010000b74      0x11c CMakeFiles/3k_keypad.dir/home/sdk/pico-sdk/src/common/pico_time/time.c.obj
 .text.alarm_pool_init_default
                0x0000000010000c90       0x64 CMakeFiles/3k_keypad.dir/home/sdk/pico-sdk/src/common/pico_time/time.c.obj
                0x0000000010000c90                alarm_pool_init_default
 .text.best_effort_wfe_or_timeout
                0x0000000010000cf4       0xd4 CMakeFiles/3k_keypad.dir/home/sdk/pico-sdk/src/common/pico_time/time.c.obj
                0x0000000010000cf4                best_effort_wfe_or_timeout
 .text.hardware_alarm_irq_handler
                0x0000000010000dc8       0xb8 CMakeFiles/3k_keypad.dir/home/sdk/pico-sdk/src/rp2_common/hardware_timer/timer.c.obj
 .text.hardware_alarm_claim
                0x0000000010000e80       0x18 CMakeFiles/3k_keypad.dir/home/sdk/pico-sdk/src/rp2_common/hardware_timer/timer.c.obj
                0x0000000010000e80                hardware_alarm_claim
 .text.time_us_64
                0x0000000010000e98       0x14 CMakeFiles/3k_keypad.dir/home/sdk/pico-sdk/src/rp2_common/hardware_timer/timer.c.obj
                0x0000000010000e98                time_us_64
 .text.hardware_alarm_set_callback
                0x0000000010000eac       0x8c CMakeFiles/3k_keypad.dir/home/sdk/pico-sdk/src/rp2_common/hardware_timer/timer.c.obj
                0x0000000010000eac                hardware_alarm_set_callback
 .text.hardware_alarm_set_target
                0x0000000010000f38       0xe0 CMakeFiles/3k_keypad.dir/home/sdk/pico-sdk/src/rp2_common/hardware_timer/timer.c.obj
                0x0000000010000f38                hardware_alarm_set_target
 .text.hardware_alarm_cancel
                0x0000000010001018       0x3c CMakeFiles/3k_keypad.dir/home/sdk/pico-sdk/src/rp2_common/hardware_timer/timer.c.obj
                0x0000000010001018                hardware_alarm_cancel
 .text.ph_merge_nodes
                0x0000000010001054       0x68 CMakeFiles/3k_keypad.dir/home/sdk/pico-sdk/src/common/pico_util/pheap.c.obj
 .text.ph_post_alloc_init
                0x00000000100010bc       0x3c CMakeFiles/3k_keypad.dir/home/sdk/pico-sdk/src/common/pico_util/pheap.c.obj
                0x00000000100010bc                ph_post_alloc_init
 .text.ph_merge_two_pass
                0x00000000100010f8       0x90 CMakeFiles/3k_keypad.dir/home/sdk/pico-sdk/src/common/pico_util/pheap.c.obj
                0x00000000100010f8                ph_merge_two_pass
 .text.ph_remove_any_head
                0x0000000010001188       0xf8 CMakeFiles/3k_keypad.dir/home/sdk/pico-sdk/src/common/pico_util/pheap.c.obj
 .text.ph_remove_head
                0x0000000010001280       0xfc CMakeFiles/3k_keypad.dir/home/sdk/pico-sdk/src/common/pico_util/pheap.c.obj
                0x0000000010001280                ph_remove_head
 .text.ph_remove_and_free_node
                0x000000001000137c       0x7c CMakeFiles/3k_keypad.dir/home/sdk/pico-sdk/src/common/pico_util/pheap.c.obj
                0x000000001000137c                ph_remove_and_free_node
 .text.mutex_init
                0x00000000100013f8       0x1c CMakeFiles/3k_keypad.dir/home/sdk/pico-sdk/src/common/pico_sync/mutex.c.obj
                0x00000000100013f8                mutex_init
 .text.recursive_mutex_init
                0x0000000010001414       0x1c CMakeFiles/3k_keypad.dir/home/sdk/pico-sdk/src/common/pico_sync/mutex.c.obj
                0x0000000010001414                recursive_mutex_init
 .text.critical_section_init
                0x0000000010001430       0x20 CMakeFiles/3k_keypad.dir/home/sdk/pico-sdk/src/common/pico_sync/critical_section.c.obj
                0x0000000010001430                critical_section_init
 .text.irq_set_enabled
                0x0000000010001450       0x24 CMakeFiles/3k_keypad.dir/home/sdk/pico-sdk/src/rp2_common/hardware_irq/irq.c.obj
                0x0000000010001450                irq_set_enabled
 .text.irq_is_enabled
                0x0000000010001474       0x18 CMakeFiles/3k_keypad.dir/home/sdk/pico-sdk/src/rp2_common/hardware_irq/irq.c.obj
                0x0000000010001474                irq_is_enabled
 .text.irq_get_vtable_handler
                0x000000001000148c       0x10 CMakeFiles/3k_keypad.dir/home/sdk/pico-sdk/src/rp2_common/hardware_irq/irq.c.obj
                0x000000001000148c                irq_get_vtable_handler
 .text.irq_set_exclusive_handler
                0x000000001000149c       0x54 CMakeFiles/3k_keypad.dir/home/sdk/pico-sdk/src/rp2_common/hardware_irq/irq.c.obj
                0x000000001000149c                irq_set_exclusive_handler
 .text.irq_remove_handler
                0x00000000100014f0      0x1b4 CMakeFiles/3k_keypad.dir/home/sdk/pico-sdk/src/rp2_common/hardware_irq/irq.c.obj
                0x00000000100014f0                irq_remove_handler
 .text.irq_add_tail_to_free_list
                0x00000000100016a4       0xb4 CMakeFiles/3k_keypad.dir/home/sdk/pico-sdk/src/rp2_common/hardware_irq/irq.c.obj
                0x00000000100016a4                irq_add_tail_to_free_list
 .text.irq_init_priorities
                0x0000000010001758       0x24 CMakeFiles/3k_keypad.dir/home/sdk/pico-sdk/src/rp2_common/hardware_irq/irq.c.obj
                0x0000000010001758                irq_init_priorities
 .text.gpio_set_function
                0x000000001000177c       0x30 CMakeFiles/3k_keypad.dir/home/sdk/pico-sdk/src/rp2_common/hardware_gpio/gpio.c.obj
                0x000000001000177c                gpio_set_function
 .text.gpio_set_pulls
                0x00000000100017ac       0x30 CMakeFiles/3k_keypad.dir/home/sdk/pico-sdk/src/rp2_common/hardware_gpio/gpio.c.obj
                0x00000000100017ac                gpio_set_pulls
 .text.gpio_init
                0x00000000100017dc       0x3c CMakeFiles/3k_keypad.dir/home/sdk/pico-sdk/src/rp2_common/hardware_gpio/gpio.c.obj
                0x00000000100017dc                gpio_init
 .text.uart_init
                0x0000000010001818       0xe0 CMakeFiles/3k_keypad.dir/home/sdk/pico-sdk/src/rp2_common/hardware_uart/uart.c.obj
                0x0000000010001818                uart_init
 .text.runtime_init
                0x00000000100018f8       0xf0 CMakeFiles/3k_keypad.dir/home/sdk/pico-sdk/src/rp2_common/pico_runtime/runtime.c.obj
                0x00000000100018f8                runtime_init
 .text.exit     0x00000000100019e8        0x4 CMakeFiles/3k_keypad.dir/home/sdk/pico-sdk/src/rp2_common/pico_runtime/runtime.c.obj
                0x00000000100019e8                exit
 .text.panic    0x00000000100019ec       0x30 CMakeFiles/3k_keypad.dir/home/sdk/pico-sdk/src/rp2_common/pico_runtime/runtime.c.obj
                0x00000000100019ec                panic
 .text.hard_assertion_failure
                0x0000000010001a1c        0xc CMakeFiles/3k_keypad.dir/home/sdk/pico-sdk/src/rp2_common/pico_runtime/runtime.c.obj
                0x0000000010001a1c                hard_assertion_failure
 .text.clocks_init
                0x0000000010001a28      0x2bc CMakeFiles/3k_keypad.dir/home/sdk/pico-sdk/src/rp2_common/hardware_clocks/clocks.c.obj
                0x0000000010001a28                clocks_init
 .text.clock_get_hz
                0x0000000010001ce4        0xc CMakeFiles/3k_keypad.dir/home/sdk/pico-sdk/src/rp2_common/hardware_clocks/clocks.c.obj
                0x0000000010001ce4                clock_get_hz
 .text.pll_init
                0x0000000010001cf0       0xb0 CMakeFiles/3k_keypad.dir/home/sdk/pico-sdk/src/rp2_common/hardware_pll/pll.c.obj
                0x0000000010001cf0                pll_init
 .text.watchdog_start_tick
                0x0000000010001da0       0x10 CMakeFiles/3k_keypad.dir/home/sdk/pico-sdk/src/rp2_common/hardware_watchdog/watchdog.c.obj
                0x0000000010001da0                watchdog_start_tick
 .text.xosc_init
                0x0000000010001db0       0x28 CMakeFiles/3k_keypad.dir/home/sdk/pico-sdk/src/rp2_common/hardware_xosc/xosc.c.obj
                0x0000000010001db0                xosc_init
 .text._out_char
                0x0000000010001dd8       0x10 CMakeFiles/3k_keypad.dir/home/sdk/pico-sdk/src/rp2_common/pico_printf/printf.c.obj
 .text.weak_raw_vprintf
                0x0000000010001de8       0x30 CMakeFiles/3k_keypad.dir/home/sdk/pico-sdk/src/rp2_common/pico_printf/printf.c.obj
                0x0000000010001de8                weak_raw_vprintf
 .text          0x0000000010001e18       0x10 CMakeFiles/3k_keypad.dir/home/sdk/pico-sdk/src/rp2_common/pico_bit_ops/bit_ops_aeabi.S.obj
 .text.rom_func_lookup
                0x0000000010001e28       0x10 CMakeFiles/3k_keypad.dir/home/sdk/pico-sdk/src/rp2_common/pico_bootrom/bootrom.c.obj
                0x0000000010001e28                rom_func_lookup
 .text.rom_data_lookup
                0x0000000010001e38       0x10 CMakeFiles/3k_keypad.dir/home/sdk/pico-sdk/src/rp2_common/pico_bootrom/bootrom.c.obj
                0x0000000010001e38                rom_data_lookup
 .text.rom_funcs_lookup
                0x0000000010001e48       0x44 CMakeFiles/3k_keypad.dir/home/sdk/pico-sdk/src/rp2_common/pico_bootrom/bootrom.c.obj
                0x0000000010001e48                rom_funcs_lookup
 .text.__wrap___aeabi_uidiv
                0x0000000010001e8c       0x4c CMakeFiles/3k_keypad.dir/home/sdk/pico-sdk/src/rp2_common/pico_divider/divider.S.obj
                0x0000000010001e8c                __wrap___aeabi_uidiv
                0x0000000010001e8c                __wrap___aeabi_uidivmod
                0x0000000010001e8c                div_u32u32
                0x0000000010001e8c                divmod_u32u32
                0x0000000010001e94                divmod_u32u32_unsafe
                0x0000000010001ebc                divmod_u32u32_savestate
 .text.__wrap___aeabi_ldiv
                0x0000000010001ed8      0x434 CMakeFiles/3k_keypad.dir/home/sdk/pico-sdk/src/rp2_common/pico_divider/divider.S.obj
                0x0000000010001ed8                div_s64s64
                0x0000000010001ed8                divmod_s64s64
                0x0000000010001ed8                __wrap___aeabi_ldivmod
                0x0000000010001f10                div_u64u64
                0x0000000010001f10                divmod_u64u64
                0x0000000010001f10                __wrap___aeabi_uldivmod
                0x0000000010001f20                divmod_u64u64_savestate
                0x0000000010001f48                divmod_s64s64_unsafe
                0x0000000010001fd0                divmod_u64u64_unsafe
 .text.__aeabi_double_init
                0x000000001000230c       0x94 CMakeFiles/3k_keypad.dir/home/sdk/pico-sdk/src/rp2_common/pico_double/double_init_rom.c.obj
                0x000000001000230c                __aeabi_double_init
 .text.double_table_shim_on_use_helper
                0x00000000100023a0       0x2c CMakeFiles/3k_keypad.dir/home/sdk/pico-sdk/src/rp2_common/pico_double/double_v1_rom_shim.S.obj
                0x00000000100023a0                double_table_shim_on_use_helper
 .text.__aeabi_lmul
                0x00000000100023cc       0x32 CMakeFiles/3k_keypad.dir/home/sdk/pico-sdk/src/rp2_common/pico_int64_ops/pico_int64_ops_aeabi.S.obj
                0x00000000100023cc                __wrap___aeabi_lmul
 *fill*         0x00000000100023fe        0x2 
 .text.__wrap___aeabi_farithmetic
                0x0000000010002400       0x48 CMakeFiles/3k_keypad.dir/home/sdk/pico-sdk/src/rp2_common/pico_float/float_aeabi.S.obj
                0x0000000010002400                __wrap___aeabi_frsub
                0x0000000010002406                __wrap___aeabi_fsub
                0x000000001000240c                __wrap___aeabi_fadd
                0x0000000010002412                __wrap___aeabi_fdiv
                0x000000001000243a                __wrap___aeabi_fmul
 .text.__wrap___aeabi_ui2f
                0x0000000010002448        0xa CMakeFiles/3k_keypad.dir/home/sdk/pico-sdk/src/rp2_common/pico_float/float_aeabi.S.obj
                0x0000000010002448                __wrap___aeabi_ui2f
 *fill*         0x0000000010002452        0x2 
 .text.__wrap___aeabi_i2f
                0x0000000010002454       0x44 CMakeFiles/3k_keypad.dir/home/sdk/pico-sdk/src/rp2_common/pico_float/float_aeabi.S.obj
                0x0000000010002454                __wrap___aeabi_i2f
 .text.__wrap___aeabi_f2uiz
                0x0000000010002498        0xc CMakeFiles/3k_keypad.dir/home/sdk/pico-sdk/src/rp2_common/pico_float/float_aeabi.S.obj
                0x0000000010002498                __wrap___aeabi_f2uiz
 .text.__aeabi_float_init
                0x00000000100024a4       0x64 CMakeFiles/3k_keypad.dir/home/sdk/pico-sdk/src/rp2_common/pico_float/float_init_rom.c.obj
                0x00000000100024a4                __aeabi_float_init
 .text.float_table_shim_on_use_helper
                0x0000000010002508       0x2c CMakeFiles/3k_keypad.dir/home/sdk/pico-sdk/src/rp2_common/pico_float/float_v1_rom_shim.S.obj
                0x0000000010002508                float_table_shim_on_use_helper
 .text          0x0000000010002534       0x10 CMakeFiles/3k_keypad.dir/home/sdk/pico-sdk/src/rp2_common/pico_mem_ops/mem_ops_aeabi.S.obj
                0x0000000010002534                __aeabi_mem_init
 .text.memset   0x0000000010002544        0xc CMakeFiles/3k_keypad.dir/home/sdk/pico-sdk/src/rp2_common/pico_mem_ops/mem_ops_aeabi.S.obj
                0x0000000010002544                __wrap_memset
 .text.memcpy   0x0000000010002550        0xc CMakeFiles/3k_keypad.dir/home/sdk/pico-sdk/src/rp2_common/pico_mem_ops/mem_ops_aeabi.S.obj
                0x0000000010002550                __wrap___aeabi_memcpy
                0x0000000010002550                __wrap_memcpy
 .text.stdio_out_chars_no_crlf
                0x000000001000255c       0x10 CMakeFiles/3k_keypad.dir/home/sdk/pico-sdk/src/rp2_common/pico_stdio/stdio.c.obj
 .text.stdio_out_chars_crlf
                0x000000001000256c       0xb4 CMakeFiles/3k_keypad.dir/home/sdk/pico-sdk/src/rp2_common/pico_stdio/stdio.c.obj
 .text.stdio_put_string.isra.0
                0x0000000010002620       0xfc CMakeFiles/3k_keypad.dir/home/sdk/pico-sdk/src/rp2_common/pico_stdio/stdio.c.obj
 .text.__wrap_putchar
                0x000000001000271c       0xa0 CMakeFiles/3k_keypad.dir/home/sdk/pico-sdk/src/rp2_common/pico_stdio/stdio.c.obj
                0x000000001000271c                __wrap_putchar
 .text.__wrap_puts
                0x00000000100027bc       0x3c CMakeFiles/3k_keypad.dir/home/sdk/pico-sdk/src/rp2_common/pico_stdio/stdio.c.obj
                0x00000000100027bc                __wrap_puts
 .text.stdio_set_driver_enabled
                0x00000000100027f8       0x30 CMakeFiles/3k_keypad.dir/home/sdk/pico-sdk/src/rp2_common/pico_stdio/stdio.c.obj
                0x00000000100027f8                stdio_set_driver_enabled
 .text.stdio_init_all
                0x0000000010002828        0x8 CMakeFiles/3k_keypad.dir/home/sdk/pico-sdk/src/rp2_common/pico_stdio/stdio.c.obj
                0x0000000010002828                stdio_init_all
 .text.stdio_uart_out_chars
                0x0000000010002830       0x4c CMakeFiles/3k_keypad.dir/home/sdk/pico-sdk/src/rp2_common/pico_stdio_uart/stdio_uart.c.obj
 .text.stdio_uart_in_chars
                0x000000001000287c       0x38 CMakeFiles/3k_keypad.dir/home/sdk/pico-sdk/src/rp2_common/pico_stdio_uart/stdio_uart.c.obj
                0x000000001000287c                stdio_uart_in_chars
 .text.stdio_uart_init
                0x00000000100028b4       0x48 CMakeFiles/3k_keypad.dir/home/sdk/pico-sdk/src/rp2_common/pico_stdio_uart/stdio_uart.c.obj
                0x00000000100028b4                stdio_uart_init
 .text.stdio_uart_init_full
                0x00000000100028fc       0x38 CMakeFiles/3k_keypad.dir/home/sdk/pico-sdk/src/rp2_common/pico_stdio_uart/stdio_uart.c.obj
                0x00000000100028fc                stdio_uart_init_full
 .text.pio_add_program
                0x0000000010002934       0xc8 CMakeFiles/3k_keypad.dir/home/sdk/pico-sdk/src/rp2_common/hardware_pio/pio.c.obj
                0x0000000010002934                pio_add_program
 .text.pio_sm_set_consecutive_pindirs
                0x00000000100029fc       0x84 CMakeFiles/3k_keypad.dir/home/sdk/pico-sdk/src/rp2_common/hardware_pio/pio.c.obj
                0x00000000100029fc                pio_sm_set_consecutive_pindirs
 .text.pio_sm_init
                0x0000000010002a80       0x90 CMakeFiles/3k_keypad.dir/home/sdk/pico-sdk/src/rp2_common/hardware_pio/pio.c.obj
                0x0000000010002a80                pio_sm_init
 .text.dcd_rp2040_irq
                0x0000000010002b10      0x21c CMakeFiles/3k_keypad.dir/home/sdk/pico-sdk/lib/tinyusb/src/portable/raspberrypi/rp2040/dcd_rp2040.c.obj
 .text.dcd_int_enable
                0x0000000010002d2c        0xc CMakeFiles/3k_keypad.dir/home/sdk/pico-sdk/lib/tinyusb/src/portable/raspberrypi/rp2040/dcd_rp2040.c.obj
                0x0000000010002d2c                dcd_int_enable
 .text.dcd_set_address
                0x0000000010002d38       0x14 CMakeFiles/3k_keypad.dir/home/sdk/pico-sdk/lib/tinyusb/src/portable/raspberrypi/rp2040/dcd_rp2040.c.obj
                0x0000000010002d38                dcd_set_address
 .text.dcd_connect
                0x0000000010002d4c       0x10 CMakeFiles/3k_keypad.dir/home/sdk/pico-sdk/lib/tinyusb/src/portable/raspberrypi/rp2040/dcd_rp2040.c.obj
                0x0000000010002d4c                dcd_connect
 .text.dcd_init
                0x0000000010002d5c      0x144 CMakeFiles/3k_keypad.dir/home/sdk/pico-sdk/lib/tinyusb/src/portable/raspberrypi/rp2040/dcd_rp2040.c.obj
                0x0000000010002d5c                dcd_init
 .text.dcd_edpt0_status_complete
                0x0000000010002ea0       0x1c CMakeFiles/3k_keypad.dir/home/sdk/pico-sdk/lib/tinyusb/src/portable/raspberrypi/rp2040/dcd_rp2040.c.obj
                0x0000000010002ea0                dcd_edpt0_status_complete
 .text.dcd_edpt_open
                0x0000000010002ebc       0xf0 CMakeFiles/3k_keypad.dir/home/sdk/pico-sdk/lib/tinyusb/src/portable/raspberrypi/rp2040/dcd_rp2040.c.obj
                0x0000000010002ebc                dcd_edpt_open
 .text.dcd_edpt_close_all
                0x0000000010002fac       0xbc CMakeFiles/3k_keypad.dir/home/sdk/pico-sdk/lib/tinyusb/src/portable/raspberrypi/rp2040/dcd_rp2040.c.obj
                0x0000000010002fac                dcd_edpt_close_all
 .text.dcd_edpt_xfer
                0x0000000010003068       0x24 CMakeFiles/3k_keypad.dir/home/sdk/pico-sdk/lib/tinyusb/src/portable/raspberrypi/rp2040/dcd_rp2040.c.obj
                0x0000000010003068                dcd_edpt_xfer
 .text.dcd_edpt_stall
                0x000000001000308c       0x38 CMakeFiles/3k_keypad.dir/home/sdk/pico-sdk/lib/tinyusb/src/portable/raspberrypi/rp2040/dcd_rp2040.c.obj
                0x000000001000308c                dcd_edpt_stall
 .text.dcd_edpt_clear_stall
                0x00000000100030c4       0x30 CMakeFiles/3k_keypad.dir/home/sdk/pico-sdk/lib/tinyusb/src/portable/raspberrypi/rp2040/dcd_rp2040.c.obj
                0x00000000100030c4                dcd_edpt_clear_stall
 .text._hw_endpoint_buffer_control_update32.part.0.isra.0
                0x00000000100030f4       0x1c CMakeFiles/3k_keypad.dir/home/sdk/pico-sdk/lib/tinyusb/src/portable/raspberrypi/rp2040/rp2040_usb.c.obj
 .text.rp2040_usb_init
                0x0000000010003110       0x4c CMakeFiles/3k_keypad.dir/home/sdk/pico-sdk/lib/tinyusb/src/portable/raspberrypi/rp2040/rp2040_usb.c.obj
                0x0000000010003110                rp2040_usb_init
 .text.hw_endpoint_reset_transfer
                0x000000001000315c        0xc CMakeFiles/3k_keypad.dir/home/sdk/pico-sdk/lib/tinyusb/src/portable/raspberrypi/rp2040/rp2040_usb.c.obj
                0x000000001000315c                hw_endpoint_reset_transfer
 .text._hw_endpoint_buffer_control_update32
                0x0000000010003168       0x44 CMakeFiles/3k_keypad.dir/home/sdk/pico-sdk/lib/tinyusb/src/portable/raspberrypi/rp2040/rp2040_usb.c.obj
                0x0000000010003168                _hw_endpoint_buffer_control_update32
 .text.hw_endpoint_xfer_start
                0x00000000100031ac      0x138 CMakeFiles/3k_keypad.dir/home/sdk/pico-sdk/lib/tinyusb/src/portable/raspberrypi/rp2040/rp2040_usb.c.obj
                0x00000000100031ac                hw_endpoint_xfer_start
 .text.hw_endpoint_xfer_continue
                0x00000000100032e4      0x1e4 CMakeFiles/3k_keypad.dir/home/sdk/pico-sdk/lib/tinyusb/src/portable/raspberrypi/rp2040/rp2040_usb.c.obj
                0x00000000100032e4                hw_endpoint_xfer_continue
 .text.tud_mounted
                0x00000000100034c8       0x10 CMakeFiles/3k_keypad.dir/home/sdk/pico-sdk/lib/tinyusb/src/device/usbd.c.obj
                0x00000000100034c8                tud_mounted
 .text.tud_suspended
                0x00000000100034d8       0x10 CMakeFiles/3k_keypad.dir/home/sdk/pico-sdk/lib/tinyusb/src/device/usbd.c.obj
                0x00000000100034d8                tud_suspended
 .text.tud_inited
                0x00000000100034e8        0xc CMakeFiles/3k_keypad.dir/home/sdk/pico-sdk/lib/tinyusb/src/device/usbd.c.obj
                0x00000000100034e8                tud_inited
 .text.tud_init
                0x00000000100034f4       0xd8 CMakeFiles/3k_keypad.dir/home/sdk/pico-sdk/lib/tinyusb/src/device/usbd.c.obj
                0x00000000100034f4                tud_init
 .text.tud_task
                0x00000000100035cc      0x8b8 CMakeFiles/3k_keypad.dir/home/sdk/pico-sdk/lib/tinyusb/src/device/usbd.c.obj
                0x00000000100035cc                tud_task
 .text.dcd_event_bus_signal
                0x0000000010003e84      0x120 CMakeFiles/3k_keypad.dir/home/sdk/pico-sdk/lib/tinyusb/src/device/usbd.c.obj
                0x0000000010003e84                dcd_event_bus_signal
 .text.dcd_event_bus_reset
                0x0000000010003fa4       0x54 CMakeFiles/3k_keypad.dir/home/sdk/pico-sdk/lib/tinyusb/src/device/usbd.c.obj
                0x0000000010003fa4                dcd_event_bus_reset
 .text.dcd_event_setup_received
                0x0000000010003ff8       0x50 CMakeFiles/3k_keypad.dir/home/sdk/pico-sdk/lib/tinyusb/src/device/usbd.c.obj
                0x0000000010003ff8                dcd_event_setup_received
 .text.dcd_event_xfer_complete
                0x0000000010004048       0x68 CMakeFiles/3k_keypad.dir/home/sdk/pico-sdk/lib/tinyusb/src/device/usbd.c.obj
                0x0000000010004048                dcd_event_xfer_complete
 .text.usbd_open_edpt_pair
                0x00000000100040b0       0x80 CMakeFiles/3k_keypad.dir/home/sdk/pico-sdk/lib/tinyusb/src/device/usbd.c.obj
                0x00000000100040b0                usbd_open_edpt_pair
 .text.usbd_edpt_claim
                0x0000000010004130       0x64 CMakeFiles/3k_keypad.dir/home/sdk/pico-sdk/lib/tinyusb/src/device/usbd.c.obj
                0x0000000010004130                usbd_edpt_claim
 .text.usbd_edpt_xfer
                0x0000000010004194       0x48 CMakeFiles/3k_keypad.dir/home/sdk/pico-sdk/lib/tinyusb/src/device/usbd.c.obj
                0x0000000010004194                usbd_edpt_xfer
 .text.usbd_edpt_busy
                0x00000000100041dc       0x1c CMakeFiles/3k_keypad.dir/home/sdk/pico-sdk/lib/tinyusb/src/device/usbd.c.obj
                0x00000000100041dc                usbd_edpt_busy
 .text.tud_control_status
                0x00000000100041f8       0x30 CMakeFiles/3k_keypad.dir/home/sdk/pico-sdk/lib/tinyusb/src/device/usbd_control.c.obj
                0x00000000100041f8                tud_control_status
 .text.tud_control_xfer
                0x0000000010004228       0xbc CMakeFiles/3k_keypad.dir/home/sdk/pico-sdk/lib/tinyusb/src/device/usbd_control.c.obj
                0x0000000010004228                tud_control_xfer
 .text.usbd_control_reset
                0x00000000100042e4       0x14 CMakeFiles/3k_keypad.dir/home/sdk/pico-sdk/lib/tinyusb/src/device/usbd_control.c.obj
                0x00000000100042e4                usbd_control_reset
 .text.usbd_control_set_complete_callback
                0x00000000100042f8        0xc CMakeFiles/3k_keypad.dir/home/sdk/pico-sdk/lib/tinyusb/src/device/usbd_control.c.obj
                0x00000000100042f8                usbd_control_set_complete_callback
 .text.usbd_control_set_request
                0x0000000010004304       0x1c CMakeFiles/3k_keypad.dir/home/sdk/pico-sdk/lib/tinyusb/src/device/usbd_control.c.obj
                0x0000000010004304                usbd_control_set_request
 .text.usbd_control_xfer_cb
                0x0000000010004320       0xfc CMakeFiles/3k_keypad.dir/home/sdk/pico-sdk/lib/tinyusb/src/device/usbd_control.c.obj
                0x0000000010004320                usbd_control_xfer_cb
 .text.tud_hid_n_ready
                0x000000001000441c       0x38 CMakeFiles/3k_keypad.dir/home/sdk/pico-sdk/lib/tinyusb/src/class/hid/hid_device.c.obj
                0x000000001000441c                tud_hid_n_ready
 .text.tud_hid_n_keyboard_report
                0x0000000010004454       0x8c CMakeFiles/3k_keypad.dir/home/sdk/pico-sdk/lib/tinyusb/src/class/hid/hid_device.c.obj
                0x0000000010004454                tud_hid_n_keyboard_report
 .text.hidd_init
                0x00000000100044e0       0x14 CMakeFiles/3k_keypad.dir/home/sdk/pico-sdk/lib/tinyusb/src/class/hid/hid_device.c.obj
                0x00000000100044e0                hidd_init
 .text.hidd_reset
                0x00000000100044f4       0x14 CMakeFiles/3k_keypad.dir/home/sdk/pico-sdk/lib/tinyusb/src/class/hid/hid_device.c.obj
                0x00000000100044f4                hidd_reset
 .text.hidd_open
                0x0000000010004508       0x8c CMakeFiles/3k_keypad.dir/home/sdk/pico-sdk/lib/tinyusb/src/class/hid/hid_device.c.obj
                0x0000000010004508                hidd_open
 .text.hidd_control_xfer_cb
                0x0000000010004594      0x1a4 CMakeFiles/3k_keypad.dir/home/sdk/pico-sdk/lib/tinyusb/src/class/hid/hid_device.c.obj
                0x0000000010004594                hidd_control_xfer_cb
 .text.hidd_xfer_cb
                0x0000000010004738       0x64 CMakeFiles/3k_keypad.dir/home/sdk/pico-sdk/lib/tinyusb/src/class/hid/hid_device.c.obj
                0x0000000010004738                hidd_xfer_cb
 .text.tusb_init
                0x000000001000479c        0xc CMakeFiles/3k_keypad.dir/home/sdk/pico-sdk/lib/tinyusb/src/tusb.c.obj
                0x000000001000479c                tusb_init
 .text.tusb_inited
                0x00000000100047a8        0x8 CMakeFiles/3k_keypad.dir/home/sdk/pico-sdk/lib/tinyusb/src/tusb.c.obj
                0x00000000100047a8                tusb_inited
 .text.tu_edpt_validate
                0x00000000100047b0       0x78 CMakeFiles/3k_keypad.dir/home/sdk/pico-sdk/lib/tinyusb/src/tusb.c.obj
                0x00000000100047b0                tu_edpt_validate
 .text.tu_edpt_bind_driver
                0x0000000010004828       0x2c CMakeFiles/3k_keypad.dir/home/sdk/pico-sdk/lib/tinyusb/src/tusb.c.obj
                0x0000000010004828                tu_edpt_bind_driver
 .text.tu_fifo_read
                0x0000000010004854       0x9c CMakeFiles/3k_keypad.dir/home/sdk/pico-sdk/lib/tinyusb/src/common/tusb_fifo.c.obj
                0x0000000010004854                tu_fifo_read
 .text.tu_fifo_write
                0x00000000100048f0       0x7c CMakeFiles/3k_keypad.dir/home/sdk/pico-sdk/lib/tinyusb/src/common/tusb_fifo.c.obj
                0x00000000100048f0                tu_fifo_write
 .text.tu_fifo_clear
                0x000000001000496c       0x4c CMakeFiles/3k_keypad.dir/home/sdk/pico-sdk/lib/tinyusb/src/common/tusb_fifo.c.obj
                0x000000001000496c                tu_fifo_clear
 .text.board_init
                0x00000000100049b8       0x30 CMakeFiles/3k_keypad.dir/home/sdk/pico-sdk/lib/tinyusb/hw/bsp/rp2040/family.c.obj
                0x00000000100049b8                board_init
 .text          0x00000000100049e8       0x5c /usr/lib/gcc/arm-none-eabi/10.3.1/../../../arm-none-eabi/lib/thumb/v6-m/nofp/libc.a(lib_a-strlen-stub.o)
                0x00000000100049e8                strlen
 *(.fini)
 .fini          0x0000000010004a44        0x4 /usr/lib/gcc/arm-none-eabi/10.3.1/thumb/v6-m/nofp/crti.o
                0x0000000010004a44                _fini
 .fini.__stub   0x0000000010004a48       0x60 linker stubs
 *crtbegin.o(.ctors)
 *crtbegin?.o(.ctors)
 *(EXCLUDE_FILE(*crtend.o *crtend?.o) .ctors)
 *(SORT_BY_NAME(.ctors.*))
 *(.ctors)
 *crtbegin.o(.dtors)
 *crtbegin?.o(.dtors)
 *(EXCLUDE_FILE(*crtend.o *crtend?.o) .dtors)
 *(SORT_BY_NAME(.dtors.*))
 *(.dtors)
 *(.eh_frame*)
 .eh_frame      0x0000000010004aa8        0x0 /usr/lib/gcc/arm-none-eabi/10.3.1/thumb/v6-m/nofp/crtbegin.o
                0x0000000010004aa8                . = ALIGN (0x4)

.glue_7         0x0000000010004aa8        0x0
 .glue_7        0x0000000010004aa8        0x0 linker stubs

.glue_7t        0x0000000010004aa8        0x0
 .glue_7t       0x0000000010004aa8        0x0 linker stubs

.vfp11_veneer   0x0000000010004aa8        0x0
 .vfp11_veneer  0x0000000010004aa8        0x0 linker stubs

.v4_bx          0x0000000010004aa8        0x0
 .v4_bx         0x0000000010004aa8        0x0 linker stubs

.iplt           0x0000000010004aa8        0x0
 .iplt          0x0000000010004aa8        0x0 /usr/lib/gcc/arm-none-eabi/10.3.1/thumb/v6-m/nofp/crtbegin.o

.rodata         0x0000000010004aa8      0x30c
 *(EXCLUDE_FILE(*libm.a: *libc.a:*lib_a-mem*.o *libgcc.a:) .rodata*)
 .rodata.swGPIO
                0x0000000010004aa8        0x3 CMakeFiles/3k_keypad.dir/main.c.obj
                0x0000000010004aa8                swGPIO
 *fill*         0x0000000010004aab        0x1 
 .rodata.ws2812_program
                0x0000000010004aac        0x6 CMakeFiles/3k_keypad.dir/main.c.obj
 *fill*         0x0000000010004ab2        0x2 
 .rodata.ws2812_program_instructions
                0x0000000010004ab4        0x8 CMakeFiles/3k_keypad.dir/main.c.obj
 .rodata.str1.4
                0x0000000010004abc       0x1b CMakeFiles/3k_keypad.dir/usb_descriptors.c.obj
 *fill*         0x0000000010004ad7        0x1 
 .rodata.__compound_literal.0
                0x0000000010004ad8        0x2 CMakeFiles/3k_keypad.dir/usb_descriptors.c.obj
 *fill*         0x0000000010004ada        0x2 
 .rodata.desc_configuration
                0x0000000010004adc       0x22 CMakeFiles/3k_keypad.dir/usb_descriptors.c.obj
                0x0000000010004adc                desc_configuration
 *fill*         0x0000000010004afe        0x2 
 .rodata.desc_device
                0x0000000010004b00       0x12 CMakeFiles/3k_keypad.dir/usb_descriptors.c.obj
                0x0000000010004b00                desc_device
 *fill*         0x0000000010004b12        0x2 
 .rodata.desc_hid_report
                0x0000000010004b14       0x43 CMakeFiles/3k_keypad.dir/usb_descriptors.c.obj
                0x0000000010004b14                desc_hid_report
 *fill*         0x0000000010004b57        0x1 
 .rodata.spin_lock_claim_unused.str1.4
                0x0000000010004b58       0x1b CMakeFiles/3k_keypad.dir/home/sdk/pico-sdk/src/rp2_common/hardware_sync/sync.c.obj
 *fill*         0x0000000010004b73        0x1 
 .rodata.hardware_alarm_claim.str1.4
                0x0000000010004b74       0x22 CMakeFiles/3k_keypad.dir/home/sdk/pico-sdk/src/rp2_common/hardware_timer/timer.c.obj
 *fill*         0x0000000010004b96        0x2 
 .rodata.panic.str1.4
                0x0000000010004b98       0x12 CMakeFiles/3k_keypad.dir/home/sdk/pico-sdk/src/rp2_common/pico_runtime/runtime.c.obj
 *fill*         0x0000000010004baa        0x2 
 .rodata.hard_assertion_failure.str1.4
                0x0000000010004bac        0xc CMakeFiles/3k_keypad.dir/home/sdk/pico-sdk/src/rp2_common/pico_runtime/runtime.c.obj
 .rodata.str1.4
                0x0000000010004bb8       0x34 CMakeFiles/3k_keypad.dir/home/sdk/pico-sdk/src/rp2_common/pico_standard_link/binary_info.c.obj
                                         0x40 (size before relaxing)
 .rodata.__bi_44
                0x0000000010004bec        0xc CMakeFiles/3k_keypad.dir/home/sdk/pico-sdk/src/rp2_common/pico_standard_link/binary_info.c.obj
 .rodata.__bi_75
                0x0000000010004bf8        0xc CMakeFiles/3k_keypad.dir/home/sdk/pico-sdk/src/rp2_common/pico_standard_link/binary_info.c.obj
 .rodata.__bi_81
                0x0000000010004c04        0xc CMakeFiles/3k_keypad.dir/home/sdk/pico-sdk/src/rp2_common/pico_standard_link/binary_info.c.obj
 .rodata.crlf_str.0
                0x0000000010004c10        0x2 CMakeFiles/3k_keypad.dir/home/sdk/pico-sdk/src/rp2_common/pico_stdio/stdio.c.obj
 *fill*         0x0000000010004c12        0x2 
 .rodata.str1.4
                0x0000000010004c14       0x2c CMakeFiles/3k_keypad.dir/home/sdk/pico-sdk/src/rp2_common/pico_stdio_uart/stdio_uart.c.obj
 .rodata.__bi_28.4
                0x0000000010004c40        0xc CMakeFiles/3k_keypad.dir/home/sdk/pico-sdk/src/rp2_common/pico_stdio_uart/stdio_uart.c.obj
 .rodata.__bi_29.5
                0x0000000010004c4c        0x8 CMakeFiles/3k_keypad.dir/home/sdk/pico-sdk/src/rp2_common/pico_stdio_uart/stdio_uart.c.obj
 .rodata.pio_add_program.str1.4
                0x0000000010004c54       0x11 CMakeFiles/3k_keypad.dir/home/sdk/pico-sdk/src/rp2_common/hardware_pio/pio.c.obj
 *fill*         0x0000000010004c65        0x3 
 .rodata.dcd_rp2040_irq.str1.4
                0x0000000010004c68       0x14 CMakeFiles/3k_keypad.dir/home/sdk/pico-sdk/lib/tinyusb/src/portable/raspberrypi/rp2040/dcd_rp2040.c.obj
 .rodata._hw_endpoint_buffer_control_update32.part.0.isra.0.str1.4
                0x0000000010004c7c       0x1f CMakeFiles/3k_keypad.dir/home/sdk/pico-sdk/lib/tinyusb/src/portable/raspberrypi/rp2040/rp2040_usb.c.obj
 *fill*         0x0000000010004c9b        0x1 
 .rodata.hw_endpoint_xfer_continue.str1.4
                0x0000000010004c9c       0x29 CMakeFiles/3k_keypad.dir/home/sdk/pico-sdk/lib/tinyusb/src/portable/raspberrypi/rp2040/rp2040_usb.c.obj
 .rodata.str1.4
                0x0000000010004cc5       0x29 CMakeFiles/3k_keypad.dir/home/sdk/pico-sdk/lib/tinyusb/src/portable/raspberrypi/rp2040/rp2040_usb.c.obj
                                          0x7 (size before relaxing)
 *fill*         0x0000000010004cc5        0x3 
 .rodata.tud_task
                0x0000000010004cc8       0x8c CMakeFiles/3k_keypad.dir/home/sdk/pico-sdk/lib/tinyusb/src/device/usbd.c.obj
 .rodata._usbd_driver
                0x0000000010004d54       0x18 CMakeFiles/3k_keypad.dir/home/sdk/pico-sdk/lib/tinyusb/src/device/usbd.c.obj
 .rodata.hidd_control_xfer_cb
                0x0000000010004d6c       0x30 CMakeFiles/3k_keypad.dir/home/sdk/pico-sdk/lib/tinyusb/src/class/hid/hid_device.c.obj
 .rodata.str1.4
                0x0000000010004d9c        0x4 CMakeFiles/3k_keypad.dir/home/sdk/pico-sdk/lib/tinyusb/hw/bsp/rp2040/family.c.obj
 .rodata.__bi_121.0
                0x0000000010004da0        0xc CMakeFiles/3k_keypad.dir/home/sdk/pico-sdk/lib/tinyusb/hw/bsp/rp2040/family.c.obj
 .rodata.__bi_131.1
                0x0000000010004dac        0x8 CMakeFiles/3k_keypad.dir/home/sdk/pico-sdk/lib/tinyusb/hw/bsp/rp2040/family.c.obj
                0x0000000010004db4                . = ALIGN (0x4)
 *(SORT_BY_ALIGNMENT(SORT_BY_NAME(.flashdata*)))
                0x0000000010004db4                . = ALIGN (0x4)

.rel.dyn        0x0000000010004db4        0x0
 .rel.iplt      0x0000000010004db4        0x0 /usr/lib/gcc/arm-none-eabi/10.3.1/thumb/v6-m/nofp/crtbegin.o

.ARM.extab
 *(.ARM.extab* .gnu.linkonce.armextab.*)
                0x0000000010004db4                __exidx_start = .

.ARM.exidx
 *(.ARM.exidx* .gnu.linkonce.armexidx.*)
                0x0000000010004db4                __exidx_end = .
                0x0000000010004db4                . = ALIGN (0x4)
                0x0000000010004db4                __binary_info_start = .

.binary_info    0x0000000010004db4       0x2c
 *(.binary_info.keep.*)
 .binary_info.keep.__bi_ptr22
                0x0000000010004db4        0x4 CMakeFiles/3k_keypad.dir/home/sdk/pico-sdk/src/rp2_common/pico_standard_link/binary_info.c.obj
 .binary_info.keep.__bi_ptr30
                0x0000000010004db8        0x4 CMakeFiles/3k_keypad.dir/home/sdk/pico-sdk/src/rp2_common/pico_standard_link/binary_info.c.obj
 .binary_info.keep.__bi_ptr38
                0x0000000010004dbc        0x4 CMakeFiles/3k_keypad.dir/home/sdk/pico-sdk/src/rp2_common/pico_standard_link/binary_info.c.obj
 .binary_info.keep.__bi_ptr44
                0x0000000010004dc0        0x4 CMakeFiles/3k_keypad.dir/home/sdk/pico-sdk/src/rp2_common/pico_standard_link/binary_info.c.obj
 .binary_info.keep.__bi_ptr50
                0x0000000010004dc4        0x4 CMakeFiles/3k_keypad.dir/home/sdk/pico-sdk/src/rp2_common/pico_standard_link/binary_info.c.obj
 .binary_info.keep.__bi_ptr75
                0x0000000010004dc8        0x4 CMakeFiles/3k_keypad.dir/home/sdk/pico-sdk/src/rp2_common/pico_standard_link/binary_info.c.obj
 .binary_info.keep.__bi_ptr81
                0x0000000010004dcc        0x4 CMakeFiles/3k_keypad.dir/home/sdk/pico-sdk/src/rp2_common/pico_standard_link/binary_info.c.obj
 .binary_info.keep.__bi_ptr121
                0x0000000010004dd0        0x4 CMakeFiles/3k_keypad.dir/home/sdk/pico-sdk/lib/tinyusb/hw/bsp/rp2040/family.c.obj
 .binary_info.keep.__bi_ptr131
                0x0000000010004dd4        0x4 CMakeFiles/3k_keypad.dir/home/sdk/pico-sdk/lib/tinyusb/hw/bsp/rp2040/family.c.obj
 *(.binary_info.*)
 .binary_info.__bi_ptr28
                0x0000000010004dd8        0x4 CMakeFiles/3k_keypad.dir/home/sdk/pico-sdk/src/rp2_common/pico_stdio_uart/stdio_uart.c.obj
 .binary_info.__bi_ptr29
                0x0000000010004ddc        0x4 CMakeFiles/3k_keypad.dir/home/sdk/pico-sdk/src/rp2_common/pico_stdio_uart/stdio_uart.c.obj
                0x0000000010004de0                __binary_info_end = .
                0x0000000010004de0                . = ALIGN (0x4)
                0x0000000010004de0                __etext = .

.ram_vector_table
                0x0000000020000000       0xc0
 *(.ram_vector_table)
 .ram_vector_table
                0x0000000020000000       0xc0 CMakeFiles/3k_keypad.dir/home/sdk/pico-sdk/src/rp2_common/pico_runtime/runtime.c.obj
                0x0000000020000000                ram_vector_table

.data           0x00000000200000c0      0x294 load address 0x0000000010004de0
                0x00000000200000c0                __data_start__ = .
 *(vtable)
 *(.time_critical*)
 .time_critical.mutex_enter_blocking
                0x00000000200000c0       0x48 CMakeFiles/3k_keypad.dir/home/sdk/pico-sdk/src/common/pico_sync/mutex.c.obj
                0x00000000200000c0                mutex_enter_blocking
 .time_critical.mutex_try_enter
                0x0000000020000108       0x44 CMakeFiles/3k_keypad.dir/home/sdk/pico-sdk/src/common/pico_sync/mutex.c.obj
                0x0000000020000108                mutex_try_enter
 .time_critical.mutex_enter_timeout_ms
                0x000000002000014c       0xa0 CMakeFiles/3k_keypad.dir/home/sdk/pico-sdk/src/common/pico_sync/mutex.c.obj
                0x000000002000014c                mutex_enter_timeout_ms
 .time_critical.mutex_exit
                0x00000000200001ec       0x28 CMakeFiles/3k_keypad.dir/home/sdk/pico-sdk/src/common/pico_sync/mutex.c.obj
                0x00000000200001ec                mutex_exit
 *(.text*)
 .text          0x0000000020000214        0x4 /usr/lib/gcc/arm-none-eabi/10.3.1/thumb/v6-m/nofp/libgcc.a(_dvmd_tls.o)
                0x0000000020000214                __aeabi_ldiv0
                0x0000000020000214                __aeabi_idiv0
 .text.__stub   0x0000000020000218       0x30 linker stubs
                0x0000000020000248                . = ALIGN (0x4)
 *(.rodata*)
                0x0000000020000248                . = ALIGN (0x4)
 *(.data*)
 .data.string_desc_arr
                0x0000000020000248       0x10 CMakeFiles/3k_keypad.dir/usb_descriptors.c.obj
                0x0000000020000248                string_desc_arr
 .data.striped_spin_lock_num
                0x0000000020000258        0x1 CMakeFiles/3k_keypad.dir/home/sdk/pico-sdk/src/rp2_common/hardware_sync/sync.c.obj
 *fill*         0x0000000020000259        0x3 
 .data.default_alarm_pool
                0x000000002000025c       0x18 CMakeFiles/3k_keypad.dir/home/sdk/pico-sdk/src/common/pico_time/time.c.obj
 .data.default_alarm_pool_heap
                0x0000000020000274       0x10 CMakeFiles/3k_keypad.dir/home/sdk/pico-sdk/src/common/pico_time/time.c.obj
 .data          0x0000000020000284       0x48 CMakeFiles/3k_keypad.dir/home/sdk/pico-sdk/src/rp2_common/hardware_irq/irq_handler_chain.S.obj
                0x0000000020000284                irq_handler_chain_slots
                0x00000000200002b4                irq_handler_chain_first_slot
                0x00000000200002be                irq_handler_chain_remove_tail
 *fill*         0x00000000200002cc        0x4 
 .data.aeabi_bits_funcs
                0x00000000200002d0       0x10 CMakeFiles/3k_keypad.dir/home/sdk/pico-sdk/src/rp2_common/pico_bit_ops/bit_ops_aeabi.S.obj
                0x00000000200002d0                aeabi_bits_funcs
                0x00000000200002e0                aeabi_bits_funcs_end
 .data.aeabi_mem_funcs
                0x00000000200002e0       0x10 CMakeFiles/3k_keypad.dir/home/sdk/pico-sdk/src/rp2_common/pico_mem_ops/mem_ops_aeabi.S.obj
                0x00000000200002e0                aeabi_mem_funcs
                0x00000000200002f0                aeabi_mem_funcs_end
 .data.stdio_uart
                0x00000000200002f0       0x14 CMakeFiles/3k_keypad.dir/home/sdk/pico-sdk/src/rp2_common/pico_stdio_uart/stdio_uart.c.obj
                0x00000000200002f0                stdio_uart
 .data.ep_dir_string
                0x0000000020000304        0x8 CMakeFiles/3k_keypad.dir/home/sdk/pico-sdk/lib/tinyusb/src/portable/raspberrypi/rp2040/rp2040_usb.c.obj
                0x0000000020000304                ep_dir_string
 .data._usbd_qdef
                0x000000002000030c       0x24 CMakeFiles/3k_keypad.dir/home/sdk/pico-sdk/lib/tinyusb/src/device/usbd.c.obj
                0x000000002000030c                _usbd_qdef
                0x0000000020000330                . = ALIGN (0x4)
 *(.after_data.*)
                0x0000000020000330                . = ALIGN (0x4)
                0x0000000020000330                PROVIDE (__mutex_array_start = .)
 *(SORT_BY_NAME(.mutex_array.*))
 *(.mutex_array)
 .mutex_array   0x0000000020000330        0x8 CMakeFiles/3k_keypad.dir/home/sdk/pico-sdk/src/rp2_common/pico_malloc/pico_malloc.c.obj
 .mutex_array   0x0000000020000338        0x8 CMakeFiles/3k_keypad.dir/home/sdk/pico-sdk/src/rp2_common/pico_stdio/stdio.c.obj
                0x0000000020000340                PROVIDE (__mutex_array_end = .)
                0x0000000020000340                . = ALIGN (0x4)
                0x0000000020000340                PROVIDE (__preinit_array_start = .)
 *(SORT_BY_NAME(.preinit_array.*))
 .preinit_array.00001
                0x0000000020000340        0x4 CMakeFiles/3k_keypad.dir/home/sdk/pico-sdk/src/rp2_common/pico_mem_ops/mem_ops_aeabi.S.obj
 .preinit_array.00010
                0x0000000020000344        0x4 CMakeFiles/3k_keypad.dir/home/sdk/pico-sdk/src/rp2_common/pico_bit_ops/bit_ops_aeabi.S.obj
 .preinit_array.00020
                0x0000000020000348        0x4 CMakeFiles/3k_keypad.dir/home/sdk/pico-sdk/src/rp2_common/pico_double/double_aeabi.S.obj
 .preinit_array.00020
                0x000000002000034c        0x4 CMakeFiles/3k_keypad.dir/home/sdk/pico-sdk/src/rp2_common/pico_float/float_aeabi.S.obj
 *(.preinit_array)
                0x0000000020000350                PROVIDE (__preinit_array_end = .)
                0x0000000020000350                . = ALIGN (0x4)
                0x0000000020000350                PROVIDE (__init_array_start = .)
 *(SORT_BY_NAME(.init_array.*))
 *(.init_array)
 .init_array    0x0000000020000350        0x4 /usr/lib/gcc/arm-none-eabi/10.3.1/thumb/v6-m/nofp/crtbegin.o
                0x0000000020000354                PROVIDE (__init_array_end = .)
                0x0000000020000354                . = ALIGN (0x4)
                0x0000000020000354                PROVIDE (__fini_array_start = .)
 *(SORT_BY_NAME(.fini_array.*))
 *(.fini_array)
                0x0000000020000354                PROVIDE (__fini_array_end = .)
 *(.jcr)
                0x0000000020000354                . = ALIGN (0x4)
                0x0000000020000354                __data_end__ = .

.tm_clone_table
                0x0000000020000354        0x0 load address 0x0000000010005074
 .tm_clone_table
                0x0000000020000354        0x0 /usr/lib/gcc/arm-none-eabi/10.3.1/thumb/v6-m/nofp/crtbegin.o
 .tm_clone_table
                0x0000000020000354        0x0 /usr/lib/gcc/arm-none-eabi/10.3.1/thumb/v6-m/nofp/crtend.o

.igot.plt       0x0000000020000354        0x0 load address 0x0000000010005074
 .igot.plt      0x0000000020000354        0x0 /usr/lib/gcc/arm-none-eabi/10.3.1/thumb/v6-m/nofp/crtbegin.o

.uninitialized_data
                0x0000000020000354        0x0 load address 0x0000000010005074
                0x0000000020000354                . = ALIGN (0x4)
 *(.uninitialized_data*)

.scratch_x      0x0000000020040000        0x0 load address 0x0000000010005074
                0x0000000020040000                __scratch_x_start__ = .
 *(.scratch_x.*)
                0x0000000020040000                . = ALIGN (0x4)
                0x0000000020040000                __scratch_x_end__ = .
                0x0000000010005074                __scratch_x_source__ = LOADADDR (.scratch_x)

.scratch_y      0x0000000020041000        0x0 load address 0x0000000010005074
                0x0000000020041000                __scratch_y_start__ = .
 *(.scratch_y.*)
                0x0000000020041000                . = ALIGN (0x4)
                0x0000000020041000                __scratch_y_end__ = .
                0x0000000010005074                __scratch_y_source__ = LOADADDR (.scratch_y)

.bss            0x0000000020000358      0x9d8
                0x0000000020000358                . = ALIGN (0x4)
                0x0000000020000358                __bss_start__ = .
 *(SORT_BY_ALIGNMENT(SORT_BY_NAME(.bss*)))
 .bss.default_alarm_pool_entries
                0x0000000020000358      0x100 CMakeFiles/3k_keypad.dir/home/sdk/pico-sdk/src/common/pico_time/time.c.obj
 .bss.sd_table  0x0000000020000458      0x100 CMakeFiles/3k_keypad.dir/home/sdk/pico-sdk/src/rp2_common/pico_double/double_init_rom.c.obj
                0x0000000020000458                sd_table
 .bss.sf_table  0x0000000020000558      0x100 CMakeFiles/3k_keypad.dir/home/sdk/pico-sdk/src/rp2_common/pico_float/float_init_rom.c.obj
                0x0000000020000558                sf_table
 .bss           0x0000000020000658       0x1c /usr/lib/gcc/arm-none-eabi/10.3.1/thumb/v6-m/nofp/crtbegin.o
 .bss._app_driver
                0x0000000020000674        0x4 CMakeFiles/3k_keypad.dir/home/sdk/pico-sdk/lib/tinyusb/src/device/usbd.c.obj
 .bss._ctrl_xfer
                0x0000000020000678       0x14 CMakeFiles/3k_keypad.dir/home/sdk/pico-sdk/lib/tinyusb/src/device/usbd_control.c.obj
 .bss._desc_str
                0x000000002000068c       0x40 CMakeFiles/3k_keypad.dir/usb_descriptors.c.obj
 .bss._hidd_itf
                0x00000000200006cc       0x2c CMakeFiles/3k_keypad.dir/home/sdk/pico-sdk/lib/tinyusb/src/class/hid/hid_device.c.obj
 .bss._ubsd_mutexdef
                0x00000000200006f8        0x8 CMakeFiles/3k_keypad.dir/home/sdk/pico-sdk/lib/tinyusb/src/device/usbd.c.obj
 .bss._usbd_ctrl_buf
                0x0000000020000700       0x40 CMakeFiles/3k_keypad.dir/home/sdk/pico-sdk/lib/tinyusb/src/device/usbd_control.c.obj
 .bss._usbd_dev
                0x0000000020000740       0x53 CMakeFiles/3k_keypad.dir/home/sdk/pico-sdk/lib/tinyusb/src/device/usbd.c.obj
 *fill*         0x0000000020000793        0x1 
 .bss._usbd_mutex
                0x0000000020000794        0x4 CMakeFiles/3k_keypad.dir/home/sdk/pico-sdk/lib/tinyusb/src/device/usbd.c.obj
 .bss._usbd_q   0x0000000020000798        0x4 CMakeFiles/3k_keypad.dir/home/sdk/pico-sdk/lib/tinyusb/src/device/usbd.c.obj
 .bss._usbd_qdef_buf
                0x000000002000079c       0xc0 CMakeFiles/3k_keypad.dir/home/sdk/pico-sdk/lib/tinyusb/src/device/usbd.c.obj
                0x000000002000079c                _usbd_qdef_buf
 .bss._used_instruction_space
                0x000000002000085c        0x8 CMakeFiles/3k_keypad.dir/home/sdk/pico-sdk/src/rp2_common/hardware_pio/pio.c.obj
 .bss.alarm_callbacks
                0x0000000020000864       0x10 CMakeFiles/3k_keypad.dir/home/sdk/pico-sdk/src/rp2_common/hardware_timer/timer.c.obj
 .bss.claimed   0x0000000020000874        0x4 CMakeFiles/3k_keypad.dir/home/sdk/pico-sdk/src/rp2_common/hardware_sync/sync.c.obj
 .bss.configured_freq
                0x0000000020000878       0x28 CMakeFiles/3k_keypad.dir/home/sdk/pico-sdk/src/rp2_common/hardware_clocks/clocks.c.obj
 .bss.default_alarm_pool_entry_ids_high
                0x00000000200008a0       0x10 CMakeFiles/3k_keypad.dir/home/sdk/pico-sdk/src/common/pico_time/time.c.obj
 .bss.default_alarm_pool_heap_nodes
                0x00000000200008b0       0x30 CMakeFiles/3k_keypad.dir/home/sdk/pico-sdk/src/common/pico_time/time.c.obj
 .bss.drivers   0x00000000200008e0        0x4 CMakeFiles/3k_keypad.dir/home/sdk/pico-sdk/src/rp2_common/pico_stdio/stdio.c.obj
 .bss.filter    0x00000000200008e4        0x4 CMakeFiles/3k_keypad.dir/home/sdk/pico-sdk/src/rp2_common/pico_stdio/stdio.c.obj
 .bss.hw_endpoints
                0x00000000200008e8      0x400 CMakeFiles/3k_keypad.dir/home/sdk/pico-sdk/lib/tinyusb/src/portable/raspberrypi/rp2040/dcd_rp2040.c.obj
 .bss.lazy_vsnprintf
                0x0000000020000ce8        0x4 CMakeFiles/3k_keypad.dir/home/sdk/pico-sdk/src/rp2_common/pico_printf/printf.c.obj
 .bss.next_buffer_ptr
                0x0000000020000cec        0x4 CMakeFiles/3k_keypad.dir/home/sdk/pico-sdk/lib/tinyusb/src/portable/raspberrypi/rp2040/dcd_rp2040.c.obj
 .bss.pools     0x0000000020000cf0       0x10 CMakeFiles/3k_keypad.dir/home/sdk/pico-sdk/src/common/pico_time/time.c.obj
 .bss.sf_clz_func
                0x0000000020000d00        0x4 CMakeFiles/3k_keypad.dir/home/sdk/pico-sdk/src/rp2_common/pico_double/double_init_rom.c.obj
                0x0000000020000d00                sf_clz_func
 .bss.sleep_notifier
                0x0000000020000d04        0x4 CMakeFiles/3k_keypad.dir/home/sdk/pico-sdk/src/common/pico_time/time.c.obj
 .bss.start_ms.0
                0x0000000020000d08        0x4 CMakeFiles/3k_keypad.dir/main.c.obj
 .bss.target_hi
                0x0000000020000d0c       0x10 CMakeFiles/3k_keypad.dir/home/sdk/pico-sdk/src/rp2_common/hardware_timer/timer.c.obj
 .bss.uart_char_to_line_feed
                0x0000000020000d1c        0x4 CMakeFiles/3k_keypad.dir/home/sdk/pico-sdk/src/rp2_common/hardware_uart/uart.c.obj
                0x0000000020000d1c                uart_char_to_line_feed
 .bss.uart_inst
                0x0000000020000d20        0x4 CMakeFiles/3k_keypad.dir/home/sdk/pico-sdk/lib/tinyusb/hw/bsp/rp2040/family.c.obj
 .bss.uart_instance
                0x0000000020000d24        0x4 CMakeFiles/3k_keypad.dir/home/sdk/pico-sdk/src/rp2_common/pico_stdio_uart/stdio_uart.c.obj
 .bss._app_driver_count
                0x0000000020000d28        0x1 CMakeFiles/3k_keypad.dir/home/sdk/pico-sdk/lib/tinyusb/src/device/usbd.c.obj
 .bss._usbd_initialized
                0x0000000020000d29        0x1 CMakeFiles/3k_keypad.dir/home/sdk/pico-sdk/lib/tinyusb/src/device/usbd.c.obj
 .bss.claimed   0x0000000020000d2a        0x1 CMakeFiles/3k_keypad.dir/home/sdk/pico-sdk/src/rp2_common/hardware_timer/timer.c.obj
 .bss.irq_hander_chain_free_slot_head
                0x0000000020000d2b        0x1 CMakeFiles/3k_keypad.dir/home/sdk/pico-sdk/src/rp2_common/hardware_irq/irq.c.obj
 .bss.timer_callbacks_pending
                0x0000000020000d2c        0x1 CMakeFiles/3k_keypad.dir/home/sdk/pico-sdk/src/rp2_common/hardware_timer/timer.c.obj
 *(COMMON)
                0x0000000020000d30                . = ALIGN (0x4)
 *fill*         0x0000000020000d2d        0x3 
                0x0000000020000d30                __bss_end__ = .

.heap           0x0000000020000d30      0x800
                0x0000000020000d30                __end__ = .
                0x0000000020000d30                end = __end__
 *(.heap*)
 .heap          0x0000000020000d30      0x800 CMakeFiles/3k_keypad.dir/home/sdk/pico-sdk/src/rp2_common/pico_standard_link/crt0.S.obj
                0x0000000020001530                __HeapLimit = .

.stack1_dummy   0x0000000020040000      0x800
 *(.stack1*)
 .stack1        0x0000000020040000      0x800 CMakeFiles/3k_keypad.dir/home/sdk/pico-sdk/src/rp2_common/pico_multicore/multicore.c.obj

.stack_dummy    0x0000000020041000      0x800
 *(.stack*)
 .stack         0x0000000020041000      0x800 CMakeFiles/3k_keypad.dir/home/sdk/pico-sdk/src/rp2_common/pico_standard_link/crt0.S.obj

.flash_end      0x0000000010005074        0x0
                0x0000000010005074                __flash_binary_end = .
                0x0000000020040000                __StackLimit = (ORIGIN (RAM) + LENGTH (RAM))
                0x0000000020041000                __StackOneTop = (ORIGIN (SCRATCH_X) + LENGTH (SCRATCH_X))
                0x0000000020042000                __StackTop = (ORIGIN (SCRATCH_Y) + LENGTH (SCRATCH_Y))
                0x0000000020040800                __StackOneBottom = (__StackOneTop - SIZEOF (.stack1_dummy))
                0x0000000020041800                __StackBottom = (__StackTop - SIZEOF (.stack_dummy))
                0x0000000020042000                PROVIDE (__stack = __StackTop)
                0x0000000000000001                ASSERT ((__StackLimit >= __HeapLimit), region RAM overflowed)
                0x0000000000000001                ASSERT (((__binary_info_header_end - __logical_binary_start) <= 0x100), Binary info must be in first 256 bytes of the binary)
LOAD CMakeFiles/3k_keypad.dir/main.c.obj
LOAD CMakeFiles/3k_keypad.dir/usb_descriptors.c.obj
LOAD CMakeFiles/3k_keypad.dir/home/sdk/pico-sdk/src/rp2_common/pico_multicore/multicore.c.obj
LOAD CMakeFiles/3k_keypad.dir/home/sdk/pico-sdk/src/common/pico_sync/sem.c.obj
LOAD CMakeFiles/3k_keypad.dir/home/sdk/pico-sdk/src/common/pico_sync/lock_core.c.obj
LOAD CMakeFiles/3k_keypad.dir/home/sdk/pico-sdk/src/rp2_common/hardware_sync/sync.c.obj
LOAD CMakeFiles/3k_keypad.dir/home/sdk/pico-sdk/src/rp2_common/hardware_claim/claim.c.obj
LOAD CMakeFiles/3k_keypad.dir/home/sdk/pico-sdk/src/rp2_common/pico_platform/platform.c.obj
LOAD CMakeFiles/3k_keypad.dir/home/sdk/pico-sdk/src/common/pico_time/time.c.obj
LOAD CMakeFiles/3k_keypad.dir/home/sdk/pico-sdk/src/common/pico_time/timeout_helper.c.obj
LOAD CMakeFiles/3k_keypad.dir/home/sdk/pico-sdk/src/rp2_common/hardware_timer/timer.c.obj
LOAD CMakeFiles/3k_keypad.dir/home/sdk/pico-sdk/src/common/pico_util/datetime.c.obj
LOAD CMakeFiles/3k_keypad.dir/home/sdk/pico-sdk/src/common/pico_util/pheap.c.obj
LOAD CMakeFiles/3k_keypad.dir/home/sdk/pico-sdk/src/common/pico_util/queue.c.obj
LOAD CMakeFiles/3k_keypad.dir/home/sdk/pico-sdk/src/common/pico_sync/mutex.c.obj
LOAD CMakeFiles/3k_keypad.dir/home/sdk/pico-sdk/src/common/pico_sync/critical_section.c.obj
LOAD CMakeFiles/3k_keypad.dir/home/sdk/pico-sdk/src/rp2_common/hardware_irq/irq.c.obj
LOAD CMakeFiles/3k_keypad.dir/home/sdk/pico-sdk/src/rp2_common/hardware_irq/irq_handler_chain.S.obj
LOAD CMakeFiles/3k_keypad.dir/home/sdk/pico-sdk/src/rp2_common/pico_stdlib/stdlib.c.obj
LOAD CMakeFiles/3k_keypad.dir/home/sdk/pico-sdk/src/rp2_common/hardware_gpio/gpio.c.obj
LOAD CMakeFiles/3k_keypad.dir/home/sdk/pico-sdk/src/rp2_common/hardware_uart/uart.c.obj
LOAD CMakeFiles/3k_keypad.dir/home/sdk/pico-sdk/src/rp2_common/hardware_divider/divider.S.obj
LOAD CMakeFiles/3k_keypad.dir/home/sdk/pico-sdk/src/rp2_common/pico_runtime/runtime.c.obj
LOAD CMakeFiles/3k_keypad.dir/home/sdk/pico-sdk/src/rp2_common/hardware_clocks/clocks.c.obj
LOAD CMakeFiles/3k_keypad.dir/home/sdk/pico-sdk/src/rp2_common/hardware_pll/pll.c.obj
LOAD CMakeFiles/3k_keypad.dir/home/sdk/pico-sdk/src/rp2_common/hardware_vreg/vreg.c.obj
LOAD CMakeFiles/3k_keypad.dir/home/sdk/pico-sdk/src/rp2_common/hardware_watchdog/watchdog.c.obj
LOAD CMakeFiles/3k_keypad.dir/home/sdk/pico-sdk/src/rp2_common/hardware_xosc/xosc.c.obj
LOAD CMakeFiles/3k_keypad.dir/home/sdk/pico-sdk/src/rp2_common/pico_printf/printf.c.obj
LOAD CMakeFiles/3k_keypad.dir/home/sdk/pico-sdk/src/rp2_common/pico_bit_ops/bit_ops_aeabi.S.obj
LOAD CMakeFiles/3k_keypad.dir/home/sdk/pico-sdk/src/rp2_common/pico_bootrom/bootrom.c.obj
LOAD CMakeFiles/3k_keypad.dir/home/sdk/pico-sdk/src/rp2_common/pico_divider/divider.S.obj
LOAD CMakeFiles/3k_keypad.dir/home/sdk/pico-sdk/src/rp2_common/pico_double/double_aeabi.S.obj
LOAD CMakeFiles/3k_keypad.dir/home/sdk/pico-sdk/src/rp2_common/pico_double/double_init_rom.c.obj
LOAD CMakeFiles/3k_keypad.dir/home/sdk/pico-sdk/src/rp2_common/pico_double/double_math.c.obj
LOAD CMakeFiles/3k_keypad.dir/home/sdk/pico-sdk/src/rp2_common/pico_double/double_v1_rom_shim.S.obj
LOAD CMakeFiles/3k_keypad.dir/home/sdk/pico-sdk/src/rp2_common/pico_int64_ops/pico_int64_ops_aeabi.S.obj
LOAD CMakeFiles/3k_keypad.dir/home/sdk/pico-sdk/src/rp2_common/pico_float/float_aeabi.S.obj
LOAD CMakeFiles/3k_keypad.dir/home/sdk/pico-sdk/src/rp2_common/pico_float/float_init_rom.c.obj
LOAD CMakeFiles/3k_keypad.dir/home/sdk/pico-sdk/src/rp2_common/pico_float/float_math.c.obj
LOAD CMakeFiles/3k_keypad.dir/home/sdk/pico-sdk/src/rp2_common/pico_float/float_v1_rom_shim.S.obj
LOAD CMakeFiles/3k_keypad.dir/home/sdk/pico-sdk/src/rp2_common/pico_malloc/pico_malloc.c.obj
LOAD CMakeFiles/3k_keypad.dir/home/sdk/pico-sdk/src/rp2_common/pico_mem_ops/mem_ops_aeabi.S.obj
LOAD CMakeFiles/3k_keypad.dir/home/sdk/pico-sdk/src/rp2_common/pico_standard_link/crt0.S.obj
LOAD CMakeFiles/3k_keypad.dir/home/sdk/pico-sdk/src/rp2_common/pico_standard_link/new_delete.cpp.obj
LOAD CMakeFiles/3k_keypad.dir/home/sdk/pico-sdk/src/rp2_common/pico_standard_link/binary_info.c.obj
LOAD CMakeFiles/3k_keypad.dir/home/sdk/pico-sdk/src/rp2_common/pico_stdio/stdio.c.obj
LOAD CMakeFiles/3k_keypad.dir/home/sdk/pico-sdk/src/rp2_common/pico_stdio_uart/stdio_uart.c.obj
LOAD CMakeFiles/3k_keypad.dir/home/sdk/pico-sdk/src/rp2_common/hardware_pio/pio.c.obj
LOAD CMakeFiles/3k_keypad.dir/home/sdk/pico-sdk/src/rp2_common/hardware_dma/dma.c.obj
LOAD CMakeFiles/3k_keypad.dir/home/sdk/pico-sdk/lib/tinyusb/src/portable/raspberrypi/rp2040/dcd_rp2040.c.obj
LOAD CMakeFiles/3k_keypad.dir/home/sdk/pico-sdk/lib/tinyusb/src/portable/raspberrypi/rp2040/rp2040_usb.c.obj
LOAD CMakeFiles/3k_keypad.dir/home/sdk/pico-sdk/lib/tinyusb/src/device/usbd.c.obj
LOAD CMakeFiles/3k_keypad.dir/home/sdk/pico-sdk/lib/tinyusb/src/device/usbd_control.c.obj
LOAD CMakeFiles/3k_keypad.dir/home/sdk/pico-sdk/lib/tinyusb/src/class/audio/audio_device.c.obj
LOAD CMakeFiles/3k_keypad.dir/home/sdk/pico-sdk/lib/tinyusb/src/class/cdc/cdc_device.c.obj
LOAD CMakeFiles/3k_keypad.dir/home/sdk/pico-sdk/lib/tinyusb/src/class/dfu/dfu_device.c.obj
LOAD CMakeFiles/3k_keypad.dir/home/sdk/pico-sdk/lib/tinyusb/src/class/dfu/dfu_rt_device.c.obj
LOAD CMakeFiles/3k_keypad.dir/home/sdk/pico-sdk/lib/tinyusb/src/class/hid/hid_device.c.obj
LOAD CMakeFiles/3k_keypad.dir/home/sdk/pico-sdk/lib/tinyusb/src/class/midi/midi_device.c.obj
LOAD CMakeFiles/3k_keypad.dir/home/sdk/pico-sdk/lib/tinyusb/src/class/msc/msc_device.c.obj
LOAD CMakeFiles/3k_keypad.dir/home/sdk/pico-sdk/lib/tinyusb/src/class/net/ecm_rndis_device.c.obj
LOAD CMakeFiles/3k_keypad.dir/home/sdk/pico-sdk/lib/tinyusb/src/class/net/ncm_device.c.obj
LOAD CMakeFiles/3k_keypad.dir/home/sdk/pico-sdk/lib/tinyusb/src/class/usbtmc/usbtmc_device.c.obj
LOAD CMakeFiles/3k_keypad.dir/home/sdk/pico-sdk/lib/tinyusb/src/class/vendor/vendor_device.c.obj
LOAD CMakeFiles/3k_keypad.dir/home/sdk/pico-sdk/lib/tinyusb/src/class/video/video_device.c.obj
LOAD CMakeFiles/3k_keypad.dir/home/sdk/pico-sdk/lib/tinyusb/src/tusb.c.obj
LOAD CMakeFiles/3k_keypad.dir/home/sdk/pico-sdk/lib/tinyusb/src/common/tusb_fifo.c.obj
LOAD CMakeFiles/3k_keypad.dir/home/sdk/pico-sdk/src/rp2_common/pico_fix/rp2040_usb_device_enumeration/rp2040_usb_device_enumeration.c.obj
LOAD CMakeFiles/3k_keypad.dir/home/sdk/pico-sdk/lib/tinyusb/hw/bsp/rp2040/family.c.obj
LOAD /tmp/ccvO25Jd.o
LOAD /usr/lib/gcc/arm-none-eabi/10.3.1/../../../arm-none-eabi/lib/thumb/v6-m/nofp/libstdc++.a
LOAD /usr/lib/gcc/arm-none-eabi/10.3.1/../../../arm-none-eabi/lib/thumb/v6-m/nofp/libm.a
START GROUP
LOAD /usr/lib/gcc/arm-none-eabi/10.3.1/thumb/v6-m/nofp/libgcc.a
LOAD /usr/lib/gcc/arm-none-eabi/10.3.1/../../../arm-none-eabi/lib/thumb/v6-m/nofp/libc.a
END GROUP
START GROUP
LOAD /usr/lib/gcc/arm-none-eabi/10.3.1/thumb/v6-m/nofp/libgcc.a
LOAD /usr/lib/gcc/arm-none-eabi/10.3.1/../../../arm-none-eabi/lib/thumb/v6-m/nofp/libc.a
LOAD /usr/lib/gcc/arm-none-eabi/10.3.1/../../../arm-none-eabi/lib/thumb/v6-m/nofp/libnosys.a
END GROUP
LOAD /usr/lib/gcc/arm-none-eabi/10.3.1/thumb/v6-m/nofp/crtend.o
LOAD /usr/lib/gcc/arm-none-eabi/10.3.1/thumb/v6-m/nofp/crtn.o
OUTPUT(3k_keypad.elf elf32-littlearm)
LOAD linker stubs

.ARM.attributes
                0x0000000000000000       0x28
 .ARM.attributes
                0x0000000000000000       0x1e /usr/lib/gcc/arm-none-eabi/10.3.1/thumb/v6-m/nofp/crti.o
 .ARM.attributes
                0x000000000000001e       0x2c /usr/lib/gcc/arm-none-eabi/10.3.1/thumb/v6-m/nofp/crtbegin.o
 .ARM.attributes
                0x000000000000004a       0x2c CMakeFiles/3k_keypad.dir/main.c.obj
 .ARM.attributes
                0x0000000000000076       0x2c CMakeFiles/3k_keypad.dir/usb_descriptors.c.obj
 .ARM.attributes
                0x00000000000000a2       0x2c CMakeFiles/3k_keypad.dir/home/sdk/pico-sdk/src/rp2_common/pico_multicore/multicore.c.obj
 .ARM.attributes
                0x00000000000000ce       0x2c CMakeFiles/3k_keypad.dir/home/sdk/pico-sdk/src/common/pico_sync/lock_core.c.obj
 .ARM.attributes
                0x00000000000000fa       0x2c CMakeFiles/3k_keypad.dir/home/sdk/pico-sdk/src/rp2_common/hardware_sync/sync.c.obj
 .ARM.attributes
                0x0000000000000126       0x2c CMakeFiles/3k_keypad.dir/home/sdk/pico-sdk/src/rp2_common/hardware_claim/claim.c.obj
 .ARM.attributes
                0x0000000000000152       0x2c CMakeFiles/3k_keypad.dir/home/sdk/pico-sdk/src/rp2_common/pico_platform/platform.c.obj
 .ARM.attributes
                0x000000000000017e       0x2c CMakeFiles/3k_keypad.dir/home/sdk/pico-sdk/src/common/pico_time/time.c.obj
 .ARM.attributes
                0x00000000000001aa       0x2c CMakeFiles/3k_keypad.dir/home/sdk/pico-sdk/src/rp2_common/hardware_timer/timer.c.obj
 .ARM.attributes
                0x00000000000001d6       0x2c CMakeFiles/3k_keypad.dir/home/sdk/pico-sdk/src/common/pico_util/pheap.c.obj
 .ARM.attributes
                0x0000000000000202       0x2c CMakeFiles/3k_keypad.dir/home/sdk/pico-sdk/src/common/pico_sync/mutex.c.obj
 .ARM.attributes
                0x000000000000022e       0x2c CMakeFiles/3k_keypad.dir/home/sdk/pico-sdk/src/common/pico_sync/critical_section.c.obj
 .ARM.attributes
                0x000000000000025a       0x2c CMakeFiles/3k_keypad.dir/home/sdk/pico-sdk/src/rp2_common/hardware_irq/irq.c.obj
 .ARM.attributes
                0x0000000000000286       0x22 CMakeFiles/3k_keypad.dir/home/sdk/pico-sdk/src/rp2_common/hardware_irq/irq_handler_chain.S.obj
 .ARM.attributes
                0x00000000000002a8       0x2c CMakeFiles/3k_keypad.dir/home/sdk/pico-sdk/src/rp2_common/hardware_gpio/gpio.c.obj
 .ARM.attributes
                0x00000000000002d4       0x2c CMakeFiles/3k_keypad.dir/home/sdk/pico-sdk/src/rp2_common/hardware_uart/uart.c.obj
 .ARM.attributes
                0x0000000000000300       0x2c CMakeFiles/3k_keypad.dir/home/sdk/pico-sdk/src/rp2_common/pico_runtime/runtime.c.obj
 .ARM.attributes
                0x000000000000032c       0x2c CMakeFiles/3k_keypad.dir/home/sdk/pico-sdk/src/rp2_common/hardware_clocks/clocks.c.obj
 .ARM.attributes
                0x0000000000000358       0x2c CMakeFiles/3k_keypad.dir/home/sdk/pico-sdk/src/rp2_common/hardware_pll/pll.c.obj
 .ARM.attributes
                0x0000000000000384       0x2c CMakeFiles/3k_keypad.dir/home/sdk/pico-sdk/src/rp2_common/hardware_watchdog/watchdog.c.obj
 .ARM.attributes
                0x00000000000003b0       0x2c CMakeFiles/3k_keypad.dir/home/sdk/pico-sdk/src/rp2_common/hardware_xosc/xosc.c.obj
 .ARM.attributes
                0x00000000000003dc       0x2c CMakeFiles/3k_keypad.dir/home/sdk/pico-sdk/src/rp2_common/pico_printf/printf.c.obj
 .ARM.attributes
                0x0000000000000408       0x22 CMakeFiles/3k_keypad.dir/home/sdk/pico-sdk/src/rp2_common/pico_bit_ops/bit_ops_aeabi.S.obj
 .ARM.attributes
                0x000000000000042a       0x2c CMakeFiles/3k_keypad.dir/home/sdk/pico-sdk/src/rp2_common/pico_bootrom/bootrom.c.obj
 .ARM.attributes
                0x0000000000000456       0x22 CMakeFiles/3k_keypad.dir/home/sdk/pico-sdk/src/rp2_common/pico_divider/divider.S.obj
 .ARM.attributes
                0x0000000000000478       0x22 CMakeFiles/3k_keypad.dir/home/sdk/pico-sdk/src/rp2_common/pico_double/double_aeabi.S.obj
 .ARM.attributes
                0x000000000000049a       0x2c CMakeFiles/3k_keypad.dir/home/sdk/pico-sdk/src/rp2_common/pico_double/double_init_rom.c.obj
 .ARM.attributes
                0x00000000000004c6       0x22 CMakeFiles/3k_keypad.dir/home/sdk/pico-sdk/src/rp2_common/pico_double/double_v1_rom_shim.S.obj
 .ARM.attributes
                0x00000000000004e8       0x22 CMakeFiles/3k_keypad.dir/home/sdk/pico-sdk/src/rp2_common/pico_int64_ops/pico_int64_ops_aeabi.S.obj
 .ARM.attributes
                0x000000000000050a       0x22 CMakeFiles/3k_keypad.dir/home/sdk/pico-sdk/src/rp2_common/pico_float/float_aeabi.S.obj
 .ARM.attributes
                0x000000000000052c       0x2c CMakeFiles/3k_keypad.dir/home/sdk/pico-sdk/src/rp2_common/pico_float/float_init_rom.c.obj
 .ARM.attributes
                0x0000000000000558       0x22 CMakeFiles/3k_keypad.dir/home/sdk/pico-sdk/src/rp2_common/pico_float/float_v1_rom_shim.S.obj
 .ARM.attributes
                0x000000000000057a       0x2c CMakeFiles/3k_keypad.dir/home/sdk/pico-sdk/src/rp2_common/pico_malloc/pico_malloc.c.obj
 .ARM.attributes
                0x00000000000005a6       0x22 CMakeFiles/3k_keypad.dir/home/sdk/pico-sdk/src/rp2_common/pico_mem_ops/mem_ops_aeabi.S.obj
 .ARM.attributes
                0x00000000000005c8       0x22 CMakeFiles/3k_keypad.dir/home/sdk/pico-sdk/src/rp2_common/pico_standard_link/crt0.S.obj
 .ARM.attributes
                0x00000000000005ea       0x32 CMakeFiles/3k_keypad.dir/home/sdk/pico-sdk/src/rp2_common/pico_standard_link/binary_info.c.obj
 .ARM.attributes
                0x000000000000061c       0x2c CMakeFiles/3k_keypad.dir/home/sdk/pico-sdk/src/rp2_common/pico_stdio/stdio.c.obj
 .ARM.attributes
                0x0000000000000648       0x2c CMakeFiles/3k_keypad.dir/home/sdk/pico-sdk/src/rp2_common/pico_stdio_uart/stdio_uart.c.obj
 .ARM.attributes
                0x0000000000000674       0x2c CMakeFiles/3k_keypad.dir/home/sdk/pico-sdk/src/rp2_common/hardware_pio/pio.c.obj
 .ARM.attributes
                0x00000000000006a0       0x2c CMakeFiles/3k_keypad.dir/home/sdk/pico-sdk/lib/tinyusb/src/portable/raspberrypi/rp2040/dcd_rp2040.c.obj
 .ARM.attributes
                0x00000000000006cc       0x2c CMakeFiles/3k_keypad.dir/home/sdk/pico-sdk/lib/tinyusb/src/portable/raspberrypi/rp2040/rp2040_usb.c.obj
 .ARM.attributes
                0x00000000000006f8       0x2c CMakeFiles/3k_keypad.dir/home/sdk/pico-sdk/lib/tinyusb/src/device/usbd.c.obj
 .ARM.attributes
                0x0000000000000724       0x2c CMakeFiles/3k_keypad.dir/home/sdk/pico-sdk/lib/tinyusb/src/device/usbd_control.c.obj
 .ARM.attributes
                0x0000000000000750       0x2c CMakeFiles/3k_keypad.dir/home/sdk/pico-sdk/lib/tinyusb/src/class/hid/hid_device.c.obj
 .ARM.attributes
                0x000000000000077c       0x2c CMakeFiles/3k_keypad.dir/home/sdk/pico-sdk/lib/tinyusb/src/tusb.c.obj
 .ARM.attributes
                0x00000000000007a8       0x2c CMakeFiles/3k_keypad.dir/home/sdk/pico-sdk/lib/tinyusb/src/common/tusb_fifo.c.obj
 .ARM.attributes
                0x00000000000007d4       0x2c CMakeFiles/3k_keypad.dir/home/sdk/pico-sdk/lib/tinyusb/hw/bsp/rp2040/family.c.obj
 .ARM.attributes
                0x0000000000000800       0x22 /tmp/ccvO25Jd.o
 .ARM.attributes
                0x0000000000000822       0x1e /usr/lib/gcc/arm-none-eabi/10.3.1/thumb/v6-m/nofp/libgcc.a(_dvmd_tls.o)
 .ARM.attributes
                0x0000000000000840       0x2c /usr/lib/gcc/arm-none-eabi/10.3.1/../../../arm-none-eabi/lib/thumb/v6-m/nofp/libc.a(lib_a-strlen-stub.o)
 .ARM.attributes
                0x000000000000086c       0x2c /usr/lib/gcc/arm-none-eabi/10.3.1/thumb/v6-m/nofp/crtend.o

.comment        0x0000000000000000       0x33
 .comment       0x0000000000000000       0x33 /usr/lib/gcc/arm-none-eabi/10.3.1/thumb/v6-m/nofp/crtbegin.o
                                         0x34 (size before relaxing)
 .comment       0x0000000000000033       0x34 CMakeFiles/3k_keypad.dir/main.c.obj
 .comment       0x0000000000000033       0x34 CMakeFiles/3k_keypad.dir/usb_descriptors.c.obj
 .comment       0x0000000000000033       0x34 CMakeFiles/3k_keypad.dir/home/sdk/pico-sdk/src/rp2_common/pico_multicore/multicore.c.obj
 .comment       0x0000000000000033       0x34 CMakeFiles/3k_keypad.dir/home/sdk/pico-sdk/src/common/pico_sync/lock_core.c.obj
 .comment       0x0000000000000033       0x34 CMakeFiles/3k_keypad.dir/home/sdk/pico-sdk/src/rp2_common/hardware_sync/sync.c.obj
 .comment       0x0000000000000033       0x34 CMakeFiles/3k_keypad.dir/home/sdk/pico-sdk/src/rp2_common/hardware_claim/claim.c.obj
 .comment       0x0000000000000033       0x34 CMakeFiles/3k_keypad.dir/home/sdk/pico-sdk/src/rp2_common/pico_platform/platform.c.obj
 .comment       0x0000000000000033       0x34 CMakeFiles/3k_keypad.dir/home/sdk/pico-sdk/src/common/pico_time/time.c.obj
 .comment       0x0000000000000033       0x34 CMakeFiles/3k_keypad.dir/home/sdk/pico-sdk/src/rp2_common/hardware_timer/timer.c.obj
 .comment       0x0000000000000033       0x34 CMakeFiles/3k_keypad.dir/home/sdk/pico-sdk/src/common/pico_util/pheap.c.obj
 .comment       0x0000000000000033       0x34 CMakeFiles/3k_keypad.dir/home/sdk/pico-sdk/src/common/pico_sync/mutex.c.obj
 .comment       0x0000000000000033       0x34 CMakeFiles/3k_keypad.dir/home/sdk/pico-sdk/src/common/pico_sync/critical_section.c.obj
 .comment       0x0000000000000033       0x34 CMakeFiles/3k_keypad.dir/home/sdk/pico-sdk/src/rp2_common/hardware_irq/irq.c.obj
 .comment       0x0000000000000033       0x34 CMakeFiles/3k_keypad.dir/home/sdk/pico-sdk/src/rp2_common/hardware_gpio/gpio.c.obj
 .comment       0x0000000000000033       0x34 CMakeFiles/3k_keypad.dir/home/sdk/pico-sdk/src/rp2_common/hardware_uart/uart.c.obj
 .comment       0x0000000000000033       0x34 CMakeFiles/3k_keypad.dir/home/sdk/pico-sdk/src/rp2_common/pico_runtime/runtime.c.obj
 .comment       0x0000000000000033       0x34 CMakeFiles/3k_keypad.dir/home/sdk/pico-sdk/src/rp2_common/hardware_clocks/clocks.c.obj
 .comment       0x0000000000000033       0x34 CMakeFiles/3k_keypad.dir/home/sdk/pico-sdk/src/rp2_common/hardware_pll/pll.c.obj
 .comment       0x0000000000000033       0x34 CMakeFiles/3k_keypad.dir/home/sdk/pico-sdk/src/rp2_common/hardware_watchdog/watchdog.c.obj
 .comment       0x0000000000000033       0x34 CMakeFiles/3k_keypad.dir/home/sdk/pico-sdk/src/rp2_common/hardware_xosc/xosc.c.obj
 .comment       0x0000000000000033       0x34 CMakeFiles/3k_keypad.dir/home/sdk/pico-sdk/src/rp2_common/pico_printf/printf.c.obj
 .comment       0x0000000000000033       0x34 CMakeFiles/3k_keypad.dir/home/sdk/pico-sdk/src/rp2_common/pico_bootrom/bootrom.c.obj
 .comment       0x0000000000000033       0x34 CMakeFiles/3k_keypad.dir/home/sdk/pico-sdk/src/rp2_common/pico_double/double_init_rom.c.obj
 .comment       0x0000000000000033       0x34 CMakeFiles/3k_keypad.dir/home/sdk/pico-sdk/src/rp2_common/pico_float/float_init_rom.c.obj
 .comment       0x0000000000000033       0x34 CMakeFiles/3k_keypad.dir/home/sdk/pico-sdk/src/rp2_common/pico_malloc/pico_malloc.c.obj
 .comment       0x0000000000000033       0x34 CMakeFiles/3k_keypad.dir/home/sdk/pico-sdk/src/rp2_common/pico_standard_link/binary_info.c.obj
 .comment       0x0000000000000033       0x34 CMakeFiles/3k_keypad.dir/home/sdk/pico-sdk/src/rp2_common/pico_stdio/stdio.c.obj
 .comment       0x0000000000000033       0x34 CMakeFiles/3k_keypad.dir/home/sdk/pico-sdk/src/rp2_common/pico_stdio_uart/stdio_uart.c.obj
 .comment       0x0000000000000033       0x34 CMakeFiles/3k_keypad.dir/home/sdk/pico-sdk/src/rp2_common/hardware_pio/pio.c.obj
 .comment       0x0000000000000033       0x34 CMakeFiles/3k_keypad.dir/home/sdk/pico-sdk/lib/tinyusb/src/portable/raspberrypi/rp2040/dcd_rp2040.c.obj
 .comment       0x0000000000000033       0x34 CMakeFiles/3k_keypad.dir/home/sdk/pico-sdk/lib/tinyusb/src/portable/raspberrypi/rp2040/rp2040_usb.c.obj
 .comment       0x0000000000000033       0x34 CMakeFiles/3k_keypad.dir/home/sdk/pico-sdk/lib/tinyusb/src/device/usbd.c.obj
 .comment       0x0000000000000033       0x34 CMakeFiles/3k_keypad.dir/home/sdk/pico-sdk/lib/tinyusb/src/device/usbd_control.c.obj
 .comment       0x0000000000000033       0x34 CMakeFiles/3k_keypad.dir/home/sdk/pico-sdk/lib/tinyusb/src/class/hid/hid_device.c.obj
 .comment       0x0000000000000033       0x34 CMakeFiles/3k_keypad.dir/home/sdk/pico-sdk/lib/tinyusb/src/tusb.c.obj
 .comment       0x0000000000000033       0x34 CMakeFiles/3k_keypad.dir/home/sdk/pico-sdk/lib/tinyusb/src/common/tusb_fifo.c.obj
 .comment       0x0000000000000033       0x34 CMakeFiles/3k_keypad.dir/home/sdk/pico-sdk/lib/tinyusb/hw/bsp/rp2040/family.c.obj
 .comment       0x0000000000000033       0x34 /usr/lib/gcc/arm-none-eabi/10.3.1/../../../arm-none-eabi/lib/thumb/v6-m/nofp/libc.a(lib_a-strlen-stub.o)
 .comment       0x0000000000000033       0x34 /usr/lib/gcc/arm-none-eabi/10.3.1/thumb/v6-m/nofp/crtend.o

.debug_line     0x0000000000000000      0x1d2
 .debug_line    0x0000000000000000       0x60 /usr/lib/gcc/arm-none-eabi/10.3.1/thumb/v6-m/nofp/libgcc.a(_dvmd_tls.o)
 .debug_line    0x0000000000000060      0x172 /usr/lib/gcc/arm-none-eabi/10.3.1/../../../arm-none-eabi/lib/thumb/v6-m/nofp/libc.a(lib_a-strlen-stub.o)

.debug_info     0x0000000000000000      0x114
 .debug_info    0x0000000000000000       0x26 /usr/lib/gcc/arm-none-eabi/10.3.1/thumb/v6-m/nofp/libgcc.a(_dvmd_tls.o)
 .debug_info    0x0000000000000026       0xee /usr/lib/gcc/arm-none-eabi/10.3.1/../../../arm-none-eabi/lib/thumb/v6-m/nofp/libc.a(lib_a-strlen-stub.o)

.debug_abbrev   0x0000000000000000       0xa3
 .debug_abbrev  0x0000000000000000       0x14 /usr/lib/gcc/arm-none-eabi/10.3.1/thumb/v6-m/nofp/libgcc.a(_dvmd_tls.o)
 .debug_abbrev  0x0000000000000014       0x8f /usr/lib/gcc/arm-none-eabi/10.3.1/../../../arm-none-eabi/lib/thumb/v6-m/nofp/libc.a(lib_a-strlen-stub.o)

.debug_aranges  0x0000000000000000       0x40
 .debug_aranges
                0x0000000000000000       0x20 /usr/lib/gcc/arm-none-eabi/10.3.1/thumb/v6-m/nofp/libgcc.a(_dvmd_tls.o)
 .debug_aranges
                0x0000000000000020       0x20 /usr/lib/gcc/arm-none-eabi/10.3.1/../../../arm-none-eabi/lib/thumb/v6-m/nofp/libc.a(lib_a-strlen-stub.o)

.debug_str      0x0000000000000000      0x232
 .debug_str     0x0000000000000000       0xa6 /usr/lib/gcc/arm-none-eabi/10.3.1/thumb/v6-m/nofp/libgcc.a(_dvmd_tls.o)
 .debug_str     0x00000000000000a6      0x18c /usr/lib/gcc/arm-none-eabi/10.3.1/../../../arm-none-eabi/lib/thumb/v6-m/nofp/libc.a(lib_a-strlen-stub.o)
                                        0x1c5 (size before relaxing)

.debug_loc      0x0000000000000000       0x90
 .debug_loc     0x0000000000000000       0x90 /usr/lib/gcc/arm-none-eabi/10.3.1/../../../arm-none-eabi/lib/thumb/v6-m/nofp/libc.a(lib_a-strlen-stub.o)

.debug_frame    0x0000000000000000       0x28
 .debug_frame   0x0000000000000000       0x28 /usr/lib/gcc/arm-none-eabi/10.3.1/../../../arm-none-eabi/lib/thumb/v6-m/nofp/libc.a(lib_a-strlen-stub.o)
